Microchip MPLAB XC8 Compiler V2.32

Linker command line:

-W-3 --edf=E:\Microchip\XC8\pic\dat\en_msgs.txt -cn \
  -h+dist/default/production\Laboratorio2.production.sym \
  --cmf=dist/default/production\Laboratorio2.production.cmf -z -Q16F887 \
  -oC:\Users\diego\AppData\Local\Temp\xcAs8f0.4 --defsym=__MPLAB_BUILD=1 \
  -Mdist/default/production/Laboratorio2.production.map -E1 \
  -ver=XC8 Compiler --acfsm=1493 -ASTACK=0110h-016Fh -pstack=STACK \
  -ACODE=00h-07FFhx4 -ASTRCODE=00h-01FFFh -ASTRING=00h-0FFhx32 \
  -ACONST=00h-0FFhx32 -AENTRY=00h-0FFhx32 -ACOMMON=070h-07Fh \
  -ABANK0=020h-06Fh -ABANK1=0A0h-0EFh -ABANK2=0110h-016Fh \
  -ABANK3=0190h-01EFh -ARAM=020h-06Fh,0A0h-0EFh,0110h-016Fh,0190h-01EFh \
  -AABS1=020h-07Fh,0A0h-0EFh,0110h-016Fh,0190h-01EFh -ASFR0=00h-01Fh \
  -ASFR1=080h-09Fh -ASFR2=0100h-010Fh -ASFR3=0180h-018Fh \
  -ACONFIG=02007h-02008h -DCONFIG=2 -AIDLOC=02000h-02003h -DIDLOC=2 \
  -AEEDATA=00h-0FFh/02100h -peeprom_data=EEDATA -DEEDATA=2 -DCODE=2 \
  -DSTRCODE=2 -DSTRING=2 -DCONST=2 -DENTRY=2 \
  -preset_vec=00h,intentry=04h,init,end_init -ppowerup=CODE -pcinit=CODE \
  -pfunctab=ENTRY -k C:\Users\diego\AppData\Local\Temp\xcAs8f0.o \
  dist/default/production\Laboratorio2.production.o 

Object code version is 3.11

Machine type is 16F887



                Name                               Link     Load   Length Selector   Space Scale
C:\Users\diego\AppData\Local\Temp\xcAs8f0.o
                end_init                              C        C        3        8       0
                reset_vec                             0        0        3        0       0
                config                             2007     2007        2        0       4
dist/default/production\Laboratorio2.production.o
                cinit                                 F        F       14        8       0
                intentry                              4        4        8        8       0
                config                             2007     2007        2        0       4
                text15                              391      391       33        8       0
                text14                              485      485        6      892       0
                text13                              449      449       1A      892       0
                text12                              478      478        D      892       0
                text11                              2BE      2BE       4E        8       0
                text10                              266      266       58        8       0
                text9                               411      411       1D        8       0
                text8                               3C4      3C4       29        8       0
                text7                                23       23      100        8       0
                text6                               196      196       69        8       0
                text5                               463      463       15      892       0
                text4                               1FF      1FF       67        8       0
                text3                               3ED      3ED       24        8       0
                text2                               30C      30C       4C        8       0
                text1                               358      358       39        8       0
                maintext                            123      123       73        8       0
                cstackBANK0                          2B       2B        B       20       1
                cstackCOMMON                         70       70        8       70       1
                bssBANK0                             20       20        B       20       1
                bssCOMMON                            78       78        3       70       1
                strings                             42E      42E       1B      85C       0

TOTAL           Name                               Link     Load   Length     Space
        CLASS   STACK          

        CLASS   CODE           
                end_init                              C        C        3         0
                cinit                                 F        F       14         0
                intentry                              4        4        8         0
                reset_vec                             0        0        3         0
                text15                              391      391       33         0
                text14                              485      485        6         0
                text13                              449      449       1A         0
                text12                              478      478        D         0
                text11                              2BE      2BE       4E         0
                text10                              266      266       58         0
                text9                               411      411       1D         0
                text8                               3C4      3C4       29         0
                text7                                23       23      100         0
                text6                               196      196       69         0
                text5                               463      463       15         0
                text4                               1FF      1FF       67         0
                text3                               3ED      3ED       24         0
                text2                               30C      30C       4C         0
                text1                               358      358       39         0
                maintext                            123      123       73         0

        CLASS   STRCODE        

        CLASS   STRING         
                strings                             42E      42E       1B         0

        CLASS   CONST          

        CLASS   ENTRY          

        CLASS   COMMON         
                cstackCOMMON                         70       70        8         1
                bssCOMMON                            78       78        3         1

        CLASS   BANK0          
                cstackBANK0                          2B       2B        B         1
                bssBANK0                             20       20        B         1

        CLASS   BANK1          

        CLASS   BANK2          

        CLASS   BANK3          

        CLASS   RAM            

        CLASS   ABS1           
                abs_s1                               7E       7E        2         1

        CLASS   SFR0           

        CLASS   SFR1           

        CLASS   SFR2           

        CLASS   SFR3           

        CLASS   CONFIG         
                config                             2007     2007        2         4

        CLASS   IDLOC          

        CLASS   EEDATA         



SEGMENTS        Name                           Load    Length   Top    Selector   Space  Class     Delta

                reset_vec                      000000  000003  000003         0       0  CODE        2
                intentry                       000004  00042A  00042E         8       0  CODE        2
                bssBANK0                       000020  000016  000036        20       1  BANK0       1
                cstackCOMMON                   000070  00000B  00007B        70       1  COMMON      1
                strings                        00042E  00001B  000449       85C       0  STRING      2
                text13                         000449  000042  00048B       892       0  CODE        2


UNUSED ADDRESS RANGES

        Name                Unused          Largest block    Delta
        BANK0            0036-006F             3A           1
        BANK1            00A0-00EF             50           1
        BANK2            0110-016F             60           1
        BANK3            0190-01EF             60           1
        CODE             0003-0003              1           2
                         048B-1FFF            800
        COMMON           007B-007D              3           1
        CONST            0003-0003              1           2
                         048B-1FFF            100
        EEDATA           2100-21FF            100           2
        ENTRY            0003-0003              1           2
                         048B-1FFF            100
        IDLOC            2000-2003              4           2
        RAM              0036-006F             3A           1
                         00A0-00EF             50
                         0110-016F             60
                         0190-01EF             60
        SFR0             0000-001F             20           1
        SFR1             0080-009F             20           1
        SFR2             0100-010F             10           1
        SFR3             0180-018F             10           1
        STACK            0110-016F             60           1
        STRCODE          0003-0003              1           2
                         048B-1FFF           1B75
        STRING           0003-0003              1           2
                         048B-1FFF            100

                                  Symbol Table

?___awdiv                  cstackCOMMON 0073
Lcd_Cmd@a                  cstackCOMMON 0076
Lcd_Port@a                 cstackCOMMON 0073
Lcd_Set_Cursor@a           cstackBANK0  002D
Lcd_Set_Cursor@b           cstackCOMMON 0077
Lcd_Set_Cursor@temp        cstackBANK0  0030
Lcd_Set_Cursor@y           cstackBANK0  002F
Lcd_Set_Cursor@z           cstackBANK0  002E
Lcd_Write_Char@a           cstackCOMMON 0075
Lcd_Write_Char@temp        cstackCOMMON 0076
Lcd_Write_Char@y           cstackCOMMON 0077
Lcd_Write_String@a         cstackBANK0  002D
Lcd_Write_String@i         cstackBANK0  002B
_ADCON0bits                (abs)        001F
_ADCON1bits                (abs)        009F
_ADRESH                    (abs)        001E
_ANSEL                     (abs)        0188
_ANSELH                    (abs)        0189
_INTCON                    (abs)        000B
_INTCONbits                (abs)        000B
_IOCB                      (abs)        0096
_Lcd_Clear                 text12       0478
_Lcd_Cmd                   text13       0449
_Lcd_Init                  text11       02BE
_Lcd_Port                  text14       0485
_Lcd_Set_Cursor            text10       0266
_Lcd_Write_Char            text9        0411
_Lcd_Write_String          text8        03C4
_OPTION_REG                (abs)        0081
_OSCCONbits                (abs)        008F
_PIE1                      (abs)        008C
_PIE1bits                  (abs)        008C
_PIE2                      (abs)        008D
_PIR1                      (abs)        000C
_PIR1bits                  (abs)        000C
_PIR2                      (abs)        000D
_PORTA                     (abs)        0005
_PORTB                     (abs)        0006
_PORTC                     (abs)        0007
_PORTD                     (abs)        0008
_PORTE                     (abs)        0009
_RBIF                      (abs)        0058
_RE0                       (abs)        0048
_RE1                       (abs)        0049
_T0IF                      (abs)        005A
_T1CON                     (abs)        0010
_TMR0                      (abs)        0001
_TMR1H                     (abs)        000F
_TMR1IF                    (abs)        0060
_TMR1L                     (abs)        000E
_TRISA                     (abs)        0085
_TRISB                     (abs)        0086
_TRISC                     (abs)        0087
_TRISD                     (abs)        0088
_TRISE                     (abs)        0089
_WPUB                      (abs)        0095
__Habs1                    abs1         0000
__Hbank0                   bank0        0000
__Hbank1                   bank1        0000
__Hbank2                   bank2        0000
__Hbank3                   bank3        0000
__HbssBANK0                bssBANK0     0000
__HbssCOMMON               bssCOMMON    0000
__Hcinit                   cinit        0023
__Hclrtext                 clrtext      0000
__Hcode                    code         0000
__Hcommon                  common       0000
__Hconfig                  config       2009
__HcstackBANK0             cstackBANK0  0000
__HcstackCOMMON            cstackCOMMON 0000
__Heeprom_data             eeprom_data  0000
__Hend_init                end_init     000F
__Hfunctab                 functab      0000
__Hinit                    init         000C
__Hintentry                intentry     000C
__Hmaintext                maintext     0000
__Hpowerup                 powerup      0000
__Hram                     ram          0000
__Hreset_vec               reset_vec    0003
__Hsfr0                    sfr0         0000
__Hsfr1                    sfr1         0000
__Hsfr2                    sfr2         0000
__Hsfr3                    sfr3         0000
__Hspace_0                 (abs)        048B
__Hspace_1                 (abs)        007B
__Hspace_2                 (abs)        0000
__Hspace_3                 (abs)        0000
__Hspace_4                 (abs)        4010
__Hstack                   stack        0000
__Hstrings                 strings      0000
__Htext                    text         0000
__Labs1                    abs1         0000
__Lbank0                   bank0        0000
__Lbank1                   bank1        0000
__Lbank2                   bank2        0000
__Lbank3                   bank3        0000
__LbssBANK0                bssBANK0     0000
__LbssCOMMON               bssCOMMON    0000
__Lcinit                   cinit        000F
__Lclrtext                 clrtext      0000
__Lcode                    code         0000
__Lcommon                  common       0000
__Lconfig                  config       0000
__LcstackBANK0             cstackBANK0  0000
__LcstackCOMMON            cstackCOMMON 0000
__Leeprom_data             eeprom_data  0000
__Lend_init                end_init     000C
__Lfunctab                 functab      0000
__Linit                    init         000C
__Lintentry                intentry     0004
__Lmaintext                maintext     0000
__Lpowerup                 powerup      0000
__Lram                     ram          0000
__Lreset_vec               reset_vec    0000
__Lsfr0                    sfr0         0000
__Lsfr1                    sfr1         0000
__Lsfr2                    sfr2         0000
__Lsfr3                    sfr3         0000
__Lspace_0                 (abs)        0000
__Lspace_1                 (abs)        0000
__Lspace_2                 (abs)        0000
__Lspace_3                 (abs)        0000
__Lspace_4                 (abs)        0000
__Lstack                   stack        0000
__Lstrings                 strings      0000
__Ltext                    text         0000
__S0                       (abs)        048B
__S1                       (abs)        007B
__S2                       (abs)        0000
__S3                       (abs)        0000
___awdiv                   text6        0196
___awdiv@counter           cstackBANK0  002B
___awdiv@dividend          cstackCOMMON 0075
___awdiv@divisor           cstackCOMMON 0073
___awdiv@quotient          cstackBANK0  002D
___awdiv@sign              cstackBANK0  002C
___bmul                    text5        0463
___bmul@multiplicand       cstackCOMMON 0073
___bmul@multiplier         cstackCOMMON 0076
___bmul@product            cstackCOMMON 0075
___int_sp                  stack        0000
___latbits                 (abs)        0002
___sp                      stack        0000
___stackhi                 (abs)        0000
___stacklo                 (abs)        0000
__end_of_Lcd_Clear         text12       0485
__end_of_Lcd_Cmd           text13       0463
__end_of_Lcd_Init          text11       030C
__end_of_Lcd_Port          text14       048B
__end_of_Lcd_Set_Cursor    text10       02BE
__end_of_Lcd_Write_Char    text9        042E
__end_of_Lcd_Write_String  text8        03ED
__end_of___awdiv           text6        01FF
__end_of___bmul            text5        0478
__end_of__initialization   cinit        001F
__end_of__stringtab        strings      0434
__end_of_chselect          text7        0123
__end_of_decimal           text4        0266
__end_of_initAN            text3        0411
__end_of_initOsc           text2        0358
__end_of_isr               text15       03C4
__end_of_main              maintext     0196
__end_of_setup             text1        0391
__initialization           cinit        000F
__pbssBANK0                bssBANK0     0020
__pbssCOMMON               bssCOMMON    0078
__pcstackBANK0             cstackBANK0  002B
__pcstackCOMMON            cstackCOMMON 0070
__pintentry                intentry     0004
__pmaintext                maintext     0123
__pstrings                 strings      042E
__ptext1                   text1        0358
__ptext10                  text10       0266
__ptext11                  text11       02BE
__ptext12                  text12       0478
__ptext13                  text13       0449
__ptext14                  text14       0485
__ptext15                  text15       0391
__ptext2                   text2        030C
__ptext3                   text3        03ED
__ptext4                   text4        01FF
__ptext5                   text5        0463
__ptext6                   text6        0196
__ptext7                   text7        0023
__ptext8                   text8        03C4
__ptext9                   text9        0411
__size_of_Lcd_Clear        (abs)        0000
__size_of_Lcd_Cmd          (abs)        0000
__size_of_Lcd_Init         (abs)        0000
__size_of_Lcd_Port         (abs)        0000
__size_of_Lcd_Set_Cursor   (abs)        0000
__size_of_Lcd_Write_Char   (abs)        0000
__size_of_Lcd_Write_String (abs)        0000
__size_of___awdiv          (abs)        0000
__size_of___bmul           (abs)        0000
__size_of_chselect         (abs)        0000
__size_of_decimal          (abs)        0000
__size_of_initAN           (abs)        0000
__size_of_initOsc          (abs)        0000
__size_of_isr              (abs)        0000
__size_of_main             (abs)        0000
__size_of_setup            (abs)        0000
__stringbase               strings      0433
__stringtab                strings      042E
_centenas                  bssCOMMON    0078
_chselect                  text7        0023
_decenas                   bssCOMMON    0079
_decimal                   text4        01FF
_disp0                     bssBANK0     0023
_disp1                     bssBANK0     0022
_initAN                    text3        03ED
_initOsc                   text2        030C
_isr                       text15       0391
_main                      maintext     0123
_nibblehigh                bssBANK0     0020
_nibblelow                 bssBANK0     0021
_setup                     text1        0358
_unidades                  bssCOMMON    007A
_var0                      bssBANK0     0026
_var1                      bssBANK0     0025
btemp                      (abs)        007E
chselect@cant              cstackCOMMON 0076
decimal@valor              cstackBANK0  0033
decimal@variable           cstackBANK0  0032
end_of_initialization      cinit        001F
initAN@bin                 cstackCOMMON 0075
initAN@just                cstackCOMMON 0073
initOsc@frec               cstackCOMMON 0075
interrupt_function         intentry     0004
intlevel0                  functab      0000
intlevel1                  functab      0000
intlevel2                  functab      0000
intlevel3                  functab      0000
intlevel4                  functab      0000
intlevel5                  functab      0000
reset_vec                  reset_vec    0000
saved_w                    (abs)        007E
start                      init         000C
start_initialization       cinit        000F
wtemp0                     (abs)        007E


MODULE INFORMATION

Module		Function		Class		Link	Load	Size
MainL2.c
		_decimal       		CODE           	01FF	0000	103
		_main          		CODE           	0123	0000	115
		_isr           		CODE           	0391	0000	51
		_setup         		CODE           	0358	0000	57

MainL2.c estimated size: 326

E:\Microchip\XC8\pic\sources\c90\common\awdiv.c
		___awdiv       		CODE           	0196	0000	105

E:\Microchip\XC8\pic\sources\c90\common\awdiv.c estimated size: 105

shared
		__stringtab    		STRING         	042E	0000	6
		__initialization		CODE           	000F	0000	16

shared estimated size: 22

E:\Microchip\XC8\pic\sources\c90\common\Umul8.c
		___bmul        		CODE           	0463	0000	21

E:\Microchip\XC8\pic\sources\c90\common\Umul8.c estimated size: 21

./my_lib.h
		_initAN        		CODE           	03ED	0000	36
		_initOsc       		CODE           	030C	0000	76
		_chselect      		CODE           	0023	0000	256

./my_lib.h estimated size: 368

LCD.c
		_Lcd_Write_String		CODE           	03C4	0000	41
		_Lcd_Init      		CODE           	02BE	0000	78
		_Lcd_Write_Char		CODE           	0411	0000	29
		_Lcd_Cmd       		CODE           	0449	0000	26
		_Lcd_Set_Cursor		CODE           	0266	0000	88
		_Lcd_Clear     		CODE           	0478	0000	13
		_Lcd_Port      		CODE           	0485	0000	6

LCD.c estimated size: 281

