Microchip MPLAB XC8 Compiler V2.32

Linker command line:

-W-3 --edf=E:\Microchip\XC8\pic\dat\en_msgs.txt -cn \
  -h+dist/default/production\Laboratorio2.production.sym \
  --cmf=dist/default/production\Laboratorio2.production.cmf -z -Q16F887 \
  -oC:\Users\diego\AppData\Local\Temp\xcAs8s8.4 --defsym=__MPLAB_BUILD=1 \
  -Mdist/default/production/Laboratorio2.production.map -E1 \
  -ver=XC8 Compiler --acfsm=1493 -ASTACK=0110h-016Fh -pstack=STACK \
  -ACODE=00h-07FFhx4 -ASTRCODE=00h-01FFFh -ASTRING=00h-0FFhx32 \
  -ACONST=00h-0FFhx32 -AENTRY=00h-0FFhx32 -ACOMMON=070h-07Fh \
  -ABANK0=020h-06Fh -ABANK1=0A0h-0EFh -ABANK2=0110h-016Fh \
  -ABANK3=0190h-01EFh -ARAM=020h-06Fh,0A0h-0EFh,0110h-016Fh,0190h-01EFh \
  -AABS1=020h-07Fh,0A0h-0EFh,0110h-016Fh,0190h-01EFh -ASFR0=00h-01Fh \
  -ASFR1=080h-09Fh -ASFR2=0100h-010Fh -ASFR3=0180h-018Fh \
  -ACONFIG=02007h-02008h -DCONFIG=2 -AIDLOC=02000h-02003h -DIDLOC=2 \
  -AEEDATA=00h-0FFh/02100h -peeprom_data=EEDATA -DEEDATA=2 -DCODE=2 \
  -DSTRCODE=2 -DSTRING=2 -DCONST=2 -DENTRY=2 \
  -preset_vec=00h,intentry=04h,init,end_init -ppowerup=CODE -pcinit=CODE \
  -pfunctab=ENTRY -k C:\Users\diego\AppData\Local\Temp\xcAs8s8.o \
  dist/default/production\Laboratorio2.production.o 

Object code version is 3.11

Machine type is 16F887



                Name                               Link     Load   Length Selector   Space Scale
C:\Users\diego\AppData\Local\Temp\xcAs8s8.o
                end_init                              C        C        3        8       0
                reset_vec                             0        0        3        0       0
                config                             2007     2007        2        0       4
dist/default/production\Laboratorio2.production.o
                cinit                                 F        F       22        8       0
                intentry                              4        4        8        8       0
                config                             2007     2007        2        0       4
                text22                              9C3      9C3       4A     1386       0
                text21                             17ED     17ED        6     2FDA       0
                text20                              833      833       1A     1066       0
                text19                             17F3     17F3        D     2FE6       0
                text18                              A59      A59       4E     14B2       0
                text17                              AA7      AA7       58     154E       0
                text16                              84D      84D       1D     109A       0
                text15                              8D2      8D2       29     11A4       0
                text14                              C37      C37      100     186E       0
                text13                              622      622      1DD        8       0
                text12                              8FB      8FB       29     11F6       0
                text11                               31       31      361        8       0
                text10                              392      392      290        8       0
                text9                               88A      88A       24     1114       0
                text8                               AFF      AFF       7C     15FE       0
                text7                               924      924       2B     1248       0
                text6                               B7B      B7B       BC     16F6       0
                text5                               D37      D37      151     1A6E       0
                text4                               8AE      8AE       24     115C       0
                text3                               86A      86A       20     10D4       0
                text2                               A0D      A0D       4C     141A       0
                text1                               981      981       42     1302       0
                maintext                            E88      E88      178     1D10       0
                cstackBANK0                          20       20       36       20       1
                cstackCOMMON                         70       70        8       70       1
                inittext                            820      820       13     1040       0
                dataBANK1                            A0       A0       32       A0       1
                bssBANK0                             56       56        D       20       1
                bssCOMMON                            78       78        3       70       1
                strings                             800      800       1C     1000       0
                idataBANK1                          94F      94F       32     129E       0

TOTAL           Name                               Link     Load   Length     Space
        CLASS   STACK          

        CLASS   CODE           
                end_init                              C        C        3         0
                cinit                                 F        F       22         0
                intentry                              4        4        8         0
                reset_vec                             0        0        3         0
                text22                              9C3      9C3       4A         0
                text21                             17ED     17ED        6         0
                text20                              833      833       1A         0
                text19                             17F3     17F3        D         0
                text18                              A59      A59       4E         0
                text17                              AA7      AA7       58         0
                text16                              84D      84D       1D         0
                text15                              8D2      8D2       29         0
                text14                              C37      C37      100         0
                text13                              622      622      1DD         0
                text12                              8FB      8FB       29         0
                text11                               31       31      361         0
                text10                              392      392      290         0
                text9                               88A      88A       24         0
                text8                               AFF      AFF       7C         0
                text7                               924      924       2B         0
                text6                               B7B      B7B       BC         0
                text5                               D37      D37      151         0
                text4                               8AE      8AE       24         0
                text3                               86A      86A       20         0
                text2                               A0D      A0D       4C         0
                text1                               981      981       42         0
                maintext                            E88      E88      178         0
                inittext                            820      820       13         0
                idataBANK1                          94F      94F       32         0

        CLASS   STRCODE        

        CLASS   STRING         
                strings                             800      800       1C         0

        CLASS   CONST          

        CLASS   ENTRY          

        CLASS   COMMON         
                cstackCOMMON                         70       70        8         1
                bssCOMMON                            78       78        3         1

        CLASS   BANK0          
                cstackBANK0                          20       20       36         1
                bssBANK0                             56       56        D         1

        CLASS   BANK1          
                dataBANK1                            A0       A0       32         1

        CLASS   BANK2          

        CLASS   BANK3          

        CLASS   RAM            

        CLASS   ABS1           
                abs_s1                               7E       7E        2         1

        CLASS   SFR0           

        CLASS   SFR1           

        CLASS   SFR2           

        CLASS   SFR3           

        CLASS   CONFIG         
                config                             2007     2007        2         4

        CLASS   IDLOC          

        CLASS   EEDATA         



SEGMENTS        Name                           Load    Length   Top    Selector   Space  Class     Delta

                reset_vec                      000000  000003  000003         0       0  CODE        2
                intentry                       000004  0007FB  0007FF         8       0  CODE        2
                cstackBANK0                    000020  000043  000063        20       1  BANK0       1
                cstackCOMMON                   000070  00000B  00007B        70       1  COMMON      1
                dataBANK1                      0000A0  000032  0000D2        A0       1  BANK1       1
                strings                        000800  00001C  00081C      1000       0  STRING      2
                inittext                       000820  000013  000833      1040       0  CODE        2
                text20                         000833  00001A  00084D      1066       0  CODE        2
                text16                         00084D  00001D  00086A      109A       0  CODE        2
                text3                          00086A  000020  00088A      10D4       0  CODE        2
                text9                          00088A  000024  0008AE      1114       0  CODE        2
                text4                          0008AE  000024  0008D2      115C       0  CODE        2
                text15                         0008D2  000029  0008FB      11A4       0  CODE        2
                text12                         0008FB  000029  000924      11F6       0  CODE        2
                text7                          000924  00002B  00094F      1248       0  CODE        2
                idataBANK1                     00094F  000032  000981      129E       0  CODE        2
                text1                          000981  000042  0009C3      1302       0  CODE        2
                text22                         0009C3  00004A  000A0D      1386       0  CODE        2
                text2                          000A0D  00004C  000A59      141A       0  CODE        2
                text18                         000A59  00004E  000AA7      14B2       0  CODE        2
                text17                         000AA7  000058  000AFF      154E       0  CODE        2
                text8                          000AFF  00007C  000B7B      15FE       0  CODE        2
                text6                          000B7B  0000BC  000C37      16F6       0  CODE        2
                text14                         000C37  000100  000D37      186E       0  CODE        2
                text5                          000D37  000151  000E88      1A6E       0  CODE        2
                maintext                       000E88  000178  001000      1D10       0  CODE        2
                text21                         0017ED  000006  0017F3      2FDA       0  CODE        2
                text19                         0017F3  00000D  001800      2FE6       0  CODE        2


UNUSED ADDRESS RANGES

        Name                Unused          Largest block    Delta
        BANK0            0063-006F              D           1
        BANK1            00D2-00EF             1E           1
        BANK2            0110-016F             60           1
        BANK3            0190-01EF             60           1
        CODE             0003-0003              1           2
                         07FF-07FF              1
                         081C-081F              4
                         1000-17EC            7ED
                         1800-1FFF            800
        COMMON           007B-007D              3           1
        CONST            0003-0003              1           2
                         07FF-07FF              1
                         081C-081F              4
                         1000-17EC            100
                         1800-1FFF            100
        EEDATA           2100-21FF            100           2
        ENTRY            0003-0003              1           2
                         07FF-07FF              1
                         081C-081F              4
                         1000-17EC            100
                         1800-1FFF            100
        IDLOC            2000-2003              4           2
        RAM              0063-006F              D           1
                         00D2-00EF             1E
                         0110-016F             60
                         0190-01EF             60
        SFR0             0000-001F             20           1
        SFR1             0080-009F             20           1
        SFR2             0100-010F             10           1
        SFR3             0180-018F             10           1
        STACK            0110-016F             60           1
        STRCODE          0003-0003              1           2
                         07FF-07FF              1
                         081C-081F              4
                         1000-17EC            7ED
                         1800-1FFF            800
        STRING           0003-0003              1           2
                         07FF-07FF              1
                         081C-081F              4
                         1000-17EC            100
                         1800-1FFF            100

                                  Symbol Table

?__Umul8_16                cstackCOMMON 0073
?___fladd                  cstackBANK0  0020
?___fldiv                  cstackBANK0  0020
?___flmul                  cstackBANK0  0035
?___flsub                  cstackBANK0  0030
?___fltol                  cstackBANK0  0035
?___wmul                   cstackCOMMON 0073
?___xxtofl                 cstackBANK0  0022
Lcd_Cmd@a                  cstackCOMMON 0076
Lcd_Port@a                 cstackCOMMON 0073
Lcd_Set_Cursor@a           cstackBANK0  0022
Lcd_Set_Cursor@b           cstackCOMMON 0077
Lcd_Set_Cursor@temp        cstackBANK0  0025
Lcd_Set_Cursor@y           cstackBANK0  0024
Lcd_Set_Cursor@z           cstackBANK0  0023
Lcd_Write_Char@a           cstackCOMMON 0075
Lcd_Write_Char@temp        cstackCOMMON 0076
Lcd_Write_Char@y           cstackCOMMON 0077
Lcd_Write_String@a         cstackBANK0  0022
Lcd_Write_String@i         cstackBANK0  0020
_ADCON0bits                (abs)        001F
_ADCON1bits                (abs)        009F
_ADRESH                    (abs)        001E
_ANSEL                     (abs)        0188
_ANSELH                    (abs)        0189
_BAUDCTLbits               (abs)        0187
_INTCON                    (abs)        000B
_INTCONbits                (abs)        000B
_IOCB                      (abs)        0096
_Lcd_Clear                 text19       17F3
_Lcd_Cmd                   text20       0833
_Lcd_Init                  text18       0A59
_Lcd_Port                  text21       17ED
_Lcd_Set_Cursor            text17       0AA7
_Lcd_Write_Char            text16       084D
_Lcd_Write_String          text15       08D2
_OPTION_REG                (abs)        0081
_OSCCONbits                (abs)        008F
_PIE1                      (abs)        008C
_PIE1bits                  (abs)        008C
_PIE2                      (abs)        008D
_PIR1                      (abs)        000C
_PIR1bits                  (abs)        000C
_PIR2                      (abs)        000D
_PORTA                     (abs)        0005
_PORTB                     (abs)        0006
_PORTC                     (abs)        0007
_PORTD                     (abs)        0008
_PORTE                     (abs)        0009
_RBIF                      (abs)        0058
_RCREG                     (abs)        001A
_RCSTAbits                 (abs)        0018
_RE0                       (abs)        0048
_RE1                       (abs)        0049
_RXREC                     bssBANK0     005F
_SPBRG                     (abs)        0099
_SPBRGH                    (abs)        009A
_T0IF                      (abs)        005A
_T1CON                     (abs)        0010
_TMR1H                     (abs)        000F
_TMR1IF                    (abs)        0060
_TMR1L                     (abs)        000E
_TRISA                     (abs)        0085
_TRISB                     (abs)        0086
_TRISC                     (abs)        0087
_TRISD                     (abs)        0088
_TRISE                     (abs)        0089
_TXIF                      (abs)        0064
_TXREG                     (abs)        0019
_TXSTAbits                 (abs)        0098
_WPUB                      (abs)        0095
__Habs1                    abs1         0000
__Hbank0                   bank0        0000
__Hbank1                   bank1        0000
__Hbank2                   bank2        0000
__Hbank3                   bank3        0000
__HbssBANK0                bssBANK0     0000
__HbssCOMMON               bssCOMMON    0000
__Hcinit                   cinit        0031
__Hclrtext                 clrtext      0000
__Hcode                    code         0000
__Hcommon                  common       0000
__Hconfig                  config       2009
__HcstackBANK0             cstackBANK0  0000
__HcstackCOMMON            cstackCOMMON 0000
__HdataBANK1               dataBANK1    0000
__Heeprom_data             eeprom_data  0000
__Hend_init                end_init     000F
__Hfunctab                 functab      0000
__HidataBANK1              idataBANK1   0000
__Hinit                    init         000C
__Hinittext                inittext     0000
__Hintentry                intentry     000C
__Hmaintext                maintext     0000
__Hpowerup                 powerup      0000
__Hram                     ram          0000
__Hreset_vec               reset_vec    0003
__Hsfr0                    sfr0         0000
__Hsfr1                    sfr1         0000
__Hsfr2                    sfr2         0000
__Hsfr3                    sfr3         0000
__Hspace_0                 (abs)        1800
__Hspace_1                 (abs)        00D2
__Hspace_2                 (abs)        0000
__Hspace_3                 (abs)        0000
__Hspace_4                 (abs)        4010
__Hstack                   stack        0000
__Hstrings                 strings      0000
__Htext                    text         0000
__Labs1                    abs1         0000
__Lbank0                   bank0        0000
__Lbank1                   bank1        0000
__Lbank2                   bank2        0000
__Lbank3                   bank3        0000
__LbssBANK0                bssBANK0     0000
__LbssCOMMON               bssCOMMON    0000
__Lcinit                   cinit        000F
__Lclrtext                 clrtext      0000
__Lcode                    code         0000
__Lcommon                  common       0000
__Lconfig                  config       0000
__LcstackBANK0             cstackBANK0  0000
__LcstackCOMMON            cstackCOMMON 0000
__LdataBANK1               dataBANK1    0000
__Leeprom_data             eeprom_data  0000
__Lend_init                end_init     000C
__Lfunctab                 functab      0000
__LidataBANK1              idataBANK1   0000
__Linit                    init         000C
__Linittext                inittext     0000
__Lintentry                intentry     0004
__Lmaintext                maintext     0000
__Lpowerup                 powerup      0000
__Lram                     ram          0000
__Lreset_vec               reset_vec    0000
__Lsfr0                    sfr0         0000
__Lsfr1                    sfr1         0000
__Lsfr2                    sfr2         0000
__Lsfr3                    sfr3         0000
__Lspace_0                 (abs)        0000
__Lspace_1                 (abs)        0000
__Lspace_2                 (abs)        0000
__Lspace_3                 (abs)        0000
__Lspace_4                 (abs)        0000
__Lstack                   stack        0000
__Lstrings                 strings      0000
__Ltext                    text         0000
__S0                       (abs)        1800
__S1                       (abs)        00D2
__S2                       (abs)        0000
__S3                       (abs)        0000
__Umul8_16                 text12       08FB
__Umul8_16@multiplicand    cstackCOMMON 0073
__Umul8_16@multiplier      cstackBANK0  0024
__Umul8_16@product         cstackBANK0  0020
__Umul8_16@word_mpld       cstackBANK0  0022
___fladd                   text10       0392
___fladd@a                 cstackBANK0  0024
___fladd@aexp              cstackCOMMON 0074
___fladd@b                 cstackBANK0  0020
___fladd@bexp              cstackCOMMON 0075
___fladd@grs               cstackCOMMON 0076
___fladd@signs             cstackCOMMON 0073
___fldiv                   text13       0622
___fldiv@a                 cstackBANK0  0020
___fldiv@aexp              cstackBANK0  0034
___fldiv@b                 cstackBANK0  0024
___fldiv@bexp              cstackBANK0  0033
___fldiv@grs               cstackBANK0  002F
___fldiv@new_exp           cstackBANK0  002D
___fldiv@rem               cstackBANK0  0028
___fldiv@sign              cstackBANK0  002C
___flmul                   text11       0031
___flmul@a                 cstackBANK0  0039
___flmul@aexp              cstackBANK0  0047
___flmul@b                 cstackBANK0  0035
___flmul@bexp              cstackBANK0  0048
___flmul@grs               cstackBANK0  0043
___flmul@prod              cstackBANK0  0049
___flmul@sign              cstackBANK0  0042
___flmul@temp              cstackBANK0  004D
___flsub                   text9        088A
___flsub@a                 cstackBANK0  0030
___flsub@b                 cstackBANK0  0034
___fltol                   text8        0AFF
___fltol@exp1              cstackBANK0  003F
___fltol@f1                cstackBANK0  0035
___fltol@sign1             cstackBANK0  003E
___int_sp                  stack        0000
___latbits                 (abs)        0002
___sp                      stack        0000
___stackhi                 (abs)        0000
___stacklo                 (abs)        0000
___wmul                    text7        0924
___wmul@multiplicand       cstackCOMMON 0075
___wmul@multiplier         cstackCOMMON 0073
___wmul@product            cstackBANK0  0020
___xxtofl                  text6        0B7B
___xxtofl@arg              cstackBANK0  002C
___xxtofl@exp              cstackBANK0  002B
___xxtofl@sign             cstackBANK0  002A
___xxtofl@val              cstackBANK0  0022
__end_of_Lcd_Clear         text19       1800
__end_of_Lcd_Cmd           text20       084D
__end_of_Lcd_Init          text18       0AA7
__end_of_Lcd_Port          text21       17F3
__end_of_Lcd_Set_Cursor    text17       0AFF
__end_of_Lcd_Write_Char    text16       086A
__end_of_Lcd_Write_String  text15       08FB
__end_of__Umul8_16         text12       0924
__end_of___fladd           text10       0622
__end_of___fldiv           text13       07FF
__end_of___flmul           text11       0392
__end_of___flsub           text9        08AE
__end_of___fltol           text8        0B7B
__end_of___wmul            text7        094F
__end_of___xxtofl          text6        0C37
__end_of__initialization   cinit        002D
__end_of__stringtab        strings      0806
__end_of_chselect          text14       0D37
__end_of_decimal           text5        0E88
__end_of_initAN            text4        08D2
__end_of_initEUSART        text3        088A
__end_of_initOsc           text2        0A59
__end_of_isr               text22       0A0D
__end_of_main              maintext     1000
__end_of_setup             text1        09C3
__initialization           cinit        000F
__pbssBANK0                bssBANK0     0056
__pbssCOMMON               bssCOMMON    0078
__pcstackBANK0             cstackBANK0  0020
__pcstackCOMMON            cstackCOMMON 0070
__pdataBANK1               dataBANK1    00A0
__pidataBANK1              idataBANK1   094F
__pintentry                intentry     0004
__pmaintext                maintext     0E88
__pstrings                 strings      0800
__ptext1                   text1        0981
__ptext10                  text10       0392
__ptext11                  text11       0031
__ptext12                  text12       08FB
__ptext13                  text13       0622
__ptext14                  text14       0C37
__ptext15                  text15       08D2
__ptext16                  text16       084D
__ptext17                  text17       0AA7
__ptext18                  text18       0A59
__ptext19                  text19       17F3
__ptext2                   text2        0A0D
__ptext20                  text20       0833
__ptext21                  text21       17ED
__ptext22                  text22       09C3
__ptext3                   text3        086A
__ptext4                   text4        08AE
__ptext5                   text5        0D37
__ptext6                   text6        0B7B
__ptext7                   text7        0924
__ptext8                   text8        0AFF
__ptext9                   text9        088A
__size_of_Lcd_Clear        (abs)        0000
__size_of_Lcd_Cmd          (abs)        0000
__size_of_Lcd_Init         (abs)        0000
__size_of_Lcd_Port         (abs)        0000
__size_of_Lcd_Set_Cursor   (abs)        0000
__size_of_Lcd_Write_Char   (abs)        0000
__size_of_Lcd_Write_String (abs)        0000
__size_of__Umul8_16        (abs)        0000
__size_of___fladd          (abs)        0000
__size_of___fldiv          (abs)        0000
__size_of___flmul          (abs)        0000
__size_of___flsub          (abs)        0000
__size_of___fltol          (abs)        0000
__size_of___wmul           (abs)        0000
__size_of___xxtofl         (abs)        0000
__size_of_chselect         (abs)        0000
__size_of_decimal          (abs)        0000
__size_of_initAN           (abs)        0000
__size_of_initEUSART       (abs)        0000
__size_of_initOsc          (abs)        0000
__size_of_isr              (abs)        0000
__size_of_main             (abs)        0000
__size_of_setup            (abs)        0000
__stringbase               strings      0805
__stringtab                strings      0800
_centenas                  bssCOMMON    0078
_chselect                  text14       0C37
_contador                  bssBANK0     005C
_decenas                   bssCOMMON    0079
_decimal                   text5        0D37
_initAN                    text4        08AE
_initEUSART                text3        086A
_initOsc                   text2        0A0D
_isr                       text22       09C3
_main                      maintext     0E88
_setup                     text1        0981
_str                       dataBANK1    00A0
_unidades                  bssCOMMON    007A
_valor                     bssBANK0     0056
_var0                      bssBANK0     005E
_var1                      bssBANK0     005D
_varUART                   bssBANK0     005A
btemp                      (abs)        007E
chselect@cant              cstackCOMMON 0076
decimal@variable           cstackBANK0  0053
end_of_initialization      cinit        002D
initAN@bin                 cstackCOMMON 0075
initAN@just                cstackCOMMON 0073
initEUSART@rx              cstackCOMMON 0073
initEUSART@tx              cstackCOMMON 0074
initOsc@frec               cstackCOMMON 0075
init_fetch0                inittext     0820
init_ram0                  inittext     0824
interrupt_function         intentry     0004
intlevel0                  functab      0000
intlevel1                  functab      0000
intlevel2                  functab      0000
intlevel3                  functab      0000
intlevel4                  functab      0000
intlevel5                  functab      0000
reset_vec                  reset_vec    0000
saved_w                    (abs)        007E
start                      init         000C
start_initialization       cinit        000F
wtemp0                     (abs)        007E


MODULE INFORMATION

Module		Function		Class		Link	Load	Size
MainL2.c
		_decimal       		CODE           	0D37	0000	337
		_main          		CODE           	0E88	0000	376
		_isr           		CODE           	09C3	0000	74
		_setup         		CODE           	0981	0000	66

MainL2.c estimated size: 853

E:\Microchip\XC8\pic\sources\c90\common\xxtofl.c
		___xxtofl      		CODE           	0B7B	0000	188

E:\Microchip\XC8\pic\sources\c90\common\xxtofl.c estimated size: 188

E:\Microchip\XC8\pic\sources\c90\common\sprcadd.c
		___flsub       		CODE           	088A	0000	36
		___fladd       		CODE           	0392	0000	656

E:\Microchip\XC8\pic\sources\c90\common\sprcadd.c estimated size: 692

E:\Microchip\XC8\pic\sources\c90\common\Umul16.c
		___wmul        		CODE           	0924	0000	43

E:\Microchip\XC8\pic\sources\c90\common\Umul16.c estimated size: 43

E:\Microchip\XC8\pic\sources\c90\common\Umul8_16.c
		__Umul8_16     		CODE           	08FB	0000	41

E:\Microchip\XC8\pic\sources\c90\common\Umul8_16.c estimated size: 41

E:\Microchip\XC8\pic\sources\c90\common\fltol.c
		___fltol       		CODE           	0AFF	0000	124

E:\Microchip\XC8\pic\sources\c90\common\fltol.c estimated size: 124

shared
		__stringtab    		STRING         	0800	0000	6
		__initialization		CODE           	000F	0000	30

shared estimated size: 36

E:\Microchip\XC8\pic\sources\c90\common\sprcmul.c
		___flmul       		CODE           	0031	0000	865

E:\Microchip\XC8\pic\sources\c90\common\sprcmul.c estimated size: 865

E:\Microchip\XC8\pic\sources\c90\common\sprcdiv.c
		___fldiv       		CODE           	0622	0000	477

E:\Microchip\XC8\pic\sources\c90\common\sprcdiv.c estimated size: 477

./my_lib.h
		_initAN        		CODE           	08AE	0000	36
		_initEUSART    		CODE           	086A	0000	32
		_initOsc       		CODE           	0A0D	0000	76
		_chselect      		CODE           	0C37	0000	256

./my_lib.h estimated size: 400

LCD.c
		_Lcd_Write_String		CODE           	08D2	0000	41
		_Lcd_Init      		CODE           	0A59	0000	78
		_Lcd_Write_Char		CODE           	084D	0000	29
		_Lcd_Cmd       		CODE           	0833	0000	26
		_Lcd_Set_Cursor		CODE           	0AA7	0000	88
		_Lcd_Clear     		CODE           	17F3	0000	13
		_Lcd_Port      		CODE           	17ED	0000	6

LCD.c estimated size: 281

