Microchip MPLAB XC8 Compiler V2.32

Linker command line:

-W-3 --edf=E:\Microchip\XC8\pic\dat\en_msgs.txt -cn \
  -h+dist/default/production\Laboratorio3.production.sym \
  --cmf=dist/default/production\Laboratorio3.production.cmf -z -Q16F887 \
  -oC:\Users\diego\AppData\Local\Temp\xcAsga0.4 --defsym=__MPLAB_BUILD=1 \
  -Mdist/default/production/Laboratorio3.production.map -E1 \
  -ver=XC8 Compiler --acfsm=1493 -ASTACK=0110h-016Fh -pstack=STACK \
  -ACODE=00h-07FFhx4 -ASTRCODE=00h-01FFFh -ASTRING=00h-0FFhx32 \
  -ACONST=00h-0FFhx32 -AENTRY=00h-0FFhx32 -ACOMMON=070h-07Fh \
  -ABANK0=020h-06Fh -ABANK1=0A0h-0EFh -ABANK2=0110h-016Fh \
  -ABANK3=0190h-01EFh -ARAM=020h-06Fh,0A0h-0EFh,0110h-016Fh,0190h-01EFh \
  -AABS1=020h-07Fh,0A0h-0EFh,0110h-016Fh,0190h-01EFh -ASFR0=00h-01Fh \
  -ASFR1=080h-09Fh -ASFR2=0100h-010Fh -ASFR3=0180h-018Fh \
  -ACONFIG=02007h-02008h -DCONFIG=2 -AIDLOC=02000h-02003h -DIDLOC=2 \
  -AEEDATA=00h-0FFh/02100h -peeprom_data=EEDATA -DEEDATA=2 -DCODE=2 \
  -DSTRCODE=2 -DSTRING=2 -DCONST=2 -DENTRY=2 \
  -preset_vec=00h,intentry=04h,init,end_init -ppowerup=CODE -pcinit=CODE \
  -pfunctab=ENTRY -k C:\Users\diego\AppData\Local\Temp\xcAsga0.o \
  dist/default/production\Laboratorio3.production.o 

Object code version is 3.11

Machine type is 16F887



                Name                               Link     Load   Length Selector   Space Scale
C:\Users\diego\AppData\Local\Temp\xcAsga0.o
                end_init                              C        C        3        8       0
                reset_vec                             0        0        3        0       0
                config                             2007     2007        2        0       4
dist/default/production\Laboratorio3.production.o
                cinit                                 F        F       19        8       0
                intentry                              4        4        8        8       0
                config                             2007     2007        2        0       4
                text19                              A36      A36       26     146C       0
                text18                              DAF      DAF      100     1B5E       0
                text17                              619      619      1DD        8       0
                text16                              A5C      A5C       29     14B8       0
                text15                               28       28      361        8       0
                text14                              389      389      290        8       0
                text13                              A12      A12       24     1424       0
                text12                              B94      B94       7C     1728       0
                text11                              A85      A85       2B     150A       0
                text10                              C10      C10       BC     1820       0
                text9                               EAF      EAF      151     1D5E       0
                text8                               CCC      CCC       E3     1998       0
                text7                               9F2      9F2       20     13E4       0
                text6                               AEF      AEF       4C     15DE       0
                text5                               9DB      9DB       17     13B6       0
                text4                               AB0      AB0       3F     1560       0
                text3                               9D4      9D4        7     13A8       0
                text2                               7F6      7F6        9        8       0
                text1                               9CE      9CE        6     139C       0
                maintext                            B3B      B3B       59     1676       0
                cstackBANK0                          20       20       38       20       1
                cstackCOMMON                         70       70        8       70       1
                dataBANK0                            64       64        1       20       1
                bssBANK0                             58       58        C       20       1
                bssCOMMON                            78       78        3       70       1
                idataBANK0                          7FF      7FF        1        8       0

TOTAL           Name                               Link     Load   Length     Space
        CLASS   STACK          

        CLASS   CODE           
                end_init                              C        C        3         0
                cinit                                 F        F       19         0
                intentry                              4        4        8         0
                reset_vec                             0        0        3         0
                text19                              A36      A36       26         0
                text18                              DAF      DAF      100         0
                text17                              619      619      1DD         0
                text16                              A5C      A5C       29         0
                text15                               28       28      361         0
                text14                              389      389      290         0
                text13                              A12      A12       24         0
                text12                              B94      B94       7C         0
                text11                              A85      A85       2B         0
                text10                              C10      C10       BC         0
                text9                               EAF      EAF      151         0
                text8                               CCC      CCC       E3         0
                text7                               9F2      9F2       20         0
                text6                               AEF      AEF       4C         0
                text5                               9DB      9DB       17         0
                text4                               AB0      AB0       3F         0
                text3                               9D4      9D4        7         0
                text2                               7F6      7F6        9         0
                text1                               9CE      9CE        6         0
                maintext                            B3B      B3B       59         0
                idataBANK0                          7FF      7FF        1         0

        CLASS   STRCODE        

        CLASS   STRING         

        CLASS   CONST          

        CLASS   ENTRY          

        CLASS   COMMON         
                cstackCOMMON                         70       70        8         1
                bssCOMMON                            78       78        3         1

        CLASS   BANK0          
                cstackBANK0                          20       20       38         1
                dataBANK0                            64       64        1         1
                bssBANK0                             58       58        C         1

        CLASS   BANK1          

        CLASS   BANK2          

        CLASS   BANK3          

        CLASS   RAM            

        CLASS   ABS1           
                abs_s1                               7E       7E        2         1

        CLASS   SFR0           

        CLASS   SFR1           

        CLASS   SFR2           

        CLASS   SFR3           

        CLASS   CONFIG         
                config                             2007     2007        2         4

        CLASS   IDLOC          

        CLASS   EEDATA         



SEGMENTS        Name                           Load    Length   Top    Selector   Space  Class     Delta

                reset_vec                      000000  000003  000003         0       0  CODE        2
                intentry                       000004  0007FC  000800         8       0  CODE        2
                cstackBANK0                    000020  000045  000065        20       1  BANK0       1
                cstackCOMMON                   000070  00000B  00007B        70       1  COMMON      1
                text1                          0009CE  000006  0009D4      139C       0  CODE        2
                text3                          0009D4  000007  0009DB      13A8       0  CODE        2
                text5                          0009DB  000017  0009F2      13B6       0  CODE        2
                text7                          0009F2  000020  000A12      13E4       0  CODE        2
                text13                         000A12  000024  000A36      1424       0  CODE        2
                text19                         000A36  000026  000A5C      146C       0  CODE        2
                text16                         000A5C  000029  000A85      14B8       0  CODE        2
                text11                         000A85  00002B  000AB0      150A       0  CODE        2
                text4                          000AB0  00003F  000AEF      1560       0  CODE        2
                text6                          000AEF  00004C  000B3B      15DE       0  CODE        2
                maintext                       000B3B  000059  000B94      1676       0  CODE        2
                text12                         000B94  00007C  000C10      1728       0  CODE        2
                text10                         000C10  0000BC  000CCC      1820       0  CODE        2
                text8                          000CCC  0000E3  000DAF      1998       0  CODE        2
                text18                         000DAF  000100  000EAF      1B5E       0  CODE        2
                text9                          000EAF  000151  001000      1D5E       0  CODE        2


UNUSED ADDRESS RANGES

        Name                Unused          Largest block    Delta
        BANK0            0065-006F              B           1
        BANK1            00A0-00EF             50           1
        BANK2            0110-016F             60           1
        BANK3            0190-01EF             60           1
        CODE             0003-0003              1           2
                         0800-09CD            1CE
                         1000-1FFF            800
        COMMON           007B-007D              3           1
        CONST            0003-0003              1           2
                         0800-09CD            100
                         1000-1FFF            100
        EEDATA           2100-21FF            100           2
        ENTRY            0003-0003              1           2
                         0800-09CD            100
                         1000-1FFF            100
        IDLOC            2000-2003              4           2
        RAM              0065-006F              B           1
                         00A0-00EF             50
                         0110-016F             60
                         0190-01EF             60
        SFR0             0000-001F             20           1
        SFR1             0080-009F             20           1
        SFR2             0100-010F             10           1
        SFR3             0180-018F             10           1
        STACK            0110-016F             60           1
        STRCODE          0003-0003              1           2
                         0800-09CD            1CE
                         1000-1FFF           1000
        STRING           0003-0003              1           2
                         0800-09CD            100
                         1000-1FFF            100

                                  Symbol Table

?__Umul8_16              cstackCOMMON 0073
?___fladd                cstackBANK0  0020
?___fldiv                cstackBANK0  0020
?___flmul                cstackBANK0  0035
?___flsub                cstackBANK0  0030
?___fltol                cstackBANK0  0035
?___wmul                 cstackCOMMON 0073
?___xxtofl               cstackBANK0  0022
_ADCON0bits              (abs)        001F
_ADCON1bits              (abs)        009F
_ANSEL                   (abs)        0188
_ANSELH                  (abs)        0189
_BAUDCTLbits             (abs)        0187
_INTCON                  (abs)        000B
_INTCONbits              (abs)        000B
_IOCB                    (abs)        0096
_OPTION_REG              (abs)        0081
_OSCCONbits              (abs)        008F
_PIE1                    (abs)        008C
_PIE1bits                (abs)        008C
_PIE2                    (abs)        008D
_PIR1                    (abs)        000C
_PIR1bits                (abs)        000C
_PIR2                    (abs)        000D
_PORTA                   (abs)        0005
_PORTB                   (abs)        0006
_PORTC                   (abs)        0007
_PORTD                   (abs)        0008
_PORTE                   (abs)        0009
_RBIF                    (abs)        0058
_RC2                     (abs)        003A
_RCREG                   (abs)        001A
_RCSTAbits               (abs)        0018
_SPBRG                   (abs)        0099
_SPBRGH                  (abs)        009A
_SSPBUF                  (abs)        0013
_SSPCON                  (abs)        0014
_SSPSTAT                 (abs)        0094
_SSPSTATbits             (abs)        0094
_T0IF                    (abs)        005A
_T1CON                   (abs)        0010
_TMR1H                   (abs)        000F
_TMR1IF                  (abs)        0060
_TMR1L                   (abs)        000E
_TRISA                   (abs)        0085
_TRISB                   (abs)        0086
_TRISC                   (abs)        0087
_TRISC3                  (abs)        043B
_TRISC4                  (abs)        043C
_TRISC5                  (abs)        043D
_TRISD                   (abs)        0088
_TRISE                   (abs)        0089
_TXIF                    (abs)        0064
_TXREG                   (abs)        0019
_TXSTAbits               (abs)        0098
_WPUB                    (abs)        0095
__Habs1                  abs1         0000
__Hbank0                 bank0        0000
__Hbank1                 bank1        0000
__Hbank2                 bank2        0000
__Hbank3                 bank3        0000
__HbssBANK0              bssBANK0     0000
__HbssCOMMON             bssCOMMON    0000
__Hcinit                 cinit        0028
__Hclrtext               clrtext      0000
__Hcode                  code         0000
__Hcommon                common       0000
__Hconfig                config       2009
__HcstackBANK0           cstackBANK0  0000
__HcstackCOMMON          cstackCOMMON 0000
__HdataBANK0             dataBANK0    0000
__Heeprom_data           eeprom_data  0000
__Hend_init              end_init     000F
__Hfunctab               functab      0000
__HidataBANK0            idataBANK0   0000
__Hinit                  init         000C
__Hintentry              intentry     000C
__Hmaintext              maintext     0000
__Hpowerup               powerup      0000
__Hram                   ram          0000
__Hreset_vec             reset_vec    0003
__Hsfr0                  sfr0         0000
__Hsfr1                  sfr1         0000
__Hsfr2                  sfr2         0000
__Hsfr3                  sfr3         0000
__Hspace_0               (abs)        1000
__Hspace_1               (abs)        007B
__Hspace_2               (abs)        0000
__Hspace_3               (abs)        0000
__Hspace_4               (abs)        4010
__Hstack                 stack        0000
__Hstrings               strings      0000
__Htext                  text         0000
__Labs1                  abs1         0000
__Lbank0                 bank0        0000
__Lbank1                 bank1        0000
__Lbank2                 bank2        0000
__Lbank3                 bank3        0000
__LbssBANK0              bssBANK0     0000
__LbssCOMMON             bssCOMMON    0000
__Lcinit                 cinit        000F
__Lclrtext               clrtext      0000
__Lcode                  code         0000
__Lcommon                common       0000
__Lconfig                config       0000
__LcstackBANK0           cstackBANK0  0000
__LcstackCOMMON          cstackCOMMON 0000
__LdataBANK0             dataBANK0    0000
__Leeprom_data           eeprom_data  0000
__Lend_init              end_init     000C
__Lfunctab               functab      0000
__LidataBANK0            idataBANK0   0000
__Linit                  init         000C
__Lintentry              intentry     0004
__Lmaintext              maintext     0000
__Lpowerup               powerup      0000
__Lram                   ram          0000
__Lreset_vec             reset_vec    0000
__Lsfr0                  sfr0         0000
__Lsfr1                  sfr1         0000
__Lsfr2                  sfr2         0000
__Lsfr3                  sfr3         0000
__Lspace_0               (abs)        0000
__Lspace_1               (abs)        0000
__Lspace_2               (abs)        0000
__Lspace_3               (abs)        0000
__Lspace_4               (abs)        0000
__Lstack                 stack        0000
__Lstrings               strings      0000
__Ltext                  text         0000
__S0                     (abs)        1000
__S1                     (abs)        007B
__S2                     (abs)        0000
__S3                     (abs)        0000
__Umul8_16               text16       0A5C
__Umul8_16@multiplicand  cstackCOMMON 0073
__Umul8_16@multiplier    cstackBANK0  0024
__Umul8_16@product       cstackBANK0  0020
__Umul8_16@word_mpld     cstackBANK0  0022
___fladd                 text14       0389
___fladd@a               cstackBANK0  0024
___fladd@aexp            cstackCOMMON 0074
___fladd@b               cstackBANK0  0020
___fladd@bexp            cstackCOMMON 0075
___fladd@grs             cstackCOMMON 0076
___fladd@signs           cstackCOMMON 0073
___fldiv                 text17       0619
___fldiv@a               cstackBANK0  0020
___fldiv@aexp            cstackBANK0  0034
___fldiv@b               cstackBANK0  0024
___fldiv@bexp            cstackBANK0  0033
___fldiv@grs             cstackBANK0  002F
___fldiv@new_exp         cstackBANK0  002D
___fldiv@rem             cstackBANK0  0028
___fldiv@sign            cstackBANK0  002C
___flmul                 text15       0028
___flmul@a               cstackBANK0  0039
___flmul@aexp            cstackBANK0  0047
___flmul@b               cstackBANK0  0035
___flmul@bexp            cstackBANK0  0048
___flmul@grs             cstackBANK0  0043
___flmul@prod            cstackBANK0  0049
___flmul@sign            cstackBANK0  0042
___flmul@temp            cstackBANK0  004D
___flsub                 text13       0A12
___flsub@a               cstackBANK0  0030
___flsub@b               cstackBANK0  0034
___fltol                 text12       0B94
___fltol@exp1            cstackBANK0  003F
___fltol@f1              cstackBANK0  0035
___fltol@sign1           cstackBANK0  003E
___int_sp                stack        0000
___latbits               (abs)        0002
___sp                    stack        0000
___stackhi               (abs)        0000
___stacklo               (abs)        0000
___wmul                  text11       0A85
___wmul@multiplicand     cstackCOMMON 0075
___wmul@multiplier       cstackCOMMON 0073
___wmul@product          cstackBANK0  0020
___xxtofl                text10       0C10
___xxtofl@arg            cstackBANK0  002C
___xxtofl@exp            cstackBANK0  002B
___xxtofl@sign           cstackBANK0  002A
___xxtofl@val            cstackBANK0  0022
__end_of__Umul8_16       text16       0A85
__end_of___fladd         text14       0619
__end_of___fldiv         text17       07F6
__end_of___flmul         text15       0389
__end_of___flsub         text13       0A36
__end_of___fltol         text12       0C10
__end_of___wmul          text11       0AB0
__end_of___xxtofl        text10       0CCC
__end_of__initialization cinit        0024
__end_of_chselect        text18       0EAF
__end_of_decimal         text9        1000
__end_of_initEUSART      text7        0A12
__end_of_initOsc         text6        0B3B
__end_of_isr             text19       0A5C
__end_of_main            maintext     0B94
__end_of_sendValues      text8        0DAF
__end_of_setup           text4        0AEF
__end_of_spiInit         text5        09F2
__end_of_spiRead         text2        07FF
__end_of_spiReceiveWait  text3        09DB
__end_of_spiWrite        text1        09D4
__initialization         cinit        000F
__pbssBANK0              bssBANK0     0058
__pbssCOMMON             bssCOMMON    0078
__pcstackBANK0           cstackBANK0  0020
__pcstackCOMMON          cstackCOMMON 0070
__pdataBANK0             dataBANK0    0064
__pidataBANK0            idataBANK0   07FF
__pintentry              intentry     0004
__pmaintext              maintext     0B3B
__ptext1                 text1        09CE
__ptext10                text10       0C10
__ptext11                text11       0A85
__ptext12                text12       0B94
__ptext13                text13       0A12
__ptext14                text14       0389
__ptext15                text15       0028
__ptext16                text16       0A5C
__ptext17                text17       0619
__ptext18                text18       0DAF
__ptext19                text19       0A36
__ptext2                 text2        07F6
__ptext3                 text3        09D4
__ptext4                 text4        0AB0
__ptext5                 text5        09DB
__ptext6                 text6        0AEF
__ptext7                 text7        09F2
__ptext8                 text8        0CCC
__ptext9                 text9        0EAF
__size_of__Umul8_16      (abs)        0000
__size_of___fladd        (abs)        0000
__size_of___fldiv        (abs)        0000
__size_of___flmul        (abs)        0000
__size_of___flsub        (abs)        0000
__size_of___fltol        (abs)        0000
__size_of___wmul         (abs)        0000
__size_of___xxtofl       (abs)        0000
__size_of_chselect       (abs)        0000
__size_of_decimal        (abs)        0000
__size_of_initEUSART     (abs)        0000
__size_of_initOsc        (abs)        0000
__size_of_isr            (abs)        0000
__size_of_main           (abs)        0000
__size_of_sendValues     (abs)        0000
__size_of_setup          (abs)        0000
__size_of_spiInit        (abs)        0000
__size_of_spiRead        (abs)        0000
__size_of_spiReceiveWait (abs)        0000
__size_of_spiWrite       (abs)        0000
_centenas                bssBANK0     005C
_chselect                text18       0DAF
_decenas                 bssBANK0     005D
_decimal                 text9        0EAF
_initEUSART              text7        09F2
_initOsc                 text6        0AEF
_isr                     text19       0A36
_main                    maintext     0B3B
_sendValues              text8        0CCC
_setup                   text4        0AB0
_spiInit                 text5        09DB
_spiRead                 text2        07F6
_spiReceiveWait          text3        09D4
_spiWrite                text1        09CE
_unidades                bssBANK0     005E
_valor                   bssBANK0     0058
_varPot0                 bssBANK0     0062
_varPot1                 bssBANK0     0061
_varUART                 bssBANK0     005F
btemp                    (abs)        007E
chselect@cant            cstackCOMMON 0076
decimal@variable         cstackBANK0  0053
end_of_initialization    cinit        0024
initEUSART@rx            cstackCOMMON 0073
initEUSART@tx            cstackCOMMON 0074
initOsc@frec             cstackCOMMON 0075
interrupt_function       intentry     0004
intlevel0                functab      0000
intlevel1                functab      0000
intlevel2                functab      0000
intlevel3                functab      0000
intlevel4                functab      0000
intlevel5                functab      0000
reset_vec                reset_vec    0000
saved_w                  (abs)        007E
spiInit@sClockIdle       cstackCOMMON 0074
spiInit@sDataSample      cstackCOMMON 0073
spiInit@sTransmitEdge    cstackCOMMON 0075
spiInit@sType            cstackCOMMON 0076
spiWrite@dat             cstackCOMMON 0073
start                    init         000C
start_initialization     cinit        000F
wtemp0                   (abs)        007E


MODULE INFORMATION

Module		Function		Class		Link	Load	Size
E:\Microchip\XC8\pic\sources\c90\common\xxtofl.c
		___xxtofl      		CODE           	0C10	0000	188

E:\Microchip\XC8\pic\sources\c90\common\xxtofl.c estimated size: 188

E:\Microchip\XC8\pic\sources\c90\common\sprcadd.c
		___flsub       		CODE           	0A12	0000	36
		___fladd       		CODE           	0389	0000	656

E:\Microchip\XC8\pic\sources\c90\common\sprcadd.c estimated size: 692

E:\Microchip\XC8\pic\sources\c90\common\Umul16.c
		___wmul        		CODE           	0A85	0000	43

E:\Microchip\XC8\pic\sources\c90\common\Umul16.c estimated size: 43

MainL3Master.c
		_decimal       		CODE           	0EAF	0000	337
		_sendValues    		CODE           	0CCC	0000	227
		_main          		CODE           	0B3B	0000	89
		_isr           		CODE           	0A36	0000	38
		_setup         		CODE           	0AB0	0000	63

MainL3Master.c estimated size: 754

E:\Microchip\XC8\pic\sources\c90\common\Umul8_16.c
		__Umul8_16     		CODE           	0A5C	0000	41

E:\Microchip\XC8\pic\sources\c90\common\Umul8_16.c estimated size: 41

E:\Microchip\XC8\pic\sources\c90\common\fltol.c
		___fltol       		CODE           	0B94	0000	124

E:\Microchip\XC8\pic\sources\c90\common\fltol.c estimated size: 124

shared
		__initialization		CODE           	000F	0000	21

shared estimated size: 21

E:\Microchip\XC8\pic\sources\c90\common\sprcmul.c
		___flmul       		CODE           	0028	0000	865

E:\Microchip\XC8\pic\sources\c90\common\sprcmul.c estimated size: 865

SPI.c
		_spiWrite      		CODE           	09CE	0000	6
		_spiInit       		CODE           	09DB	0000	23
		_spiReceiveWait		CODE           	09D4	0000	7
		_spiRead       		CODE           	07F6	0000	9

SPI.c estimated size: 45

E:\Microchip\XC8\pic\sources\c90\common\sprcdiv.c
		___fldiv       		CODE           	0619	0000	477

E:\Microchip\XC8\pic\sources\c90\common\sprcdiv.c estimated size: 477

./my_lib.h
		_initEUSART    		CODE           	09F2	0000	32
		_initOsc       		CODE           	0AEF	0000	76
		_chselect      		CODE           	0DAF	0000	256

./my_lib.h estimated size: 364

