Microchip MPLAB XC8 Compiler V2.32

Linker command line:

-W-3 --edf=E:\Microchip\XC8\pic\dat\en_msgs.txt -cn \
  -h+dist/default/production\ProyectoMaster.X.production.sym \
  --cmf=dist/default/production\ProyectoMaster.X.production.cmf -z -Q16F887 \
  -oC:\Users\diego\AppData\Local\Temp\xcAs7t0.4 --defsym=__MPLAB_BUILD=1 \
  -Mdist/default/production/ProyectoMaster.X.production.map -E1 \
  -ver=XC8 Compiler --acfsm=1493 -ASTACK=0110h-016Fh -pstack=STACK \
  -ACODE=00h-07FFhx4 -ASTRCODE=00h-01FFFh -ASTRING=00h-0FFhx32 \
  -ACONST=00h-0FFhx32 -AENTRY=00h-0FFhx32 -ACOMMON=070h-07Fh \
  -ABANK0=020h-06Fh -ABANK1=0A0h-0EFh -ABANK2=0110h-016Fh \
  -ABANK3=0190h-01EFh -ARAM=020h-06Fh,0A0h-0EFh,0110h-016Fh,0190h-01EFh \
  -AABS1=020h-07Fh,0A0h-0EFh,0110h-016Fh,0190h-01EFh -ASFR0=00h-01Fh \
  -ASFR1=080h-09Fh -ASFR2=0100h-010Fh -ASFR3=0180h-018Fh \
  -ACONFIG=02007h-02008h -DCONFIG=2 -AIDLOC=02000h-02003h -DIDLOC=2 \
  -AEEDATA=00h-0FFh/02100h -peeprom_data=EEDATA -DEEDATA=2 -DCODE=2 \
  -DSTRCODE=2 -DSTRING=2 -DCONST=2 -DENTRY=2 \
  -preset_vec=00h,intentry=04h,init,end_init -ppowerup=CODE -pcinit=CODE \
  -pfunctab=ENTRY -k C:\Users\diego\AppData\Local\Temp\xcAs7t0.o \
  dist/default/production\ProyectoMaster.X.production.o 

Object code version is 3.11

Machine type is 16F887



                Name                               Link     Load   Length Selector   Space Scale
C:\Users\diego\AppData\Local\Temp\xcAs7t0.o
                end_init                              C        C        3        8       0
                reset_vec                             0        0        3        0       0
                config                             2007     2007        2        0       4
dist/default/production\ProyectoMaster.X.production.o
                cinit                                 F        F        F        8       0
                intentry                              4        4        8        8       0
                config                             2007     2007        2        0       4
                text10                              25C      25C        7        8       0
                text9                               233      233        D        8       0
                text8                               20B      20B       28        8       0
                text7                               253      253        9        8       0
                text6                               24A      24A        9        8       0
                text5                               240      240        A        8       0
                text4                                DB       DB       68        8       0
                text3                               19F      19F       3A        8       0
                text2                               143      143       5C        8       0
                text1                               1D9      1D9       32        8       0
                maintext                             1E       1E       BD        8       0
                cstackBANK0                          20       20       13       20       1
                cstackCOMMON                         70       70        8       70       1
                bssBANK0                             33       33        6       20       1
                bssCOMMON                            78       78        3       70       1

TOTAL           Name                               Link     Load   Length     Space
        CLASS   STACK          

        CLASS   CODE           
                end_init                              C        C        3         0
                cinit                                 F        F        F         0
                intentry                              4        4        8         0
                reset_vec                             0        0        3         0
                text10                              25C      25C        7         0
                text9                               233      233        D         0
                text8                               20B      20B       28         0
                text7                               253      253        9         0
                text6                               24A      24A        9         0
                text5                               240      240        A         0
                text4                                DB       DB       68         0
                text3                               19F      19F       3A         0
                text2                               143      143       5C         0
                text1                               1D9      1D9       32         0
                maintext                             1E       1E       BD         0

        CLASS   STRCODE        

        CLASS   STRING         

        CLASS   CONST          

        CLASS   ENTRY          

        CLASS   COMMON         
                cstackCOMMON                         70       70        8         1
                bssCOMMON                            78       78        3         1

        CLASS   BANK0          
                cstackBANK0                          20       20       13         1
                bssBANK0                             33       33        6         1

        CLASS   BANK1          

        CLASS   BANK2          

        CLASS   BANK3          

        CLASS   RAM            

        CLASS   ABS1           
                abs_s1                               7E       7E        2         1

        CLASS   SFR0           

        CLASS   SFR1           

        CLASS   SFR2           

        CLASS   SFR3           

        CLASS   CONFIG         
                config                             2007     2007        2         4

        CLASS   IDLOC          

        CLASS   EEDATA         



SEGMENTS        Name                           Load    Length   Top    Selector   Space  Class     Delta

                reset_vec                      000000  000003  000003         0       0  CODE        2
                intentry                       000004  00025F  000263         8       0  CODE        2
                cstackBANK0                    000020  000019  000039        20       1  BANK0       1
                cstackCOMMON                   000070  00000B  00007B        70       1  COMMON      1


UNUSED ADDRESS RANGES

        Name                Unused          Largest block    Delta
        BANK0            0039-006F             37           1
        BANK1            00A0-00EF             50           1
        BANK2            0110-016F             60           1
        BANK3            0190-01EF             60           1
        CODE             0003-0003              1           2
                         0263-1FFF            800
        COMMON           007B-007D              3           1
        CONST            0003-0003              1           2
                         0263-1FFF            100
        EEDATA           2100-21FF            100           2
        ENTRY            0003-0003              1           2
                         0263-1FFF            100
        IDLOC            2000-2003              4           2
        RAM              0039-006F             37           1
                         00A0-00EF             50
                         0110-016F             60
                         0190-01EF             60
        SFR0             0000-001F             20           1
        SFR1             0080-009F             20           1
        SFR2             0100-010F             10           1
        SFR3             0180-018F             10           1
        STACK            0110-016F             60           1
        STRCODE          0003-0003              1           2
                         0263-1FFF           1D9D
        STRING           0003-0003              1           2
                         0263-1FFF            100

                                  Symbol Table

?___lldiv                  cstackBANK0  0020
I2C_Master_Init@c          cstackBANK0  0028
I2C_Master_Read@a          cstackCOMMON 0073
I2C_Master_Read@temp       cstackCOMMON 0074
I2C_Master_Write@d         cstackCOMMON 0072
_ADCON0bits                (abs)        001F
_ADCON1bits                (abs)        009F
_ANSEL                     (abs)        0188
_ANSELH                    (abs)        0189
_BAUDCTLbits               (abs)        0187
_GIE                       (abs)        005F
_I2C_Master_Init           text3        019F
_I2C_Master_Read           text8        020B
_I2C_Master_Start          text7        0253
_I2C_Master_Stop           text6        024A
_I2C_Master_Wait           text9        0233
_I2C_Master_Write          text5        0240
_INTCON                    (abs)        000B
_INTCONbits                (abs)        000B
_IOCB                      (abs)        0096
_OPTION_REG                (abs)        0081
_OSCCONbits                (abs)        008F
_PEIE                      (abs)        005E
_PIE1                      (abs)        008C
_PIE1bits                  (abs)        008C
_PIE2                      (abs)        008D
_PIR1                      (abs)        000C
_PIR2                      (abs)        000D
_PORTA                     (abs)        0005
_PORTB                     (abs)        0006
_PORTC                     (abs)        0007
_PORTD                     (abs)        0008
_PORTE                     (abs)        0009
_RCSTAbits                 (abs)        0018
_SPBRG                     (abs)        0099
_SPBRGH                    (abs)        009A
_SSPADD                    (abs)        0093
_SSPBUF                    (abs)        0013
_SSPCON                    (abs)        0014
_SSPCON2                   (abs)        0091
_SSPCON2bits               (abs)        0091
_SSPIE                     (abs)        0463
_SSPIF                     (abs)        0063
_SSPSTAT                   (abs)        0094
_TRISA                     (abs)        0085
_TRISB                     (abs)        0086
_TRISC                     (abs)        0087
_TRISC3                    (abs)        043B
_TRISC4                    (abs)        043C
_TRISCbits                 (abs)        0087
_TRISD                     (abs)        0088
_TRISE                     (abs)        0089
_TXSTAbits                 (abs)        0098
_WPUB                      (abs)        0095
__Habs1                    abs1         0000
__Hbank0                   bank0        0000
__Hbank1                   bank1        0000
__Hbank2                   bank2        0000
__Hbank3                   bank3        0000
__HbssBANK0                bssBANK0     0000
__HbssCOMMON               bssCOMMON    0000
__Hcinit                   cinit        001E
__Hclrtext                 clrtext      0000
__Hcode                    code         0000
__Hcommon                  common       0000
__Hconfig                  config       2009
__HcstackBANK0             cstackBANK0  0000
__HcstackCOMMON            cstackCOMMON 0000
__Heeprom_data             eeprom_data  0000
__Hend_init                end_init     000F
__Hfunctab                 functab      0000
__Hinit                    init         000C
__Hintentry                intentry     000C
__Hmaintext                maintext     0000
__Hpowerup                 powerup      0000
__Hram                     ram          0000
__Hreset_vec               reset_vec    0003
__Hsfr0                    sfr0         0000
__Hsfr1                    sfr1         0000
__Hsfr2                    sfr2         0000
__Hsfr3                    sfr3         0000
__Hspace_0                 (abs)        0263
__Hspace_1                 (abs)        007B
__Hspace_2                 (abs)        0000
__Hspace_3                 (abs)        0000
__Hspace_4                 (abs)        4010
__Hstack                   stack        0000
__Hstrings                 strings      0000
__Htext                    text         0000
__Labs1                    abs1         0000
__Lbank0                   bank0        0000
__Lbank1                   bank1        0000
__Lbank2                   bank2        0000
__Lbank3                   bank3        0000
__LbssBANK0                bssBANK0     0000
__LbssCOMMON               bssCOMMON    0000
__Lcinit                   cinit        000F
__Lclrtext                 clrtext      0000
__Lcode                    code         0000
__Lcommon                  common       0000
__Lconfig                  config       0000
__LcstackBANK0             cstackBANK0  0000
__LcstackCOMMON            cstackCOMMON 0000
__Leeprom_data             eeprom_data  0000
__Lend_init                end_init     000C
__Lfunctab                 functab      0000
__Linit                    init         000C
__Lintentry                intentry     0004
__Lmaintext                maintext     0000
__Lpowerup                 powerup      0000
__Lram                     ram          0000
__Lreset_vec               reset_vec    0000
__Lsfr0                    sfr0         0000
__Lsfr1                    sfr1         0000
__Lsfr2                    sfr2         0000
__Lsfr3                    sfr3         0000
__Lspace_0                 (abs)        0000
__Lspace_1                 (abs)        0000
__Lspace_2                 (abs)        0000
__Lspace_3                 (abs)        0000
__Lspace_4                 (abs)        0000
__Lstack                   stack        0000
__Lstrings                 strings      0000
__Ltext                    text         0000
__S0                       (abs)        0263
__S1                       (abs)        007B
__S2                       (abs)        0000
__S3                       (abs)        0000
___int_sp                  stack        0000
___latbits                 (abs)        0002
___lldiv                   text4        00DB
___lldiv@counter           cstackCOMMON 0077
___lldiv@dividend          cstackBANK0  0024
___lldiv@divisor           cstackBANK0  0020
___lldiv@quotient          cstackCOMMON 0073
___sp                      stack        0000
___stackhi                 (abs)        0000
___stacklo                 (abs)        0000
__end_of_I2C_Master_Init   text3        01D9
__end_of_I2C_Master_Read   text8        0233
__end_of_I2C_Master_Start  text7        025C
__end_of_I2C_Master_Stop   text6        0253
__end_of_I2C_Master_Wait   text9        0240
__end_of_I2C_Master_Write  text5        024A
__end_of___lldiv           text4        0143
__end_of__initialization   cinit        001A
__end_of_initOsc           text2        019F
__end_of_isr               text10       0263
__end_of_main              maintext     00DB
__end_of_setup             text1        020B
__initialization           cinit        000F
__pbssBANK0                bssBANK0     0033
__pbssCOMMON               bssCOMMON    0078
__pcstackBANK0             cstackBANK0  0020
__pcstackCOMMON            cstackCOMMON 0070
__pintentry                intentry     0004
__pmaintext                maintext     001E
__ptext1                   text1        01D9
__ptext10                  text10       025C
__ptext2                   text2        0143
__ptext3                   text3        019F
__ptext4                   text4        00DB
__ptext5                   text5        0240
__ptext6                   text6        024A
__ptext7                   text7        0253
__ptext8                   text8        020B
__ptext9                   text9        0233
__size_of_I2C_Master_Init  (abs)        0000
__size_of_I2C_Master_Read  (abs)        0000
__size_of_I2C_Master_Start (abs)        0000
__size_of_I2C_Master_Stop  (abs)        0000
__size_of_I2C_Master_Wait  (abs)        0000
__size_of_I2C_Master_Write (abs)        0000
__size_of___lldiv          (abs)        0000
__size_of_initOsc          (abs)        0000
__size_of_isr              (abs)        0000
__size_of_main             (abs)        0000
__size_of_setup            (abs)        0000
_centenas                  bssCOMMON    0078
_decenas                   bssCOMMON    0079
_initOsc                   text2        0143
_isr                       text10       025C
_main                      maintext     001E
_sensorIR                  bssBANK0     0033
_setup                     text1        01D9
_unidades                  bssCOMMON    007A
_weight                    bssBANK0     0034
btemp                      (abs)        007E
end_of_initialization      cinit        001A
initOsc@frec               cstackCOMMON 0074
interrupt_function         intentry     0004
intlevel0                  functab      0000
intlevel1                  functab      0000
intlevel2                  functab      0000
intlevel3                  functab      0000
intlevel4                  functab      0000
intlevel5                  functab      0000
reset_vec                  reset_vec    0000
saved_w                    (abs)        007E
start                      init         000C
start_initialization       cinit        000F
wtemp0                     (abs)        007E


MODULE INFORMATION

Module		Function		Class		Link	Load	Size
I2C.c
		_I2C_Master_Read		CODE           	020B	0000	40
		_I2C_Master_Wait		CODE           	0233	0000	13
		_I2C_Master_Init		CODE           	019F	0000	58
		_I2C_Master_Stop		CODE           	024A	0000	9
		_I2C_Master_Write		CODE           	0240	0000	10
		_I2C_Master_Start		CODE           	0253	0000	9

I2C.c estimated size: 139

MainMaster.c
		_main          		CODE           	001E	0000	189
		_isr           		CODE           	025C	0000	7
		_setup         		CODE           	01D9	0000	50

MainMaster.c estimated size: 246

shared
		__initialization		CODE           	000F	0000	11

shared estimated size: 11

E:\Microchip\XC8\pic\sources\c90\common\__lldiv.c
		___lldiv       		CODE           	00DB	0000	104

E:\Microchip\XC8\pic\sources\c90\common\__lldiv.c estimated size: 104

./my_lib.h
		_initOsc       		CODE           	0143	0000	92

./my_lib.h estimated size: 92

