Microchip MPLAB XC8 Compiler V2.32

Linker command line:

--edf=E:\Microchip\XC8\pic\dat\en_msgs.txt -cn \
  -h+dist/default/production\Laboratorio1.production.sym \
  --cmf=dist/default/production\Laboratorio1.production.cmf -z -Q16F887 \
  -oC:\Users\diego\AppData\Local\Temp\xcAs978.4 --defsym=__MPLAB_BUILD=1 \
  -Mdist/default/production/Laboratorio1.production.map -E1 \
  -ver=XC8 Compiler --acfsm=1493 -ASTACK=0110h-016Fh -pstack=STACK \
  -ACODE=00h-07FFhx4 -ASTRCODE=00h-01FFFh -ASTRING=00h-0FFhx32 \
  -ACONST=00h-0FFhx32 -AENTRY=00h-0FFhx32 -ACOMMON=070h-07Fh \
  -ABANK0=020h-06Fh -ABANK1=0A0h-0EFh -ABANK2=0110h-016Fh \
  -ABANK3=0190h-01EFh -ARAM=020h-06Fh,0A0h-0EFh,0110h-016Fh,0190h-01EFh \
  -AABS1=020h-07Fh,0A0h-0EFh,0110h-016Fh,0190h-01EFh -ASFR0=00h-01Fh \
  -ASFR1=080h-09Fh -ASFR2=0100h-010Fh -ASFR3=0180h-018Fh \
  -ACONFIG=02007h-02008h -DCONFIG=2 -AIDLOC=02000h-02003h -DIDLOC=2 \
  -AEEDATA=00h-0FFh/02100h -peeprom_data=EEDATA -DEEDATA=2 -DCODE=2 \
  -DSTRCODE=2 -DSTRING=2 -DCONST=2 -DENTRY=2 \
  -preset_vec=00h,intentry=04h,init,end_init -ppowerup=CODE -pcinit=CODE \
  -pfunctab=ENTRY -k C:\Users\diego\AppData\Local\Temp\xcAs978.o \
  dist/default/production\Laboratorio1.production.o 

Object code version is 3.11

Machine type is 16F887



                Name                               Link     Load   Length Selector   Space Scale
C:\Users\diego\AppData\Local\Temp\xcAs978.o
                end_init                              E        E        3        8       0
                reset_vec                             0        0        3        0       0
                config                             2007     2007        2        0       4
dist/default/production\Laboratorio1.production.o
                cinit                                11       11       14        8       0
                intentry                              4        4        A        8       0
                config                             2007     2007        2        0       4
                text9                               2F9      2F9       3F        8       0
                text8                               259      259       5E        8       0
                text7                                25       25      142        8       0
                text6                               167      167       90        8       0
                text5                               391      391       1A        8       0
                text4                               3AB      3AB       11        8       0
                text3                               366      366       2B        8       0
                text2                               1F7      1F7       62        8       0
                text1                               2B7      2B7       42        8       0
                maintext                            338      338       2E        8       0
                cstackBANK0                          20       20        8       20       1
                cstackCOMMON                         70       70        9       70       1
                dataBANK0                            2D       2D        1       20       1
                bssBANK0                             28       28        5       20       1
                bssCOMMON                            79       79        5       70       1
                idataBANK0                          3BC      3BC        1        8       0

TOTAL           Name                               Link     Load   Length     Space
        CLASS   STACK          

        CLASS   CODE           
                end_init                              E        E        3         0
                cinit                                11       11       14         0
                intentry                              4        4        A         0
                reset_vec                             0        0        3         0
                text9                               2F9      2F9       3F         0
                text8                               259      259       5E         0
                text7                                25       25      142         0
                text6                               167      167       90         0
                text5                               391      391       1A         0
                text4                               3AB      3AB       11         0
                text3                               366      366       2B         0
                text2                               1F7      1F7       62         0
                text1                               2B7      2B7       42         0
                maintext                            338      338       2E         0
                idataBANK0                          3BC      3BC        1         0

        CLASS   STRCODE        

        CLASS   STRING         

        CLASS   CONST          

        CLASS   ENTRY          

        CLASS   COMMON         
                cstackCOMMON                         70       70        9         1
                bssCOMMON                            79       79        5         1

        CLASS   BANK0          
                cstackBANK0                          20       20        8         1
                dataBANK0                            2D       2D        1         1
                bssBANK0                             28       28        5         1

        CLASS   BANK1          

        CLASS   BANK2          

        CLASS   BANK3          

        CLASS   RAM            

        CLASS   ABS1           
                abs_s1                               7E       7E        2         1

        CLASS   SFR0           

        CLASS   SFR1           

        CLASS   SFR2           

        CLASS   SFR3           

        CLASS   CONFIG         
                config                             2007     2007        2         4

        CLASS   IDLOC          

        CLASS   EEDATA         



SEGMENTS        Name                           Load    Length   Top    Selector   Space  Class     Delta

                reset_vec                      000000  000003  000003         0       0  CODE        2
                intentry                       000004  0003B9  0003BD         8       0  CODE        2
                cstackBANK0                    000020  00000E  00002E        20       1  BANK0       1
                cstackCOMMON                   000070  00000E  00007E        70       1  COMMON      1


UNUSED ADDRESS RANGES

        Name                Unused          Largest block    Delta
        BANK0            002E-006F             42           1
        BANK1            00A0-00EF             50           1
        BANK2            0110-016F             60           1
        BANK3            0190-01EF             60           1
        CODE             0003-0003              1           2
                         03BD-1FFF            800
        CONST            0003-0003              1           2
                         03BD-1FFF            100
        EEDATA           2100-21FF            100           2
        ENTRY            0003-0003              1           2
                         03BD-1FFF            100
        IDLOC            2000-2003              4           2
        RAM              002E-006F             42           1
                         00A0-00EF             50
                         0110-016F             60
                         0190-01EF             60
        SFR0             0000-001F             20           1
        SFR1             0080-009F             20           1
        SFR2             0100-010F             10           1
        SFR3             0180-018F             10           1
        STACK            0110-016F             60           1
        STRCODE          0003-0003              1           2
                         03BD-1FFF           1C43
        STRING           0003-0003              1           2
                         03BD-1FFF            100

                                  Symbol Table

_ADCON0bits              (abs)        001F
_ADCON1bits              (abs)        009F
_ADRESH                  (abs)        001E
_ANSEL                   (abs)        0188
_ANSELH                  (abs)        0189
_INTCON                  (abs)        000B
_INTCONbits              (abs)        000B
_IOCB                    (abs)        0096
_OPTION_REG              (abs)        0081
_OSCCONbits              (abs)        008F
_PIE1                    (abs)        008C
_PIE1bits                (abs)        008C
_PIE2                    (abs)        008D
_PIR1                    (abs)        000C
_PIR1bits                (abs)        000C
_PIR2                    (abs)        000D
_PORTA                   (abs)        0005
_PORTB                   (abs)        0006
_PORTC                   (abs)        0007
_PORTD                   (abs)        0008
_PORTE                   (abs)        0009
_RB0                     (abs)        0030
_RB1                     (abs)        0031
_RB3                     (abs)        0033
_RB4                     (abs)        0034
_RB5                     (abs)        0035
_RBIF                    (abs)        0058
_T0IF                    (abs)        005A
_T1CON                   (abs)        0010
_TMR0                    (abs)        0001
_TMR1H                   (abs)        000F
_TMR1IF                  (abs)        0060
_TMR1L                   (abs)        000E
_TRISA                   (abs)        0085
_TRISB                   (abs)        0086
_TRISC                   (abs)        0087
_TRISD                   (abs)        0088
_TRISE                   (abs)        0089
_WPUB                    (abs)        0095
__Habs1                  abs1         0000
__Hbank0                 bank0        0000
__Hbank1                 bank1        0000
__Hbank2                 bank2        0000
__Hbank3                 bank3        0000
__HbssBANK0              bssBANK0     0000
__HbssCOMMON             bssCOMMON    0000
__Hcinit                 cinit        0025
__Hclrtext               clrtext      0000
__Hcode                  code         0000
__Hcommon                common       0000
__Hconfig                config       2009
__HcstackBANK0           cstackBANK0  0000
__HcstackCOMMON          cstackCOMMON 0000
__HdataBANK0             dataBANK0    0000
__Heeprom_data           eeprom_data  0000
__Hend_init              end_init     0011
__Hfunctab               functab      0000
__HidataBANK0            idataBANK0   0000
__Hinit                  init         000E
__Hintentry              intentry     000E
__Hmaintext              maintext     0000
__Hpowerup               powerup      0000
__Hram                   ram          0000
__Hreset_vec             reset_vec    0003
__Hsfr0                  sfr0         0000
__Hsfr1                  sfr1         0000
__Hsfr2                  sfr2         0000
__Hsfr3                  sfr3         0000
__Hspace_0               (abs)        03BD
__Hspace_1               (abs)        007E
__Hspace_2               (abs)        0000
__Hspace_3               (abs)        0000
__Hspace_4               (abs)        4010
__Hstack                 stack        0000
__Hstrings               strings      0000
__Htext                  text         0000
__Labs1                  abs1         0000
__Lbank0                 bank0        0000
__Lbank1                 bank1        0000
__Lbank2                 bank2        0000
__Lbank3                 bank3        0000
__LbssBANK0              bssBANK0     0000
__LbssCOMMON             bssCOMMON    0000
__Lcinit                 cinit        0011
__Lclrtext               clrtext      0000
__Lcode                  code         0000
__Lcommon                common       0000
__Lconfig                config       0000
__LcstackBANK0           cstackBANK0  0000
__LcstackCOMMON          cstackCOMMON 0000
__LdataBANK0             dataBANK0    0000
__Leeprom_data           eeprom_data  0000
__Lend_init              end_init     000E
__Lfunctab               functab      0000
__LidataBANK0            idataBANK0   0000
__Linit                  init         000E
__Lintentry              intentry     0004
__Lmaintext              maintext     0000
__Lpowerup               powerup      0000
__Lram                   ram          0000
__Lreset_vec             reset_vec    0000
__Lsfr0                  sfr0         0000
__Lsfr1                  sfr1         0000
__Lsfr2                  sfr2         0000
__Lsfr3                  sfr3         0000
__Lspace_0               (abs)        0000
__Lspace_1               (abs)        0000
__Lspace_2               (abs)        0000
__Lspace_3               (abs)        0000
__Lspace_4               (abs)        0000
__Lstack                 stack        0000
__Lstrings               strings      0000
__Ltext                  text         0000
__S0                     (abs)        03BD
__S1                     (abs)        007E
__S2                     (abs)        0000
__S3                     (abs)        0000
___int_sp                stack        0000
___latbits               (abs)        0002
___sp                    stack        0000
___stackhi               (abs)        0000
___stacklo               (abs)        0000
__end_of__initialization cinit        0021
__end_of_chselect        text7        0167
__end_of_dispasign       text5        03AB
__end_of_hexconv         text4        03BC
__end_of_initAN          text3        0391
__end_of_initOsc         text2        0259
__end_of_isr             text8        02B7
__end_of_main            maintext     0366
__end_of_readAN          text9        0338
__end_of_setup           text1        02F9
__end_of_table           text6        01F7
__initialization         cinit        0011
__pbssBANK0              bssBANK0     0028
__pbssCOMMON             bssCOMMON    0079
__pcstackBANK0           cstackBANK0  0020
__pcstackCOMMON          cstackCOMMON 0070
__pdataBANK0             dataBANK0    002D
__pidataBANK0            idataBANK0   03BC
__pintentry              intentry     0004
__pmaintext              maintext     0338
__ptext1                 text1        02B7
__ptext2                 text2        01F7
__ptext3                 text3        0366
__ptext4                 text4        03AB
__ptext5                 text5        0391
__ptext6                 text6        0167
__ptext7                 text7        0025
__ptext8                 text8        0259
__ptext9                 text9        02F9
__size_of_chselect       (abs)        0000
__size_of_dispasign      (abs)        0000
__size_of_hexconv        (abs)        0000
__size_of_initAN         (abs)        0000
__size_of_initOsc        (abs)        0000
__size_of_isr            (abs)        0000
__size_of_main           (abs)        0000
__size_of_readAN         (abs)        0000
__size_of_setup          (abs)        0000
__size_of_table          (abs)        0000
_chselect                text7        0025
_disp0                   bssCOMMON    007A
_disp1                   bssCOMMON    0079
_dispasign               text5        0391
_hexconv                 text4        03AB
_initAN                  text3        0366
_initOsc                 text2        01F7
_isr                     text8        0259
_main                    maintext     0338
_multiplex               bssCOMMON    007B
_nibblehigh              bssBANK0     0028
_nibblelow               bssBANK0     0029
_readAN                  text9        02F9
_setup                   text1        02B7
_table                   text6        0167
_var                     bssBANK0     002B
btemp                    (abs)        007E
chselect@cant            cstackBANK0  0023
dispasign@arg1           cstackBANK0  0026
dispasign@arg2           cstackBANK0  0024
end_of_initialization    cinit        0021
hexconv@num              cstackBANK0  0021
initAN@bin               cstackBANK0  0022
initAN@just              cstackBANK0  0020
initOsc@frec             cstackBANK0  0022
interrupt_function       intentry     0004
intlevel0                functab      0000
intlevel1                functab      0000
intlevel2                functab      0000
intlevel3                functab      0000
intlevel4                functab      0000
intlevel5                functab      0000
readAN@canal             cstackCOMMON 0072
readAN@lec               cstackCOMMON 0073
reset_vec                reset_vec    0000
saved_w                  (abs)        007E
start                    init         000E
start_initialization     cinit        0011
table@tempo              cstackBANK0  0023
table@val                cstackBANK0  0022
wtemp0                   (abs)        007E


MODULE INFORMATION

Module		Function		Class		Link	Load	Size
MainL1.c
		_hexconv       		CODE           	03AB	0000	17
		_main          		CODE           	0338	0000	46
		_dispasign     		CODE           	0391	0000	26
		_isr           		CODE           	0259	0000	94
		_setup         		CODE           	02B7	0000	66

MainL1.c estimated size: 249

shared
		__initialization		CODE           	0011	0000	16

shared estimated size: 16

./my_lib.h
		_initAN        		CODE           	0366	0000	43
		_readAN        		CODE           	02F9	0000	63
		_table         		CODE           	0167	0000	144
		_initOsc       		CODE           	01F7	0000	98
		_chselect      		CODE           	0025	0000	322

./my_lib.h estimated size: 670

