Microchip MPLAB XC8 Compiler V2.32

Linker command line:

-W-3 --edf=E:\Microchip\XC8\pic\dat\en_msgs.txt -cn \
  -h+dist/default/production\ProyectoSlavePeso.X.production.sym \
  --cmf=dist/default/production\ProyectoSlavePeso.X.production.cmf -z \
  -Q16F887 -oC:\Users\diego\AppData\Local\Temp\xcAshhg.4 \
  --defsym=__MPLAB_BUILD=1 \
  -Mdist/default/production/ProyectoSlavePeso.X.production.map -E1 \
  -ver=XC8 Compiler --acfsm=1493 -ASTACK=0110h-016Fh -pstack=STACK \
  -ACODE=00h-07FFhx4 -ASTRCODE=00h-01FFFh -ASTRING=00h-0FFhx32 \
  -ACONST=00h-0FFhx32 -AENTRY=00h-0FFhx32 -ACOMMON=070h-07Fh \
  -ABANK0=020h-06Fh -ABANK1=0A0h-0EFh -ABANK2=0110h-016Fh \
  -ABANK3=0190h-01EFh -ARAM=020h-06Fh,0A0h-0EFh,0110h-016Fh,0190h-01EFh \
  -AABS1=020h-07Fh,0A0h-0EFh,0110h-016Fh,0190h-01EFh -ASFR0=00h-01Fh \
  -ASFR1=080h-09Fh -ASFR2=0100h-010Fh -ASFR3=0180h-018Fh \
  -ACONFIG=02007h-02008h -DCONFIG=2 -AIDLOC=02000h-02003h -DIDLOC=2 \
  -AEEDATA=00h-0FFh/02100h -peeprom_data=EEDATA -DEEDATA=2 -DCODE=2 \
  -DSTRCODE=2 -DSTRING=2 -DCONST=2 -DENTRY=2 \
  -preset_vec=00h,intentry=04h,init,end_init -ppowerup=CODE -pcinit=CODE \
  -pfunctab=ENTRY -k C:\Users\diego\AppData\Local\Temp\xcAshhg.o \
  dist/default/production\ProyectoSlavePeso.X.production.o 

Object code version is 3.11

Machine type is 16F887



                Name                               Link     Load   Length Selector   Space Scale
C:\Users\diego\AppData\Local\Temp\xcAshhg.o
                end_init                              E        E        3        8       0
                reset_vec                             0        0        3        0       0
                config                             2007     2007        2        0       4
dist/default/production\ProyectoSlavePeso.X.production.o
                cinit                                11       11        F        8       0
                intentry                              4        4        A        8       0
                config                             2007     2007        2        0       4
                text12                              F48      F48       B8     1E90       0
                text11                              609      609      101        8       0
                text10                              381      381      288        8       0
                text9                               D1A      D1A       29     1A34       0
                text8                                20       20      361        8       0
                text7                               E3A      E3A       7C     1C74       0
                text6                               70A      70A       BC        8       0
                text5                               EB6      EB6       92     1D6C       0
                text4                               CFE      CFE       1C     19FC       0
                text3                               7C6      7C6       30        8       0
                text2                               DDC      DDC       5E     1BB8       0
                text1                               D8D      D8D       4F     1B1A       0
                maintext                            D43      D43       4A     1A86       0
                cstackBANK0                          20       20       4C       20       1
                cstackCOMMON                         75       75        5       70       1
                cstackBANK1                          A0       A0        4       A0       1
                bssBANK0                             6C       6C        4       20       1
                bssCOMMON                            70       70        5       70       1

TOTAL           Name                               Link     Load   Length     Space
        CLASS   STACK          

        CLASS   CODE           
                end_init                              E        E        3         0
                cinit                                11       11        F         0
                intentry                              4        4        A         0
                reset_vec                             0        0        3         0
                text12                              F48      F48       B8         0
                text11                              609      609      101         0
                text10                              381      381      288         0
                text9                               D1A      D1A       29         0
                text8                                20       20      361         0
                text7                               E3A      E3A       7C         0
                text6                               70A      70A       BC         0
                text5                               EB6      EB6       92         0
                text4                               CFE      CFE       1C         0
                text3                               7C6      7C6       30         0
                text2                               DDC      DDC       5E         0
                text1                               D8D      D8D       4F         0
                maintext                            D43      D43       4A         0

        CLASS   STRCODE        

        CLASS   STRING         

        CLASS   CONST          

        CLASS   ENTRY          

        CLASS   COMMON         
                cstackCOMMON                         75       75        5         1
                bssCOMMON                            70       70        5         1

        CLASS   BANK0          
                cstackBANK0                          20       20       4C         1
                bssBANK0                             6C       6C        4         1

        CLASS   BANK1          
                cstackBANK1                          A0       A0        4         1

        CLASS   BANK2          

        CLASS   BANK3          

        CLASS   RAM            

        CLASS   ABS1           
                abs_s1                               7E       7E        2         1

        CLASS   SFR0           

        CLASS   SFR1           

        CLASS   SFR2           

        CLASS   SFR3           

        CLASS   CONFIG         
                config                             2007     2007        2         4

        CLASS   IDLOC          

        CLASS   EEDATA         



SEGMENTS        Name                           Load    Length   Top    Selector   Space  Class     Delta

                reset_vec                      000000  000003  000003         0       0  CODE        2
                intentry                       000004  0007F2  0007F6         8       0  CODE        2
                cstackBANK0                    000020  000050  000070        20       1  BANK0       1
                bssCOMMON                      000070  00000A  00007A        70       1  COMMON      1
                cstackBANK1                    0000A0  000004  0000A4        A0       1  BANK1       1
                text4                          000CFE  00001C  000D1A      19FC       0  CODE        2
                text9                          000D1A  000029  000D43      1A34       0  CODE        2
                maintext                       000D43  00004A  000D8D      1A86       0  CODE        2
                text1                          000D8D  00004F  000DDC      1B1A       0  CODE        2
                text2                          000DDC  00005E  000E3A      1BB8       0  CODE        2
                text7                          000E3A  00007C  000EB6      1C74       0  CODE        2
                text5                          000EB6  000092  000F48      1D6C       0  CODE        2
                text12                         000F48  0000B8  001000      1E90       0  CODE        2


UNUSED ADDRESS RANGES

        Name                Unused          Largest block    Delta
        BANK1            00A4-00EF             4C           1
        BANK2            0110-016F             60           1
        BANK3            0190-01EF             60           1
        CODE             0003-0003              1           2
                         07F6-0CFD              A
                         1000-1FFF            800
        COMMON           007A-007D              4           1
        CONST            0003-0003              1           2
                         07F6-0CFD            100
                         1000-1FFF            100
        EEDATA           2100-21FF            100           2
        ENTRY            0003-0003              1           2
                         07F6-0CFD            100
                         1000-1FFF            100
        IDLOC            2000-2003              4           2
        RAM              00A4-00EF             4C           1
                         0110-016F             60
                         0190-01EF             60
        SFR0             0000-001F             20           1
        SFR1             0080-009F             20           1
        SFR2             0100-010F             10           1
        SFR3             0180-018F             10           1
        STACK            0110-016F             60           1
        STRCODE          0003-0003              1           2
                         07F6-0CFD            508
                         1000-1FFF           1000
        STRING           0003-0003              1           2
                         07F6-0CFD            100
                         1000-1FFF            100

                                  Symbol Table

?__Umul8_16              cstackBANK0  0020
?___fladd                cstackBANK0  0048
?___flmul                cstackBANK0  002E
?___fltol                cstackBANK0  005C
?___xxtofl               cstackBANK0  0020
I2C_Slave_Init@address   cstackBANK0  0020
_ADCON0bits              (abs)        001F
_ADCON1bits              (abs)        009F
_ADRESL                  (abs)        009E
_ANSEL                   (abs)        0188
_ANSELH                  (abs)        0189
_BAUDCTLbits             (abs)        0187
_BF                      (abs)        04A0
_CCP2CON                 (abs)        001D
_CCPR2L                  (abs)        001B
_GIE                     (abs)        005F
_I2C_Slave_Init          text4        0CFE
_INTCON                  (abs)        000B
_INTCONbits              (abs)        000B
_IOCB                    (abs)        0096
_OPTION_REG              (abs)        0081
_OSCCONbits              (abs)        008F
_PEIE                    (abs)        005E
_PIE1                    (abs)        008C
_PIE1bits                (abs)        008C
_PIE2                    (abs)        008D
_PIR1                    (abs)        000C
_PIR1bits                (abs)        000C
_PIR2                    (abs)        000D
_PORTA                   (abs)        0005
_PORTAbits               (abs)        0005
_PORTB                   (abs)        0006
_PORTC                   (abs)        0007
_PORTD                   (abs)        0008
_PORTE                   (abs)        0009
_PR2                     (abs)        0092
_PWM                     bssCOMMON    0074
_RA2                     (abs)        002A
_RCSTAbits               (abs)        0018
_SPBRG                   (abs)        0099
_SPBRGH                  (abs)        009A
_SSPADD                  (abs)        0093
_SSPBUF                  (abs)        0013
_SSPCON                  (abs)        0014
_SSPCON2                 (abs)        0091
_SSPCON2bits             (abs)        0091
_SSPCONbits              (abs)        0014
_SSPIE                   (abs)        0463
_SSPIF                   (abs)        0063
_SSPSTAT                 (abs)        0094
_SSPSTATbits             (abs)        0094
_T1CON                   (abs)        0010
_T2CON                   (abs)        0012
_TMR1H                   (abs)        000F
_TMR1L                   (abs)        000E
_TRISA                   (abs)        0085
_TRISB                   (abs)        0086
_TRISC                   (abs)        0087
_TRISC3                  (abs)        043B
_TRISC4                  (abs)        043C
_TRISCbits               (abs)        0087
_TRISD                   (abs)        0088
_TRISE                   (abs)        0089
_TXSTAbits               (abs)        0098
_WPUB                    (abs)        0095
__Habs1                  abs1         0000
__Hbank0                 bank0        0000
__Hbank1                 bank1        0000
__Hbank2                 bank2        0000
__Hbank3                 bank3        0000
__HbssBANK0              bssBANK0     0000
__HbssCOMMON             bssCOMMON    0000
__Hcinit                 cinit        0020
__Hclrtext               clrtext      0000
__Hcode                  code         0000
__Hcommon                common       0000
__Hconfig                config       2009
__HcstackBANK0           cstackBANK0  0000
__HcstackBANK1           cstackBANK1  0000
__HcstackCOMMON          cstackCOMMON 0000
__Heeprom_data           eeprom_data  0000
__Hend_init              end_init     0011
__Hfunctab               functab      0000
__Hinit                  init         000E
__Hintentry              intentry     000E
__Hmaintext              maintext     0000
__Hpowerup               powerup      0000
__Hram                   ram          0000
__Hreset_vec             reset_vec    0003
__Hsfr0                  sfr0         0000
__Hsfr1                  sfr1         0000
__Hsfr2                  sfr2         0000
__Hsfr3                  sfr3         0000
__Hspace_0               (abs)        1000
__Hspace_1               (abs)        00A4
__Hspace_2               (abs)        0000
__Hspace_3               (abs)        0000
__Hspace_4               (abs)        4010
__Hstack                 stack        0000
__Hstrings               strings      0000
__Htext                  text         0000
__Labs1                  abs1         0000
__Lbank0                 bank0        0000
__Lbank1                 bank1        0000
__Lbank2                 bank2        0000
__Lbank3                 bank3        0000
__LbssBANK0              bssBANK0     0000
__LbssCOMMON             bssCOMMON    0000
__Lcinit                 cinit        0011
__Lclrtext               clrtext      0000
__Lcode                  code         0000
__Lcommon                common       0000
__Lconfig                config       0000
__LcstackBANK0           cstackBANK0  0000
__LcstackBANK1           cstackBANK1  0000
__LcstackCOMMON          cstackCOMMON 0000
__Leeprom_data           eeprom_data  0000
__Lend_init              end_init     000E
__Lfunctab               functab      0000
__Linit                  init         000E
__Lintentry              intentry     0004
__Lmaintext              maintext     0000
__Lpowerup               powerup      0000
__Lram                   ram          0000
__Lreset_vec             reset_vec    0000
__Lsfr0                  sfr0         0000
__Lsfr1                  sfr1         0000
__Lsfr2                  sfr2         0000
__Lsfr3                  sfr3         0000
__Lspace_0               (abs)        0000
__Lspace_1               (abs)        0000
__Lspace_2               (abs)        0000
__Lspace_3               (abs)        0000
__Lspace_4               (abs)        0000
__Lstack                 stack        0000
__Lstrings               strings      0000
__Ltext                  text         0000
__S0                     (abs)        1000
__S1                     (abs)        00A4
__S2                     (abs)        0000
__S3                     (abs)        0000
__Umul8_16               text9        0D1A
__Umul8_16@multiplicand  cstackBANK0  0020
__Umul8_16@multiplier    cstackBANK0  0028
__Umul8_16@product       cstackBANK0  0024
__Umul8_16@word_mpld     cstackBANK0  0026
___fladd                 text10       0381
___fladd@a               cstackBANK0  004C
___fladd@aexp            cstackBANK0  0059
___fladd@b               cstackBANK0  0048
___fladd@bexp            cstackBANK0  005A
___fladd@grs             cstackBANK0  005B
___fladd@signs           cstackBANK0  0058
___flmul                 text8        0020
___flmul@a               cstackBANK0  0032
___flmul@aexp            cstackBANK0  003C
___flmul@b               cstackBANK0  002E
___flmul@bexp            cstackBANK0  0041
___flmul@grs             cstackBANK0  003D
___flmul@prod            cstackBANK0  0042
___flmul@sign            cstackBANK0  003B
___flmul@temp            cstackBANK0  0046
___fltol                 text7        0E3A
___fltol@exp1            cstackBANK0  0066
___fltol@f1              cstackBANK0  005C
___fltol@sign1           cstackBANK0  0065
___int_sp                stack        0000
___latbits               (abs)        0002
___sp                    stack        0000
___stackhi               (abs)        0000
___stacklo               (abs)        0000
___xxtofl                text6        070A
___xxtofl@arg            cstackBANK0  002A
___xxtofl@exp            cstackBANK0  0029
___xxtofl@sign           cstackBANK0  0028
___xxtofl@val            cstackBANK0  0020
__end_of_I2C_Slave_Init  text4        0D1A
__end_of__Umul8_16       text9        0D43
__end_of___fladd         text10       0609
__end_of___flmul         text8        0381
__end_of___fltol         text7        0EB6
__end_of___xxtofl        text6        07C6
__end_of__initialization cinit        001C
__end_of_chselect        text11       070A
__end_of_ctrservo        text5        0F48
__end_of_initAN          text3        07F6
__end_of_initOsc         text2        0E3A
__end_of_isr             text12       1000
__end_of_main            maintext     0D8D
__end_of_setup           text1        0DDC
__initialization         cinit        0011
__pbssBANK0              bssBANK0     006C
__pbssCOMMON             bssCOMMON    0070
__pcstackBANK0           cstackBANK0  0020
__pcstackBANK1           cstackBANK1  00A0
__pcstackCOMMON          cstackCOMMON 0075
__pintentry              intentry     0004
__pmaintext              maintext     0D43
__ptext1                 text1        0D8D
__ptext10                text10       0381
__ptext11                text11       0609
__ptext12                text12       0F48
__ptext2                 text2        0DDC
__ptext3                 text3        07C6
__ptext4                 text4        0CFE
__ptext5                 text5        0EB6
__ptext6                 text6        070A
__ptext7                 text7        0E3A
__ptext8                 text8        0020
__ptext9                 text9        0D1A
__size_of_I2C_Slave_Init (abs)        0000
__size_of__Umul8_16      (abs)        0000
__size_of___fladd        (abs)        0000
__size_of___flmul        (abs)        0000
__size_of___fltol        (abs)        0000
__size_of___xxtofl       (abs)        0000
__size_of_chselect       (abs)        0000
__size_of_ctrservo       (abs)        0000
__size_of_initAN         (abs)        0000
__size_of_initOsc        (abs)        0000
__size_of_isr            (abs)        0000
__size_of_main           (abs)        0000
__size_of_setup          (abs)        0000
_bandera                 bssBANK0     006C
_chselect                text11       0609
_cont                    bssCOMMON    0073
_ctrservo                text5        0EB6
_ctrservo$1313           cstackBANK1  00A0
_inI2C                   bssCOMMON    0072
_initAN                  text3        07C6
_initOsc                 text2        0DDC
_isr                     text12       0F48
_main                    maintext     0D43
_outI2C                  bssCOMMON    0071
_sensorIR                bssBANK0     006D
_setup                   text1        0D8D
_weight                  bssCOMMON    0070
_z                       bssBANK0     006E
btemp                    (abs)        007E
chselect@cant            cstackBANK0  0023
end_of_initialization    cinit        001C
initAN@bin               cstackBANK0  0022
initAN@just              cstackBANK0  0020
initOsc@frec             cstackBANK0  0022
interrupt_function       intentry     0004
intlevel0                functab      0000
intlevel1                functab      0000
intlevel2                functab      0000
intlevel3                functab      0000
intlevel4                functab      0000
intlevel5                functab      0000
reset_vec                reset_vec    0000
saved_w                  (abs)        007E
start                    init         000E
start_initialization     cinit        0011
wtemp0                   (abs)        007E


MODULE INFORMATION

Module		Function		Class		Link	Load	Size
E:\Microchip\XC8\pic\sources\c90\common\xxtofl.c
		___xxtofl      		CODE           	070A	0000	188

E:\Microchip\XC8\pic\sources\c90\common\xxtofl.c estimated size: 188

MainSlave1.c
		_ctrservo      		CODE           	0EB6	0000	146
		_main          		CODE           	0D43	0000	74
		_isr           		CODE           	0F48	0000	184
		_setup         		CODE           	0D8D	0000	79

MainSlave1.c estimated size: 483

E:\Microchip\XC8\pic\sources\c90\common\sprcadd.c
		___fladd       		CODE           	0381	0000	648

E:\Microchip\XC8\pic\sources\c90\common\sprcadd.c estimated size: 648

I2C.c
		_I2C_Slave_Init		CODE           	0CFE	0000	28

I2C.c estimated size: 28

E:\Microchip\XC8\pic\sources\c90\common\Umul8_16.c
		__Umul8_16     		CODE           	0D1A	0000	41

E:\Microchip\XC8\pic\sources\c90\common\Umul8_16.c estimated size: 41

E:\Microchip\XC8\pic\sources\c90\common\fltol.c
		___fltol       		CODE           	0E3A	0000	124

E:\Microchip\XC8\pic\sources\c90\common\fltol.c estimated size: 124

shared
		__initialization		CODE           	0011	0000	11

shared estimated size: 11

E:\Microchip\XC8\pic\sources\c90\common\sprcmul.c
		___flmul       		CODE           	0020	0000	865

E:\Microchip\XC8\pic\sources\c90\common\sprcmul.c estimated size: 865

./my_lib.h
		_initAN        		CODE           	07C6	0000	48
		_initOsc       		CODE           	0DDC	0000	94
		_chselect      		CODE           	0609	0000	257

./my_lib.h estimated size: 399

