Microchip MPLAB XC8 Compiler V2.32

Linker command line:

-W-3 --edf=E:\Microchip\XC8\pic\dat\en_msgs.txt -cn \
  -h+dist/default/production\ProyectoSlavePeso.X.production.sym \
  --cmf=dist/default/production\ProyectoSlavePeso.X.production.cmf -z \
  -Q16F887 -oC:\Users\diego\AppData\Local\Temp\xcAs13k.5 \
  --defsym=__MPLAB_BUILD=1 \
  -Mdist/default/production/ProyectoSlavePeso.X.production.map -E1 \
  -ver=XC8 Compiler --acfsm=1493 -ASTACK=0110h-016Fh -pstack=STACK \
  -ACODE=00h-07FFhx4 -ASTRCODE=00h-01FFFh -ASTRING=00h-0FFhx32 \
  -ACONST=00h-0FFhx32 -AENTRY=00h-0FFhx32 -ACOMMON=070h-07Fh \
  -ABANK0=020h-06Fh -ABANK1=0A0h-0EFh -ABANK2=0110h-016Fh \
  -ABANK3=0190h-01EFh -ARAM=020h-06Fh,0A0h-0EFh,0110h-016Fh,0190h-01EFh \
  -AABS1=020h-07Fh,0A0h-0EFh,0110h-016Fh,0190h-01EFh -ASFR0=00h-01Fh \
  -ASFR1=080h-09Fh -ASFR2=0100h-010Fh -ASFR3=0180h-018Fh \
  -ACONFIG=02007h-02008h -DCONFIG=2 -AIDLOC=02000h-02003h -DIDLOC=2 \
  -AEEDATA=00h-0FFh/02100h -peeprom_data=EEDATA -DEEDATA=2 -DCODE=2 \
  -DSTRCODE=2 -DSTRING=2 -DCONST=2 -DENTRY=2 \
  -preset_vec=00h,intentry=04h,init,end_init -ppowerup=CODE -pcinit=CODE \
  -pfunctab=ENTRY -k C:\Users\diego\AppData\Local\Temp\xcAs13k.o \
  dist/default/production\ProyectoSlavePeso.X.production.o 

Object code version is 3.11

Machine type is 16F887



                Name                               Link     Load   Length Selector   Space Scale
C:\Users\diego\AppData\Local\Temp\xcAs13k.o
                end_init                              C        C        3        8       0
                reset_vec                             0        0        3        0       0
                config                             2007     2007        2        0       4
dist/default/production\ProyectoSlavePeso.X.production.o
                cinit                                 F        F       11        8       0
                intentry                              4        4        8        8       0
                config                             2007     2007        2        0       4
                text9                               130      130       63        8       0
                text8                               2A6      2A6       15        8       0
                text7                               193      193       5C        8       0
                text6                               247      247       25        8       0
                text5                                20       20       9D        8       0
                text4                               2BB      2BB        E        8       0
                text3                               1EF      1EF       58        8       0
                text2                                BD       BD       73        8       0
                text1                               28E      28E       18        8       0
                maintext                            26C      26C       22        8       0
                cstackBANK0                          20       20       20       20       1
                cstackCOMMON                         70       70        8       70       1
                bssBANK0                             40       40        8       20       1
                bssCOMMON                            78       78        3       70       1

TOTAL           Name                               Link     Load   Length     Space
        CLASS   STACK          

        CLASS   CODE           
                end_init                              C        C        3         0
                cinit                                 F        F       11         0
                intentry                              4        4        8         0
                reset_vec                             0        0        3         0
                text9                               130      130       63         0
                text8                               2A6      2A6       15         0
                text7                               193      193       5C         0
                text6                               247      247       25         0
                text5                                20       20       9D         0
                text4                               2BB      2BB        E         0
                text3                               1EF      1EF       58         0
                text2                                BD       BD       73         0
                text1                               28E      28E       18         0
                maintext                            26C      26C       22         0

        CLASS   STRCODE        

        CLASS   STRING         

        CLASS   CONST          

        CLASS   ENTRY          

        CLASS   COMMON         
                cstackCOMMON                         70       70        8         1
                bssCOMMON                            78       78        3         1

        CLASS   BANK0          
                cstackBANK0                          20       20       20         1
                bssBANK0                             40       40        8         1

        CLASS   BANK1          

        CLASS   BANK2          

        CLASS   BANK3          

        CLASS   RAM            

        CLASS   ABS1           
                abs_s1                               7E       7E        2         1

        CLASS   SFR0           

        CLASS   SFR1           

        CLASS   SFR2           

        CLASS   SFR3           

        CLASS   CONFIG         
                config                             2007     2007        2         4

        CLASS   IDLOC          

        CLASS   EEDATA         



SEGMENTS        Name                           Load    Length   Top    Selector   Space  Class     Delta

                reset_vec                      000000  000003  000003         0       0  CODE        2
                intentry                       000004  0002C5  0002C9         8       0  CODE        2
                cstackBANK0                    000020  000028  000048        20       1  BANK0       1
                cstackCOMMON                   000070  00000B  00007B        70       1  COMMON      1


UNUSED ADDRESS RANGES

        Name                Unused          Largest block    Delta
        BANK0            0048-006F             28           1
        BANK1            00A0-00EF             50           1
        BANK2            0110-016F             60           1
        BANK3            0190-01EF             60           1
        CODE             0003-0003              1           2
                         02C9-1FFF            800
        COMMON           007B-007D              3           1
        CONST            0003-0003              1           2
                         02C9-1FFF            100
        EEDATA           2100-21FF            100           2
        ENTRY            0003-0003              1           2
                         02C9-1FFF            100
        IDLOC            2000-2003              4           2
        RAM              0048-006F             28           1
                         00A0-00EF             50
                         0110-016F             60
                         0190-01EF             60
        SFR0             0000-001F             20           1
        SFR1             0080-009F             20           1
        SFR2             0100-010F             10           1
        SFR3             0180-018F             10           1
        STACK            0110-016F             60           1
        STRCODE          0003-0003              1           2
                         02C9-1FFF           1D37
        STRING           0003-0003              1           2
                         02C9-1FFF            100

                                  Symbol Table

?___aldiv                cstackBANK0  0020
?_hx711_lectura          cstackCOMMON 0074
?_hx711_promedio         cstackBANK0  002E
_ADCON0bits              (abs)        001F
_ADCON1bits              (abs)        009F
_ANSEL                   (abs)        0188
_ANSELH                  (abs)        0189
_BAUDCTLbits             (abs)        0187
_BF                      (abs)        04A0
_GIE                     (abs)        005F
_INTCON                  (abs)        000B
_INTCONbits              (abs)        000B
_IOCB                    (abs)        0096
_OPTION_REG              (abs)        0081
_OSCCONbits              (abs)        008F
_PEIE                    (abs)        005E
_PIE1                    (abs)        008C
_PIE1bits                (abs)        008C
_PIE2                    (abs)        008D
_PIR1                    (abs)        000C
_PIR1bits                (abs)        000C
_PIR2                    (abs)        000D
_PORTA                   (abs)        0005
_PORTB                   (abs)        0006
_PORTC                   (abs)        0007
_PORTD                   (abs)        0008
_PORTE                   (abs)        0009
_RA0                     (abs)        0028
_RA1                     (abs)        0029
_RCSTAbits               (abs)        0018
_SPBRG                   (abs)        0099
_SPBRGH                  (abs)        009A
_SSPADD                  (abs)        0093
_SSPBUF                  (abs)        0013
_SSPCON                  (abs)        0014
_SSPCON2                 (abs)        0091
_SSPCON2bits             (abs)        0091
_SSPCONbits              (abs)        0014
_SSPIE                   (abs)        0463
_SSPIF                   (abs)        0063
_SSPSTAT                 (abs)        0094
_SSPSTATbits             (abs)        0094
_TRISA                   (abs)        0085
_TRISAbits               (abs)        0085
_TRISB                   (abs)        0086
_TRISC                   (abs)        0087
_TRISC3                  (abs)        043B
_TRISC4                  (abs)        043C
_TRISCbits               (abs)        0087
_TRISD                   (abs)        0088
_TRISE                   (abs)        0089
_TXSTAbits               (abs)        0098
_WPUB                    (abs)        0095
__Habs1                  abs1         0000
__Hbank0                 bank0        0000
__Hbank1                 bank1        0000
__Hbank2                 bank2        0000
__Hbank3                 bank3        0000
__HbssBANK0              bssBANK0     0000
__HbssCOMMON             bssCOMMON    0000
__Hcinit                 cinit        0020
__Hclrtext               clrtext      0000
__Hcode                  code         0000
__Hcommon                common       0000
__Hconfig                config       2009
__HcstackBANK0           cstackBANK0  0000
__HcstackCOMMON          cstackCOMMON 0000
__Heeprom_data           eeprom_data  0000
__Hend_init              end_init     000F
__Hfunctab               functab      0000
__Hinit                  init         000C
__Hintentry              intentry     000C
__Hmaintext              maintext     0000
__Hpowerup               powerup      0000
__Hram                   ram          0000
__Hreset_vec             reset_vec    0003
__Hsfr0                  sfr0         0000
__Hsfr1                  sfr1         0000
__Hsfr2                  sfr2         0000
__Hsfr3                  sfr3         0000
__Hspace_0               (abs)        02C9
__Hspace_1               (abs)        007B
__Hspace_2               (abs)        0000
__Hspace_3               (abs)        0000
__Hspace_4               (abs)        4010
__Hstack                 stack        0000
__Hstrings               strings      0000
__Htext                  text         0000
__Labs1                  abs1         0000
__Lbank0                 bank0        0000
__Lbank1                 bank1        0000
__Lbank2                 bank2        0000
__Lbank3                 bank3        0000
__LbssBANK0              bssBANK0     0000
__LbssCOMMON             bssCOMMON    0000
__Lcinit                 cinit        000F
__Lclrtext               clrtext      0000
__Lcode                  code         0000
__Lcommon                common       0000
__Lconfig                config       0000
__LcstackBANK0           cstackBANK0  0000
__LcstackCOMMON          cstackCOMMON 0000
__Leeprom_data           eeprom_data  0000
__Lend_init              end_init     000C
__Lfunctab               functab      0000
__Linit                  init         000C
__Lintentry              intentry     0004
__Lmaintext              maintext     0000
__Lpowerup               powerup      0000
__Lram                   ram          0000
__Lreset_vec             reset_vec    0000
__Lsfr0                  sfr0         0000
__Lsfr1                  sfr1         0000
__Lsfr2                  sfr2         0000
__Lsfr3                  sfr3         0000
__Lspace_0               (abs)        0000
__Lspace_1               (abs)        0000
__Lspace_2               (abs)        0000
__Lspace_3               (abs)        0000
__Lspace_4               (abs)        0000
__Lstack                 stack        0000
__Lstrings               strings      0000
__Ltext                  text         0000
__S0                     (abs)        02C9
__S1                     (abs)        007B
__S2                     (abs)        0000
__S3                     (abs)        0000
___aldiv                 text5        0020
___aldiv@counter         cstackBANK0  0028
___aldiv@dividend        cstackBANK0  0024
___aldiv@divisor         cstackBANK0  0020
___aldiv@quotient        cstackBANK0  002A
___aldiv@sign            cstackBANK0  0029
___int_sp                stack        0000
___latbits               (abs)        0002
___sp                    stack        0000
___stackhi               (abs)        0000
___stacklo               (abs)        0000
__end_of___aldiv         text5        00BD
__end_of__initialization cinit        001C
__end_of_hx711_init      text8        02BB
__end_of_hx711_lectura   text3        0247
__end_of_hx711_promedio  text2        0130
__end_of_hx711_pulso     text4        02C9
__end_of_initOsc         text7        01EF
__end_of_isr             text9        0193
__end_of_main            maintext     028E
__end_of_setup           text6        026C
__end_of_tarar           text1        02A6
__initialization         cinit        000F
__pbssBANK0              bssBANK0     0040
__pbssCOMMON             bssCOMMON    0078
__pcstackBANK0           cstackBANK0  0020
__pcstackCOMMON          cstackCOMMON 0070
__pintentry              intentry     0004
__pmaintext              maintext     026C
__ptext1                 text1        028E
__ptext2                 text2        00BD
__ptext3                 text3        01EF
__ptext4                 text4        02BB
__ptext5                 text5        0020
__ptext6                 text6        0247
__ptext7                 text7        0193
__ptext8                 text8        02A6
__ptext9                 text9        0130
__size_of___aldiv        (abs)        0000
__size_of_hx711_init     (abs)        0000
__size_of_hx711_lectura  (abs)        0000
__size_of_hx711_promedio (abs)        0000
__size_of_hx711_pulso    (abs)        0000
__size_of_initOsc        (abs)        0000
__size_of_isr            (abs)        0000
__size_of_main           (abs)        0000
__size_of_setup          (abs)        0000
__size_of_tarar          (abs)        0000
_hx711_init              text8        02A6
_hx711_lectura           text3        01EF
_hx711_promedio          text2        00BD
_hx711_pulso             text4        02BB
_inI2C                   bssBANK0     0046
_initOsc                 text7        0193
_isr                     text9        0130
_main                    maintext     026C
_offset                  bssBANK0     0040
_outI2C                  bssCOMMON    0078
_setup                   text6        0247
_tarar                   text1        028E
_weight                  bssBANK0     0044
_z                       bssCOMMON    0079
btemp                    (abs)        007E
end_of_initialization    cinit        001C
hx711_lectura@cont       cstackBANK0  0028
hx711_lectura@dato       cstackBANK0  002A
hx711_lectura@ganancia   cstackBANK0  0029
hx711_promedio@cont      cstackBANK0  003B
hx711_promedio@ganancia  cstackBANK0  002E
hx711_promedio@prom      cstackBANK0  0037
hx711_promedio@veces     cstackBANK0  0036
hx711_pulso@lec          cstackCOMMON 0073
initOsc@frec             cstackCOMMON 0075
interrupt_function       intentry     0004
intlevel0                functab      0000
intlevel1                functab      0000
intlevel2                functab      0000
intlevel3                functab      0000
intlevel4                functab      0000
intlevel5                functab      0000
reset_vec                reset_vec    0000
saved_w                  (abs)        007E
start                    init         000C
start_initialization     cinit        000F
tarar@ganancia           cstackBANK0  003C
tarar@veces              cstackBANK0  003E
wtemp0                   (abs)        007E


MODULE INFORMATION

Module		Function		Class		Link	Load	Size
HX711.c
		_tarar         		CODE           	028E	0000	24
		_hx711_pulso   		CODE           	02BB	0000	14
		_hx711_init    		CODE           	02A6	0000	21
		_hx711_promedio		CODE           	00BD	0000	115
		_hx711_lectura 		CODE           	01EF	0000	88

HX711.c estimated size: 262

MainSlave1.c
		_main          		CODE           	026C	0000	34
		_isr           		CODE           	0130	0000	99
		_setup         		CODE           	0247	0000	37

MainSlave1.c estimated size: 170

shared
		__initialization		CODE           	000F	0000	13

shared estimated size: 13

E:\Microchip\XC8\pic\sources\c90\common\aldiv.c
		___aldiv       		CODE           	0020	0000	157

E:\Microchip\XC8\pic\sources\c90\common\aldiv.c estimated size: 157

./my_lib.h
		_initOsc       		CODE           	0193	0000	92

./my_lib.h estimated size: 92

