Microchip MPLAB XC8 Compiler V2.32

Linker command line:

-W-3 --edf=E:\Microchip\XC8\pic\dat\en_msgs.txt -cn \
  -h+dist/default/production\Laboratorio5.X.production.sym \
  --cmf=dist/default/production\Laboratorio5.X.production.cmf -z -Q16F887 \
  -oC:\Users\diego\AppData\Local\Temp\xcAsih4.4 --defsym=__MPLAB_BUILD=1 \
  -Mdist/default/production/Laboratorio5.X.production.map -E1 \
  -ver=XC8 Compiler --acfsm=1493 -ASTACK=0110h-016Fh -pstack=STACK \
  -ACODE=00h-07FFhx4 -ASTRCODE=00h-01FFFh -ASTRING=00h-0FFhx32 \
  -ACONST=00h-0FFhx32 -AENTRY=00h-0FFhx32 -ACOMMON=070h-07Fh \
  -ABANK0=020h-06Fh -ABANK1=0A0h-0EFh -ABANK2=0110h-016Fh \
  -ABANK3=0190h-01EFh -ARAM=020h-06Fh,0A0h-0EFh,0110h-016Fh,0190h-01EFh \
  -AABS1=020h-07Fh,0A0h-0EFh,0110h-016Fh,0190h-01EFh -ASFR0=00h-01Fh \
  -ASFR1=080h-09Fh -ASFR2=0100h-010Fh -ASFR3=0180h-018Fh \
  -ACONFIG=02007h-02008h -DCONFIG=2 -AIDLOC=02000h-02003h -DIDLOC=2 \
  -AEEDATA=00h-0FFh/02100h -peeprom_data=EEDATA -DEEDATA=2 -DCODE=2 \
  -DSTRCODE=2 -DSTRING=2 -DCONST=2 -DENTRY=2 \
  -preset_vec=00h,intentry=04h,init,end_init -ppowerup=CODE -pcinit=CODE \
  -pfunctab=ENTRY -k C:\Users\diego\AppData\Local\Temp\xcAsih4.o \
  dist/default/production\Laboratorio5.X.production.o 

Object code version is 3.11

Machine type is 16F887



                Name                               Link     Load   Length Selector   Space Scale
C:\Users\diego\AppData\Local\Temp\xcAsih4.o
                end_init                              C        C        3        8       0
                reset_vec                             0        0        3        0       0
                config                             2007     2007        2        0       4
dist/default/production\Laboratorio5.X.production.o
                cinit                                 F        F       13        8       0
                intentry                              4        4        8        8       0
                config                             2007     2007        2        0       4
                text12                              79C      79C       3C        8       0
                text11                              2B2      2B2      1DD        8       0
                text10                               22       22      290        8       0
                text9                               7D8      7D8       24        8       0
                text8                               666      666       7C        8       0
                text7                               FA1      FA1       2B     1F42       0
                text6                               5AA      5AA       BC        8       0
                text5                               48F      48F      11B        8       0
                text4                               F81      F81       20     1F02       0
                text3                               740      740       5C        8       0
                text2                               F73      F73        E     1EE6       0
                text1                               FCC      FCC       34     1F98       0
                maintext                            6E2      6E2       5E        8       0
                cstackBANK0                          20       20       27       20       1
                cstackCOMMON                         70       70        8       70       1
                bssBANK0                             47       47        A       20       1
                bssCOMMON                            78       78        3       70       1

TOTAL           Name                               Link     Load   Length     Space
        CLASS   STACK          

        CLASS   CODE           
                end_init                              C        C        3         0
                cinit                                 F        F       13         0
                intentry                              4        4        8         0
                reset_vec                             0        0        3         0
                text12                              79C      79C       3C         0
                text11                              2B2      2B2      1DD         0
                text10                               22       22      290         0
                text9                               7D8      7D8       24         0
                text8                               666      666       7C         0
                text7                               FA1      FA1       2B         0
                text6                               5AA      5AA       BC         0
                text5                               48F      48F      11B         0
                text4                               F81      F81       20         0
                text3                               740      740       5C         0
                text2                               F73      F73        E         0
                text1                               FCC      FCC       34         0
                maintext                            6E2      6E2       5E         0

        CLASS   STRCODE        

        CLASS   STRING         

        CLASS   CONST          

        CLASS   ENTRY          

        CLASS   COMMON         
                cstackCOMMON                         70       70        8         1
                bssCOMMON                            78       78        3         1

        CLASS   BANK0          
                cstackBANK0                          20       20       27         1
                bssBANK0                             47       47        A         1

        CLASS   BANK1          

        CLASS   BANK2          

        CLASS   BANK3          

        CLASS   RAM            

        CLASS   ABS1           
                abs_s1                               7E       7E        2         1

        CLASS   SFR0           

        CLASS   SFR1           

        CLASS   SFR2           

        CLASS   SFR3           

        CLASS   CONFIG         
                config                             2007     2007        2         4

        CLASS   IDLOC          

        CLASS   EEDATA         



SEGMENTS        Name                           Load    Length   Top    Selector   Space  Class     Delta

                reset_vec                      000000  000003  000003         0       0  CODE        2
                intentry                       000004  0007F8  0007FC         8       0  CODE        2
                cstackBANK0                    000020  000031  000051        20       1  BANK0       1
                cstackCOMMON                   000070  00000B  00007B        70       1  COMMON      1
                text2                          000F73  00000E  000F81      1EE6       0  CODE        2
                text4                          000F81  000020  000FA1      1F02       0  CODE        2
                text7                          000FA1  00002B  000FCC      1F42       0  CODE        2
                text1                          000FCC  000034  001000      1F98       0  CODE        2


UNUSED ADDRESS RANGES

        Name                Unused          Largest block    Delta
        BANK0            0051-006F             1F           1
        BANK1            00A0-00EF             50           1
        BANK2            0110-016F             60           1
        BANK3            0190-01EF             60           1
        CODE             0003-0003              1           2
                         07FC-0F72              4
                         1000-1FFF            800
        COMMON           007B-007D              3           1
        CONST            0003-0003              1           2
                         07FC-0F72            100
                         1000-1FFF            100
        EEDATA           2100-21FF            100           2
        ENTRY            0003-0003              1           2
                         07FC-0F72            100
                         1000-1FFF            100
        IDLOC            2000-2003              4           2
        RAM              0051-006F             1F           1
                         00A0-00EF             50
                         0110-016F             60
                         0190-01EF             60
        SFR0             0000-001F             20           1
        SFR1             0080-009F             20           1
        SFR2             0100-010F             10           1
        SFR3             0180-018F             10           1
        STACK            0110-016F             60           1
        STRCODE          0003-0003              1           2
                         07FC-0F72            777
                         1000-1FFF           1000
        STRING           0003-0003              1           2
                         07FC-0F72            100
                         1000-1FFF            100

                                  Symbol Table

?___fladd                cstackBANK0  0020
?___fldiv                cstackBANK0  0020
?___flsub                cstackBANK0  0030
?___fltol                cstackBANK0  0035
?___wmul                 cstackCOMMON 0073
?___xxtofl               cstackBANK0  0022
_ADCON0bits              (abs)        001F
_ADCON1bits              (abs)        009F
_ANSEL                   (abs)        0188
_ANSELH                  (abs)        0189
_BAUDCTLbits             (abs)        0187
_INTCON                  (abs)        000B
_INTCONbits              (abs)        000B
_IOCB                    (abs)        0096
_OPTION_REG              (abs)        0081
_OSCCONbits              (abs)        008F
_PIE1                    (abs)        008C
_PIE1bits                (abs)        008C
_PIE2                    (abs)        008D
_PIR1                    (abs)        000C
_PIR1bits                (abs)        000C
_PIR2                    (abs)        000D
_PORTA                   (abs)        0005
_PORTB                   (abs)        0006
_PORTC                   (abs)        0007
_PORTD                   (abs)        0008
_PORTE                   (abs)        0009
_RB0                     (abs)        0030
_RB1                     (abs)        0031
_RBIF                    (abs)        0058
_RCREG                   (abs)        001A
_RCSTAbits               (abs)        0018
_RXREC                   bssCOMMON    007A
_SPBRG                   (abs)        0099
_SPBRGH                  (abs)        009A
_TRISA                   (abs)        0085
_TRISB                   (abs)        0086
_TRISC                   (abs)        0087
_TRISD                   (abs)        0088
_TRISE                   (abs)        0089
_TXIF                    (abs)        0064
_TXREG                   (abs)        0019
_TXSTAbits               (abs)        0098
_WPUB                    (abs)        0095
__Habs1                  abs1         0000
__Hbank0                 bank0        0000
__Hbank1                 bank1        0000
__Hbank2                 bank2        0000
__Hbank3                 bank3        0000
__HbssBANK0              bssBANK0     0000
__HbssCOMMON             bssCOMMON    0000
__Hcinit                 cinit        0022
__Hclrtext               clrtext      0000
__Hcode                  code         0000
__Hcommon                common       0000
__Hconfig                config       2009
__HcstackBANK0           cstackBANK0  0000
__HcstackCOMMON          cstackCOMMON 0000
__Heeprom_data           eeprom_data  0000
__Hend_init              end_init     000F
__Hfunctab               functab      0000
__Hinit                  init         000C
__Hintentry              intentry     000C
__Hmaintext              maintext     0000
__Hpowerup               powerup      0000
__Hram                   ram          0000
__Hreset_vec             reset_vec    0003
__Hsfr0                  sfr0         0000
__Hsfr1                  sfr1         0000
__Hsfr2                  sfr2         0000
__Hsfr3                  sfr3         0000
__Hspace_0               (abs)        1000
__Hspace_1               (abs)        007B
__Hspace_2               (abs)        0000
__Hspace_3               (abs)        0000
__Hspace_4               (abs)        4010
__Hstack                 stack        0000
__Hstrings               strings      0000
__Htext                  text         0000
__Labs1                  abs1         0000
__Lbank0                 bank0        0000
__Lbank1                 bank1        0000
__Lbank2                 bank2        0000
__Lbank3                 bank3        0000
__LbssBANK0              bssBANK0     0000
__LbssCOMMON             bssCOMMON    0000
__Lcinit                 cinit        000F
__Lclrtext               clrtext      0000
__Lcode                  code         0000
__Lcommon                common       0000
__Lconfig                config       0000
__LcstackBANK0           cstackBANK0  0000
__LcstackCOMMON          cstackCOMMON 0000
__Leeprom_data           eeprom_data  0000
__Lend_init              end_init     000C
__Lfunctab               functab      0000
__Linit                  init         000C
__Lintentry              intentry     0004
__Lmaintext              maintext     0000
__Lpowerup               powerup      0000
__Lram                   ram          0000
__Lreset_vec             reset_vec    0000
__Lsfr0                  sfr0         0000
__Lsfr1                  sfr1         0000
__Lsfr2                  sfr2         0000
__Lsfr3                  sfr3         0000
__Lspace_0               (abs)        0000
__Lspace_1               (abs)        0000
__Lspace_2               (abs)        0000
__Lspace_3               (abs)        0000
__Lspace_4               (abs)        0000
__Lstack                 stack        0000
__Lstrings               strings      0000
__Ltext                  text         0000
__S0                     (abs)        1000
__S1                     (abs)        007B
__S2                     (abs)        0000
__S3                     (abs)        0000
___fladd                 text10       0022
___fladd@a               cstackBANK0  0024
___fladd@aexp            cstackCOMMON 0074
___fladd@b               cstackBANK0  0020
___fladd@bexp            cstackCOMMON 0075
___fladd@grs             cstackCOMMON 0076
___fladd@signs           cstackCOMMON 0073
___fldiv                 text11       02B2
___fldiv@a               cstackBANK0  0020
___fldiv@aexp            cstackBANK0  0034
___fldiv@b               cstackBANK0  0024
___fldiv@bexp            cstackBANK0  0033
___fldiv@grs             cstackBANK0  002F
___fldiv@new_exp         cstackBANK0  002D
___fldiv@rem             cstackBANK0  0028
___fldiv@sign            cstackBANK0  002C
___flsub                 text9        07D8
___flsub@a               cstackBANK0  0030
___flsub@b               cstackBANK0  0034
___fltol                 text8        0666
___fltol@exp1            cstackBANK0  003F
___fltol@f1              cstackBANK0  0035
___fltol@sign1           cstackBANK0  003E
___int_sp                stack        0000
___latbits               (abs)        0002
___sp                    stack        0000
___stackhi               (abs)        0000
___stacklo               (abs)        0000
___wmul                  text7        0FA1
___wmul@multiplicand     cstackCOMMON 0075
___wmul@multiplier       cstackCOMMON 0073
___wmul@product          cstackBANK0  0020
___xxtofl                text6        05AA
___xxtofl@arg            cstackBANK0  002C
___xxtofl@exp            cstackBANK0  002B
___xxtofl@sign           cstackBANK0  002A
___xxtofl@val            cstackBANK0  0022
__end_of___fladd         text10       02B2
__end_of___fldiv         text11       048F
__end_of___flsub         text9        07FC
__end_of___fltol         text8        06E2
__end_of___wmul          text7        0FCC
__end_of___xxtofl        text6        0666
__end_of__initialization cinit        001E
__end_of_decimal         text5        05AA
__end_of_initEUSART      text4        0FA1
__end_of_initOsc         text3        079C
__end_of_isr             text12       07D8
__end_of_main            maintext     0740
__end_of_pushPORTB       text2        0F81
__end_of_setup           text1        1000
__initialization         cinit        000F
__pbssBANK0              bssBANK0     0047
__pbssCOMMON             bssCOMMON    0078
__pcstackBANK0           cstackBANK0  0020
__pcstackCOMMON          cstackCOMMON 0070
__pintentry              intentry     0004
__pmaintext              maintext     06E2
__ptext1                 text1        0FCC
__ptext10                text10       0022
__ptext11                text11       02B2
__ptext12                text12       079C
__ptext2                 text2        0F73
__ptext3                 text3        0740
__ptext4                 text4        0F81
__ptext5                 text5        048F
__ptext6                 text6        05AA
__ptext7                 text7        0FA1
__ptext8                 text8        0666
__ptext9                 text9        07D8
__size_of___fladd        (abs)        0000
__size_of___fldiv        (abs)        0000
__size_of___flsub        (abs)        0000
__size_of___fltol        (abs)        0000
__size_of___wmul         (abs)        0000
__size_of___xxtofl       (abs)        0000
__size_of_decimal        (abs)        0000
__size_of_initEUSART     (abs)        0000
__size_of_initOsc        (abs)        0000
__size_of_isr            (abs)        0000
__size_of_main           (abs)        0000
__size_of_pushPORTB      (abs)        0000
__size_of_setup          (abs)        0000
_centenas                bssCOMMON    0078
_contador                bssBANK0     004E
_decenas                 bssCOMMON    0079
_decimal                 text5        048F
_flaglec                 bssBANK0     004D
_initEUSART              text4        0F81
_initOsc                 text3        0740
_isr                     text12       079C
_main                    maintext     06E2
_pushPORTB               text2        0F73
_setup                   text1        0FCC
_unidades                bssBANK0     004B
_valor                   bssBANK0     0047
btemp                    (abs)        007E
decimal@variable         cstackBANK0  0044
end_of_initialization    cinit        001E
initEUSART@rx            cstackCOMMON 0073
initEUSART@tx            cstackCOMMON 0074
initOsc@frec             cstackCOMMON 0075
interrupt_function       intentry     0004
intlevel0                functab      0000
intlevel1                functab      0000
intlevel2                functab      0000
intlevel3                functab      0000
intlevel4                functab      0000
intlevel5                functab      0000
pushPORTB@val            cstackCOMMON 0073
reset_vec                reset_vec    0000
saved_w                  (abs)        007E
start                    init         000C
start_initialization     cinit        000F
wtemp0                   (abs)        007E


MODULE INFORMATION

Module		Function		Class		Link	Load	Size
E:\Microchip\XC8\pic\sources\c90\common\xxtofl.c
		___xxtofl      		CODE           	05AA	0000	188

E:\Microchip\XC8\pic\sources\c90\common\xxtofl.c estimated size: 188

E:\Microchip\XC8\pic\sources\c90\common\sprcadd.c
		___flsub       		CODE           	07D8	0000	36
		___fladd       		CODE           	0022	0000	656

E:\Microchip\XC8\pic\sources\c90\common\sprcadd.c estimated size: 692

MainL5.c
		_decimal       		CODE           	048F	0000	283
		_main          		CODE           	06E2	0000	94
		_isr           		CODE           	079C	0000	60
		_setup         		CODE           	0FCC	0000	52

MainL5.c estimated size: 489

E:\Microchip\XC8\pic\sources\c90\common\Umul16.c
		___wmul        		CODE           	0FA1	0000	43

E:\Microchip\XC8\pic\sources\c90\common\Umul16.c estimated size: 43

E:\Microchip\XC8\pic\sources\c90\common\fltol.c
		___fltol       		CODE           	0666	0000	124

E:\Microchip\XC8\pic\sources\c90\common\fltol.c estimated size: 124

shared
		__initialization		CODE           	000F	0000	15

shared estimated size: 15

E:\Microchip\XC8\pic\sources\c90\common\sprcdiv.c
		___fldiv       		CODE           	02B2	0000	477

E:\Microchip\XC8\pic\sources\c90\common\sprcdiv.c estimated size: 477

./my_lib.h
		_pushPORTB     		CODE           	0F73	0000	14
		_initEUSART    		CODE           	0F81	0000	32
		_initOsc       		CODE           	0740	0000	92

./my_lib.h estimated size: 138

