Microchip MPLAB XC8 Compiler V2.32

Linker command line:

-W-3 --edf=E:\Microchip\XC8\pic\dat\en_msgs.txt -cn \
  -h+dist/default/production\Laboratorio5.X.production.sym \
  --cmf=dist/default/production\Laboratorio5.X.production.cmf -z -Q16F887 \
  -oC:\Users\diego\AppData\Local\Temp\xcAsiig.4 --defsym=__MPLAB_BUILD=1 \
  -Mdist/default/production/Laboratorio5.X.production.map -E1 \
  -ver=XC8 Compiler --acfsm=1493 -ASTACK=0110h-016Fh -pstack=STACK \
  -ACODE=00h-07FFhx4 -ASTRCODE=00h-01FFFh -ASTRING=00h-0FFhx32 \
  -ACONST=00h-0FFhx32 -AENTRY=00h-0FFhx32 -ACOMMON=070h-07Fh \
  -ABANK0=020h-06Fh -ABANK1=0A0h-0EFh -ABANK2=0110h-016Fh \
  -ABANK3=0190h-01EFh -ARAM=020h-06Fh,0A0h-0EFh,0110h-016Fh,0190h-01EFh \
  -AABS1=020h-07Fh,0A0h-0EFh,0110h-016Fh,0190h-01EFh -ASFR0=00h-01Fh \
  -ASFR1=080h-09Fh -ASFR2=0100h-010Fh -ASFR3=0180h-018Fh \
  -ACONFIG=02007h-02008h -DCONFIG=2 -AIDLOC=02000h-02003h -DIDLOC=2 \
  -AEEDATA=00h-0FFh/02100h -peeprom_data=EEDATA -DEEDATA=2 -DCODE=2 \
  -DSTRCODE=2 -DSTRING=2 -DCONST=2 -DENTRY=2 \
  -preset_vec=00h,intentry=04h,init,end_init -ppowerup=CODE -pcinit=CODE \
  -pfunctab=ENTRY -k C:\Users\diego\AppData\Local\Temp\xcAsiig.o \
  dist/default/production\Laboratorio5.X.production.o 

Object code version is 3.11

Machine type is 16F887



                Name                               Link     Load   Length Selector   Space Scale
C:\Users\diego\AppData\Local\Temp\xcAsiig.o
                end_init                              C        C        3        8       0
                reset_vec                             0        0        3        0       0
                config                             2007     2007        2        0       4
dist/default/production\Laboratorio5.X.production.o
                cinit                                 F        F       14        8       0
                intentry                              4        4        8        8       0
                config                             2007     2007        2        0       4
                text13                              F30      F30       15     1E60       0
                text12                              65F      65F       AD        8       0
                text11                              2AB      2AB      1DD        8       0
                text10                               23       23      288        8       0
                text9                               F7E      F7E       24     1EFC       0
                text8                               70C      70C       7C        8       0
                text7                               FA2      FA2       27     1F44       0
                text6                               5A3      5A3       BC        8       0
                text5                               488      488      11B        8       0
                text4                               F60      F60       1E     1EC0       0
                text3                               788      788       5E        8       0
                text2                               7E6      7E6       18        8       0
                text1                               FC9      FC9       37     1F92       0
                maintext                            F45      F45       1B     1E8A       0
                cstackBANK0                          20       20       2C       20       1
                cstackCOMMON                         70       70        9       70       1
                bssBANK0                             4C       4C        9       20       1
                bssCOMMON                            79       79        5       70       1

TOTAL           Name                               Link     Load   Length     Space
        CLASS   STACK          

        CLASS   CODE           
                end_init                              C        C        3         0
                cinit                                 F        F       14         0
                intentry                              4        4        8         0
                reset_vec                             0        0        3         0
                text13                              F30      F30       15         0
                text12                              65F      65F       AD         0
                text11                              2AB      2AB      1DD         0
                text10                               23       23      288         0
                text9                               F7E      F7E       24         0
                text8                               70C      70C       7C         0
                text7                               FA2      FA2       27         0
                text6                               5A3      5A3       BC         0
                text5                               488      488      11B         0
                text4                               F60      F60       1E         0
                text3                               788      788       5E         0
                text2                               7E6      7E6       18         0
                text1                               FC9      FC9       37         0
                maintext                            F45      F45       1B         0

        CLASS   STRCODE        

        CLASS   STRING         

        CLASS   CONST          

        CLASS   ENTRY          

        CLASS   COMMON         
                cstackCOMMON                         70       70        9         1
                bssCOMMON                            79       79        5         1

        CLASS   BANK0          
                cstackBANK0                          20       20       2C         1
                bssBANK0                             4C       4C        9         1

        CLASS   BANK1          

        CLASS   BANK2          

        CLASS   BANK3          

        CLASS   RAM            

        CLASS   ABS1           
                abs_s1                               7E       7E        2         1

        CLASS   SFR0           

        CLASS   SFR1           

        CLASS   SFR2           

        CLASS   SFR3           

        CLASS   CONFIG         
                config                             2007     2007        2         4

        CLASS   IDLOC          

        CLASS   EEDATA         



SEGMENTS        Name                           Load    Length   Top    Selector   Space  Class     Delta

                reset_vec                      000000  000003  000003         0       0  CODE        2
                intentry                       000004  0007FA  0007FE         8       0  CODE        2
                cstackBANK0                    000020  000035  000055        20       1  BANK0       1
                cstackCOMMON                   000070  00000E  00007E        70       1  COMMON      1
                text13                         000F30  000015  000F45      1E60       0  CODE        2
                maintext                       000F45  00001B  000F60      1E8A       0  CODE        2
                text4                          000F60  00001E  000F7E      1EC0       0  CODE        2
                text9                          000F7E  000024  000FA2      1EFC       0  CODE        2
                text7                          000FA2  000027  000FC9      1F44       0  CODE        2
                text1                          000FC9  000037  001000      1F92       0  CODE        2


UNUSED ADDRESS RANGES

        Name                Unused          Largest block    Delta
        BANK0            0055-006F             1B           1
        BANK1            00A0-00EF             50           1
        BANK2            0110-016F             60           1
        BANK3            0190-01EF             60           1
        CODE             0003-0003              1           2
                         07FE-0F2F              2
                         1000-1FFF            800
        CONST            0003-0003              1           2
                         07FE-0F2F            100
                         1000-1FFF            100
        EEDATA           2100-21FF            100           2
        ENTRY            0003-0003              1           2
                         07FE-0F2F            100
                         1000-1FFF            100
        IDLOC            2000-2003              4           2
        RAM              0055-006F             1B           1
                         00A0-00EF             50
                         0110-016F             60
                         0190-01EF             60
        SFR0             0000-001F             20           1
        SFR1             0080-009F             20           1
        SFR2             0100-010F             10           1
        SFR3             0180-018F             10           1
        STACK            0110-016F             60           1
        STRCODE          0003-0003              1           2
                         07FE-0F2F            732
                         1000-1FFF           1000
        STRING           0003-0003              1           2
                         07FE-0F2F            100
                         1000-1FFF            100

                                  Symbol Table

?___fladd                cstackBANK0  0020
?___fldiv                cstackBANK0  0020
?___flsub                cstackBANK0  0034
?___fltol                cstackBANK0  003A
?___wmul                 cstackBANK0  0020
?___xxtofl               cstackBANK0  0026
_ADCON0bits              (abs)        001F
_ADCON1bits              (abs)        009F
_ANSEL                   (abs)        0188
_ANSELH                  (abs)        0189
_BAUDCTLbits             (abs)        0187
_INTCON                  (abs)        000B
_INTCONbits              (abs)        000B
_IOCB                    (abs)        0096
_OPTION_REG              (abs)        0081
_OSCCONbits              (abs)        008F
_PIE1                    (abs)        008C
_PIE1bits                (abs)        008C
_PIE2                    (abs)        008D
_PIR1                    (abs)        000C
_PIR1bits                (abs)        000C
_PIR2                    (abs)        000D
_PORTA                   (abs)        0005
_PORTB                   (abs)        0006
_PORTC                   (abs)        0007
_PORTD                   (abs)        0008
_PORTE                   (abs)        0009
_RB0                     (abs)        0030
_RB1                     (abs)        0031
_RBIF                    (abs)        0058
_RCIF                    (abs)        0065
_RCREG                   (abs)        001A
_RCSTAbits               (abs)        0018
_RXREC                   bssCOMMON    007D
_SPBRG                   (abs)        0099
_SPBRGH                  (abs)        009A
_TRISA                   (abs)        0085
_TRISB                   (abs)        0086
_TRISC                   (abs)        0087
_TRISD                   (abs)        0088
_TRISE                   (abs)        0089
_TXIF                    (abs)        0064
_TXREG                   (abs)        0019
_TXSTAbits               (abs)        0098
_WPUB                    (abs)        0095
__Habs1                  abs1         0000
__Hbank0                 bank0        0000
__Hbank1                 bank1        0000
__Hbank2                 bank2        0000
__Hbank3                 bank3        0000
__HbssBANK0              bssBANK0     0000
__HbssCOMMON             bssCOMMON    0000
__Hcinit                 cinit        0023
__Hclrtext               clrtext      0000
__Hcode                  code         0000
__Hcommon                common       0000
__Hconfig                config       2009
__HcstackBANK0           cstackBANK0  0000
__HcstackCOMMON          cstackCOMMON 0000
__Heeprom_data           eeprom_data  0000
__Hend_init              end_init     000F
__Hfunctab               functab      0000
__Hinit                  init         000C
__Hintentry              intentry     000C
__Hmaintext              maintext     0000
__Hpowerup               powerup      0000
__Hram                   ram          0000
__Hreset_vec             reset_vec    0003
__Hsfr0                  sfr0         0000
__Hsfr1                  sfr1         0000
__Hsfr2                  sfr2         0000
__Hsfr3                  sfr3         0000
__Hspace_0               (abs)        1000
__Hspace_1               (abs)        007E
__Hspace_2               (abs)        0000
__Hspace_3               (abs)        0000
__Hspace_4               (abs)        4010
__Hstack                 stack        0000
__Hstrings               strings      0000
__Htext                  text         0000
__Labs1                  abs1         0000
__Lbank0                 bank0        0000
__Lbank1                 bank1        0000
__Lbank2                 bank2        0000
__Lbank3                 bank3        0000
__LbssBANK0              bssBANK0     0000
__LbssCOMMON             bssCOMMON    0000
__Lcinit                 cinit        000F
__Lclrtext               clrtext      0000
__Lcode                  code         0000
__Lcommon                common       0000
__Lconfig                config       0000
__LcstackBANK0           cstackBANK0  0000
__LcstackCOMMON          cstackCOMMON 0000
__Leeprom_data           eeprom_data  0000
__Lend_init              end_init     000C
__Lfunctab               functab      0000
__Linit                  init         000C
__Lintentry              intentry     0004
__Lmaintext              maintext     0000
__Lpowerup               powerup      0000
__Lram                   ram          0000
__Lreset_vec             reset_vec    0000
__Lsfr0                  sfr0         0000
__Lsfr1                  sfr1         0000
__Lsfr2                  sfr2         0000
__Lsfr3                  sfr3         0000
__Lspace_0               (abs)        0000
__Lspace_1               (abs)        0000
__Lspace_2               (abs)        0000
__Lspace_3               (abs)        0000
__Lspace_4               (abs)        0000
__Lstack                 stack        0000
__Lstrings               strings      0000
__Ltext                  text         0000
__S0                     (abs)        1000
__S1                     (abs)        007E
__S2                     (abs)        0000
__S3                     (abs)        0000
___bmul                  text13       0F30
___bmul@multiplicand     cstackCOMMON 0070
___bmul@multiplier       cstackCOMMON 0073
___bmul@product          cstackCOMMON 0072
___fladd                 text10       0023
___fladd@a               cstackBANK0  0024
___fladd@aexp            cstackBANK0  0031
___fladd@b               cstackBANK0  0020
___fladd@bexp            cstackBANK0  0032
___fladd@grs             cstackBANK0  0033
___fladd@signs           cstackBANK0  0030
___fldiv                 text11       02AB
___fldiv@a               cstackBANK0  0020
___fldiv@aexp            cstackBANK0  0039
___fldiv@b               cstackBANK0  0024
___fldiv@bexp            cstackBANK0  0038
___fldiv@grs             cstackBANK0  0034
___fldiv@new_exp         cstackBANK0  0032
___fldiv@rem             cstackBANK0  002D
___fldiv@sign            cstackBANK0  0031
___flsub                 text9        0F7E
___flsub@a               cstackBANK0  0034
___flsub@b               cstackBANK0  0038
___fltol                 text8        070C
___fltol@exp1            cstackBANK0  0044
___fltol@f1              cstackBANK0  003A
___fltol@sign1           cstackBANK0  0043
___int_sp                stack        0000
___latbits               (abs)        0002
___sp                    stack        0000
___stackhi               (abs)        0000
___stacklo               (abs)        0000
___wmul                  text7        0FA2
___wmul@multiplicand     cstackBANK0  0022
___wmul@multiplier       cstackBANK0  0020
___wmul@product          cstackBANK0  0024
___xxtofl                text6        05A3
___xxtofl@arg            cstackBANK0  0030
___xxtofl@exp            cstackBANK0  002F
___xxtofl@sign           cstackBANK0  002E
___xxtofl@val            cstackBANK0  0026
__end_of___bmul          text13       0F45
__end_of___fladd         text10       02AB
__end_of___fldiv         text11       0488
__end_of___flsub         text9        0FA2
__end_of___fltol         text8        0788
__end_of___wmul          text7        0FC9
__end_of___xxtofl        text6        065F
__end_of__initialization cinit        001F
__end_of_decimal         text5        05A3
__end_of_initEUSART      text4        0F7E
__end_of_initOsc         text3        07E6
__end_of_isr             text12       070C
__end_of_main            maintext     0F60
__end_of_pushPORTB       text2        07FE
__end_of_setup           text1        1000
__initialization         cinit        000F
__pbssBANK0              bssBANK0     004C
__pbssCOMMON             bssCOMMON    0079
__pcstackBANK0           cstackBANK0  0020
__pcstackCOMMON          cstackCOMMON 0070
__pintentry              intentry     0004
__pmaintext              maintext     0F45
__ptext1                 text1        0FC9
__ptext10                text10       0023
__ptext11                text11       02AB
__ptext12                text12       065F
__ptext13                text13       0F30
__ptext2                 text2        07E6
__ptext3                 text3        0788
__ptext4                 text4        0F60
__ptext5                 text5        0488
__ptext6                 text6        05A3
__ptext7                 text7        0FA2
__ptext8                 text8        070C
__ptext9                 text9        0F7E
__size_of___bmul         (abs)        0000
__size_of___fladd        (abs)        0000
__size_of___fldiv        (abs)        0000
__size_of___flsub        (abs)        0000
__size_of___fltol        (abs)        0000
__size_of___wmul         (abs)        0000
__size_of___xxtofl       (abs)        0000
__size_of_decimal        (abs)        0000
__size_of_initEUSART     (abs)        0000
__size_of_initOsc        (abs)        0000
__size_of_isr            (abs)        0000
__size_of_main           (abs)        0000
__size_of_pushPORTB      (abs)        0000
__size_of_setup          (abs)        0000
_centA                   bssCOMMON    007C
_centenas                bssCOMMON    0079
_contador                bssBANK0     0052
_decA                    bssCOMMON    007B
_decenas                 bssCOMMON    007A
_decimal                 text5        0488
_initEUSART              text4        0F60
_initOsc                 text3        0788
_isr                     text12       065F
_main                    maintext     0F45
_pushPORTB               text2        07E6
_setup                   text1        0FC9
_unA                     bssBANK0     0051
_unidades                bssBANK0     0050
_valor                   bssBANK0     004C
btemp                    (abs)        007E
decimal@variable         cstackBANK0  0049
end_of_initialization    cinit        001F
initEUSART@rx            cstackBANK0  0020
initOsc@frec             cstackBANK0  0022
interrupt_function       intentry     0004
intlevel0                functab      0000
intlevel1                functab      0000
intlevel2                functab      0000
intlevel3                functab      0000
intlevel4                functab      0000
intlevel5                functab      0000
pushPORTB@val            cstackBANK0  0020
reset_vec                reset_vec    0000
saved_w                  (abs)        007E
start                    init         000C
start_initialization     cinit        000F
wtemp0                   (abs)        007E


MODULE INFORMATION

Module		Function		Class		Link	Load	Size
E:\Microchip\XC8\pic\sources\c90\common\xxtofl.c
		___xxtofl      		CODE           	05A3	0000	188

E:\Microchip\XC8\pic\sources\c90\common\xxtofl.c estimated size: 188

E:\Microchip\XC8\pic\sources\c90\common\sprcadd.c
		___flsub       		CODE           	0F7E	0000	36
		___fladd       		CODE           	0023	0000	648

E:\Microchip\XC8\pic\sources\c90\common\sprcadd.c estimated size: 684

MainL5.c
		_decimal       		CODE           	0488	0000	283
		_main          		CODE           	0F45	0000	27
		_isr           		CODE           	065F	0000	173
		_setup         		CODE           	0FC9	0000	55

MainL5.c estimated size: 538

E:\Microchip\XC8\pic\sources\c90\common\Umul16.c
		___wmul        		CODE           	0FA2	0000	39

E:\Microchip\XC8\pic\sources\c90\common\Umul16.c estimated size: 39

E:\Microchip\XC8\pic\sources\c90\common\fltol.c
		___fltol       		CODE           	070C	0000	124

E:\Microchip\XC8\pic\sources\c90\common\fltol.c estimated size: 124

shared
		__initialization		CODE           	000F	0000	16

shared estimated size: 16

E:\Microchip\XC8\pic\sources\c90\common\Umul8.c
		___bmul        		CODE           	0F30	0000	21

E:\Microchip\XC8\pic\sources\c90\common\Umul8.c estimated size: 21

E:\Microchip\XC8\pic\sources\c90\common\sprcdiv.c
		___fldiv       		CODE           	02AB	0000	477

E:\Microchip\XC8\pic\sources\c90\common\sprcdiv.c estimated size: 477

./my_lib.h
		_pushPORTB     		CODE           	07E6	0000	24
		_initEUSART    		CODE           	0F60	0000	30
		_initOsc       		CODE           	0788	0000	94

./my_lib.h estimated size: 148

