Microchip MPLAB XC8 Compiler V2.32

Linker command line:

-W-3 --edf=E:\Microchip\XC8\pic\dat\en_msgs.txt -cn \
  -h+dist/default/production\Laboratorio4Master.X.production.sym \
  --cmf=dist/default/production\Laboratorio4Master.X.production.cmf -z \
  -Q16F887 -oC:\Users\diego\AppData\Local\Temp\xcAse5c.4 \
  --defsym=__MPLAB_BUILD=1 \
  -Mdist/default/production/Laboratorio4Master.X.production.map -E1 \
  -ver=XC8 Compiler --acfsm=1493 -ASTACK=0110h-016Fh -pstack=STACK \
  -ACODE=00h-07FFhx4 -ASTRCODE=00h-01FFFh -ASTRING=00h-0FFhx32 \
  -ACONST=00h-0FFhx32 -AENTRY=00h-0FFhx32 -ACOMMON=070h-07Fh \
  -ABANK0=020h-06Fh -ABANK1=0A0h-0EFh -ABANK2=0110h-016Fh \
  -ABANK3=0190h-01EFh -ARAM=020h-06Fh,0A0h-0EFh,0110h-016Fh,0190h-01EFh \
  -AABS1=020h-07Fh,0A0h-0EFh,0110h-016Fh,0190h-01EFh -ASFR0=00h-01Fh \
  -ASFR1=080h-09Fh -ASFR2=0100h-010Fh -ASFR3=0180h-018Fh \
  -ACONFIG=02007h-02008h -DCONFIG=2 -AIDLOC=02000h-02003h -DIDLOC=2 \
  -AEEDATA=00h-0FFh/02100h -peeprom_data=EEDATA -DEEDATA=2 -DCODE=2 \
  -DSTRCODE=2 -DSTRING=2 -DCONST=2 -DENTRY=2 \
  -preset_vec=00h,intentry=04h,init,end_init -ppowerup=CODE -pcinit=CODE \
  -pfunctab=ENTRY -k C:\Users\diego\AppData\Local\Temp\xcAse5c.o \
  dist/default/production\Laboratorio4Master.X.production.o 

Object code version is 3.11

Machine type is 16F887



                Name                               Link     Load   Length Selector   Space Scale
C:\Users\diego\AppData\Local\Temp\xcAse5c.o
                end_init                              C        C        3        8       0
                reset_vec                             0        0        3        0       0
                config                             2007     2007        2        0       4
dist/default/production\Laboratorio4Master.X.production.o
                cinit                                 F        F       10        8       0
                intentry                              4        4        8        8       0
                config                             2007     2007        2        0       4
                text20                              4BD      4BD        7      870       0
                text19                              494      494        D      870       0
                text18                              3C7      3C7       2E        8       0
                text17                              4B4      4B4        9      870       0
                text16                              4AB      4AB        9      870       0
                text15                              4A1      4A1        A      870       0
                text14                              4C4      4C4        6      870       0
                text13                              456      456       1A      870       0
                text12                              487      487        D      870       0
                text11                              316      316       47        8       0
                text10                              2BE      2BE       58        8       0
                text9                               438      438       1E      870       0
                text8                               3F5      3F5       25        8       0
                text7                               1FA      1FA       68        8       0
                text6                               35D      35D       38        8       0
                text5                               262      262       5C        8       0
                text4                               395      395       32        8       0
                text3                               191      191       69        8       0
                text2                               470      470       17      870       0
                text1                               10B      10B       86        8       0
                maintext                             1F       1F       EC        8       0
                cstackBANK0                          20       20       11       20       1
                cstackCOMMON                         70       70        A       70       1
                bssBANK0                             31       31        8       20       1
                bssCOMMON                            7A       7A        2       70       1
                strings                             41A      41A       1E      834       0

TOTAL           Name                               Link     Load   Length     Space
        CLASS   STACK          

        CLASS   CODE           
                end_init                              C        C        3         0
                cinit                                 F        F       10         0
                intentry                              4        4        8         0
                reset_vec                             0        0        3         0
                text20                              4BD      4BD        7         0
                text19                              494      494        D         0
                text18                              3C7      3C7       2E         0
                text17                              4B4      4B4        9         0
                text16                              4AB      4AB        9         0
                text15                              4A1      4A1        A         0
                text14                              4C4      4C4        6         0
                text13                              456      456       1A         0
                text12                              487      487        D         0
                text11                              316      316       47         0
                text10                              2BE      2BE       58         0
                text9                               438      438       1E         0
                text8                               3F5      3F5       25         0
                text7                               1FA      1FA       68         0
                text6                               35D      35D       38         0
                text5                               262      262       5C         0
                text4                               395      395       32         0
                text3                               191      191       69         0
                text2                               470      470       17         0
                text1                               10B      10B       86         0
                maintext                             1F       1F       EC         0

        CLASS   STRCODE        

        CLASS   STRING         
                strings                             41A      41A       1E         0

        CLASS   CONST          

        CLASS   ENTRY          

        CLASS   COMMON         
                cstackCOMMON                         70       70        A         1
                bssCOMMON                            7A       7A        2         1

        CLASS   BANK0          
                cstackBANK0                          20       20       11         1
                bssBANK0                             31       31        8         1

        CLASS   BANK1          

        CLASS   BANK2          

        CLASS   BANK3          

        CLASS   RAM            

        CLASS   ABS1           
                abs_s1                               7E       7E        2         1

        CLASS   SFR0           

        CLASS   SFR1           

        CLASS   SFR2           

        CLASS   SFR3           

        CLASS   CONFIG         
                config                             2007     2007        2         4

        CLASS   IDLOC          

        CLASS   EEDATA         



SEGMENTS        Name                           Load    Length   Top    Selector   Space  Class     Delta

                reset_vec                      000000  000003  000003         0       0  CODE        2
                intentry                       000004  000416  00041A         8       0  CODE        2
                cstackBANK0                    000020  000019  000039        20       1  BANK0       1
                cstackCOMMON                   000070  00000C  00007C        70       1  COMMON      1
                strings                        00041A  00001E  000438       834       0  STRING      2
                text9                          000438  000092  0004CA       870       0  CODE        2


UNUSED ADDRESS RANGES

        Name                Unused          Largest block    Delta
        BANK0            0039-006F             37           1
        BANK1            00A0-00EF             50           1
        BANK2            0110-016F             60           1
        BANK3            0190-01EF             60           1
        CODE             0003-0003              1           2
                         04CA-1FFF            800
        COMMON           007C-007D              2           1
        CONST            0003-0003              1           2
                         04CA-1FFF            100
        EEDATA           2100-21FF            100           2
        ENTRY            0003-0003              1           2
                         04CA-1FFF            100
        IDLOC            2000-2003              4           2
        RAM              0039-006F             37           1
                         00A0-00EF             50
                         0110-016F             60
                         0190-01EF             60
        SFR0             0000-001F             20           1
        SFR1             0080-009F             20           1
        SFR2             0100-010F             10           1
        SFR3             0180-018F             10           1
        STACK            0110-016F             60           1
        STRCODE          0003-0003              1           2
                         04CA-1FFF           1B36
        STRING           0003-0003              1           2
                         04CA-1FFF            100

                                  Symbol Table

?_I2C_Master_Read          cstackCOMMON 0072
?___awdiv                  cstackCOMMON 0072
?___lldiv                  cstackCOMMON 0072
I2C_Master_Init@c          cstackBANK0  0026
I2C_Master_Read@a          cstackCOMMON 0072
I2C_Master_Read@temp       cstackCOMMON 0076
I2C_Master_Write@d         cstackCOMMON 0072
Lcd_Cmd@a                  cstackCOMMON 0075
Lcd_Port@a                 cstackCOMMON 0072
Lcd_Set_Cursor@a           cstackBANK0  0020
Lcd_Set_Cursor@b           cstackCOMMON 0076
Lcd_Set_Cursor@temp        cstackBANK0  0023
Lcd_Set_Cursor@y           cstackBANK0  0022
Lcd_Set_Cursor@z           cstackBANK0  0021
Lcd_Write_Char@a           cstackCOMMON 0074
Lcd_Write_Char@temp        cstackCOMMON 0075
Lcd_Write_Char@y           cstackCOMMON 0076
Lcd_Write_String@a         cstackCOMMON 0079
Lcd_Write_String@i         cstackCOMMON 0077
_ADCON0bits                (abs)        001F
_ADCON1bits                (abs)        009F
_ANSEL                     (abs)        0188
_ANSELH                    (abs)        0189
_BAUDCTLbits               (abs)        0187
_GIE                       (abs)        005F
_I2C_Master_Init           text6        035D
_I2C_Master_Read           text18       03C7
_I2C_Master_Start          text17       04B4
_I2C_Master_Stop           text16       04AB
_I2C_Master_Wait           text19       0494
_I2C_Master_Write          text15       04A1
_INTCON                    (abs)        000B
_INTCONbits                (abs)        000B
_IOCB                      (abs)        0096
_Lcd_Clear                 text12       0487
_Lcd_Cmd                   text13       0456
_Lcd_Init                  text11       0316
_Lcd_Port                  text14       04C4
_Lcd_Set_Cursor            text10       02BE
_Lcd_Write_Char            text9        0438
_Lcd_Write_String          text8        03F5
_OPTION_REG                (abs)        0081
_OSCCONbits                (abs)        008F
_PEIE                      (abs)        005E
_PIE1                      (abs)        008C
_PIE1bits                  (abs)        008C
_PIE2                      (abs)        008D
_PIR1                      (abs)        000C
_PIR2                      (abs)        000D
_PORTA                     (abs)        0005
_PORTB                     (abs)        0006
_PORTC                     (abs)        0007
_PORTD                     (abs)        0008
_PORTE                     (abs)        0009
_RCSTAbits                 (abs)        0018
_RE0                       (abs)        0048
_RE1                       (abs)        0049
_SPBRG                     (abs)        0099
_SPBRGH                    (abs)        009A
_SSPADD                    (abs)        0093
_SSPBUF                    (abs)        0013
_SSPCON                    (abs)        0014
_SSPCON2                   (abs)        0091
_SSPCON2bits               (abs)        0091
_SSPIE                     (abs)        0463
_SSPIF                     (abs)        0063
_SSPSTAT                   (abs)        0094
_TRISA                     (abs)        0085
_TRISB                     (abs)        0086
_TRISC                     (abs)        0087
_TRISC3                    (abs)        043B
_TRISC4                    (abs)        043C
_TRISCbits                 (abs)        0087
_TRISD                     (abs)        0088
_TRISE                     (abs)        0089
_TXSTAbits                 (abs)        0098
_WPUB                      (abs)        0095
__Habs1                    abs1         0000
__Hbank0                   bank0        0000
__Hbank1                   bank1        0000
__Hbank2                   bank2        0000
__Hbank3                   bank3        0000
__HbssBANK0                bssBANK0     0000
__HbssCOMMON               bssCOMMON    0000
__Hcinit                   cinit        001F
__Hclrtext                 clrtext      0000
__Hcode                    code         0000
__Hcommon                  common       0000
__Hconfig                  config       2009
__HcstackBANK0             cstackBANK0  0000
__HcstackCOMMON            cstackCOMMON 0000
__Heeprom_data             eeprom_data  0000
__Hend_init                end_init     000F
__Hfunctab                 functab      0000
__Hinit                    init         000C
__Hintentry                intentry     000C
__Hmaintext                maintext     0000
__Hpowerup                 powerup      0000
__Hram                     ram          0000
__Hreset_vec               reset_vec    0003
__Hsfr0                    sfr0         0000
__Hsfr1                    sfr1         0000
__Hsfr2                    sfr2         0000
__Hsfr3                    sfr3         0000
__Hspace_0                 (abs)        04CA
__Hspace_1                 (abs)        007C
__Hspace_2                 (abs)        0000
__Hspace_3                 (abs)        0000
__Hspace_4                 (abs)        4010
__Hstack                   stack        0000
__Hstrings                 strings      0000
__Htext                    text         0000
__Labs1                    abs1         0000
__Lbank0                   bank0        0000
__Lbank1                   bank1        0000
__Lbank2                   bank2        0000
__Lbank3                   bank3        0000
__LbssBANK0                bssBANK0     0000
__LbssCOMMON               bssCOMMON    0000
__Lcinit                   cinit        000F
__Lclrtext                 clrtext      0000
__Lcode                    code         0000
__Lcommon                  common       0000
__Lconfig                  config       0000
__LcstackBANK0             cstackBANK0  0000
__LcstackCOMMON            cstackCOMMON 0000
__Leeprom_data             eeprom_data  0000
__Lend_init                end_init     000C
__Lfunctab                 functab      0000
__Linit                    init         000C
__Lintentry                intentry     0004
__Lmaintext                maintext     0000
__Lpowerup                 powerup      0000
__Lram                     ram          0000
__Lreset_vec               reset_vec    0000
__Lsfr0                    sfr0         0000
__Lsfr1                    sfr1         0000
__Lsfr2                    sfr2         0000
__Lsfr3                    sfr3         0000
__Lspace_0                 (abs)        0000
__Lspace_1                 (abs)        0000
__Lspace_2                 (abs)        0000
__Lspace_3                 (abs)        0000
__Lspace_4                 (abs)        0000
__Lstack                   stack        0000
__Lstrings                 strings      0000
__Ltext                    text         0000
__S0                       (abs)        04CA
__S1                       (abs)        007C
__S2                       (abs)        0000
__S3                       (abs)        0000
___awdiv                   text3        0191
___awdiv@counter           cstackBANK0  0020
___awdiv@dividend          cstackCOMMON 0074
___awdiv@divisor           cstackCOMMON 0072
___awdiv@quotient          cstackBANK0  0022
___awdiv@sign              cstackBANK0  0021
___bmul                    text2        0470
___bmul@multiplicand       cstackCOMMON 0077
___bmul@multiplier         cstackBANK0  0025
___bmul@product            cstackBANK0  0024
___int_sp                  stack        0000
___latbits                 (abs)        0002
___lldiv                   text7        01FA
___lldiv@counter           cstackBANK0  0025
___lldiv@dividend          cstackCOMMON 0076
___lldiv@divisor           cstackCOMMON 0072
___lldiv@quotient          cstackBANK0  0021
___sp                      stack        0000
___stackhi                 (abs)        0000
___stacklo                 (abs)        0000
__end_of_I2C_Master_Init   text6        0395
__end_of_I2C_Master_Read   text18       03F5
__end_of_I2C_Master_Start  text17       04BD
__end_of_I2C_Master_Stop   text16       04B4
__end_of_I2C_Master_Wait   text19       04A1
__end_of_I2C_Master_Write  text15       04AB
__end_of_Lcd_Clear         text12       0494
__end_of_Lcd_Cmd           text13       0470
__end_of_Lcd_Init          text11       035D
__end_of_Lcd_Port          text14       04CA
__end_of_Lcd_Set_Cursor    text10       0316
__end_of_Lcd_Write_Char    text9        0456
__end_of_Lcd_Write_String  text8        041A
__end_of___awdiv           text3        01FA
__end_of___bmul            text2        0487
__end_of___lldiv           text7        0262
__end_of__initialization   cinit        001B
__end_of__stringtab        strings      0420
__end_of_initOsc           text5        02BE
__end_of_isr               text20       04C4
__end_of_main              maintext     010B
__end_of_setup             text4        03C7
__end_of_voltASCII         text1        0191
__initialization           cinit        000F
__pbssBANK0                bssBANK0     0031
__pbssCOMMON               bssCOMMON    007A
__pcstackBANK0             cstackBANK0  0020
__pcstackCOMMON            cstackCOMMON 0070
__pintentry                intentry     0004
__pmaintext                maintext     001F
__pstrings                 strings      041A
__ptext1                   text1        010B
__ptext10                  text10       02BE
__ptext11                  text11       0316
__ptext12                  text12       0487
__ptext13                  text13       0456
__ptext14                  text14       04C4
__ptext15                  text15       04A1
__ptext16                  text16       04AB
__ptext17                  text17       04B4
__ptext18                  text18       03C7
__ptext19                  text19       0494
__ptext2                   text2        0470
__ptext20                  text20       04BD
__ptext3                   text3        0191
__ptext4                   text4        0395
__ptext5                   text5        0262
__ptext6                   text6        035D
__ptext7                   text7        01FA
__ptext8                   text8        03F5
__ptext9                   text9        0438
__size_of_I2C_Master_Init  (abs)        0000
__size_of_I2C_Master_Read  (abs)        0000
__size_of_I2C_Master_Start (abs)        0000
__size_of_I2C_Master_Stop  (abs)        0000
__size_of_I2C_Master_Wait  (abs)        0000
__size_of_I2C_Master_Write (abs)        0000
__size_of_Lcd_Clear        (abs)        0000
__size_of_Lcd_Cmd          (abs)        0000
__size_of_Lcd_Init         (abs)        0000
__size_of_Lcd_Port         (abs)        0000
__size_of_Lcd_Set_Cursor   (abs)        0000
__size_of_Lcd_Write_Char   (abs)        0000
__size_of_Lcd_Write_String (abs)        0000
__size_of___awdiv          (abs)        0000
__size_of___bmul           (abs)        0000
__size_of___lldiv          (abs)        0000
__size_of_initOsc          (abs)        0000
__size_of_isr              (abs)        0000
__size_of_main             (abs)        0000
__size_of_setup            (abs)        0000
__size_of_voltASCII        (abs)        0000
__stringbase               strings      041F
__stringtab                strings      041A
_centenas                  bssBANK0     0031
_cont                      bssBANK0     0033
_decenas                   bssCOMMON    007A
_initOsc                   text5        0262
_isr                       text20       04BD
_main                      maintext     001F
_setup                     text4        0395
_unidades                  bssBANK0     0032
_valor                     bssCOMMON    007B
_varPot0                   bssBANK0     0034
_voltASCII                 text1        010B
btemp                      (abs)        007E
end_of_initialization      cinit        001B
initOsc@frec               cstackCOMMON 0074
interrupt_function         intentry     0004
intlevel0                  functab      0000
intlevel1                  functab      0000
intlevel2                  functab      0000
intlevel3                  functab      0000
intlevel4                  functab      0000
intlevel5                  functab      0000
reset_vec                  reset_vec    0000
saved_w                    (abs)        007E
start                      init         000C
start_initialization       cinit        000F
voltASCII@variable         cstackCOMMON 0079
wtemp0                     (abs)        007E


MODULE INFORMATION

Module		Function		Class		Link	Load	Size
MainL4Master.c
		_voltASCII     		CODE           	010B	0000	134
		_main          		CODE           	001F	0000	236
		_isr           		CODE           	04BD	0000	7
		_setup         		CODE           	0395	0000	50

MainL4Master.c estimated size: 427

LCD8bits.c
		_Lcd_Write_String		CODE           	03F5	0000	37
		_Lcd_Init      		CODE           	0316	0000	71
		_Lcd_Write_Char		CODE           	0438	0000	30
		_Lcd_Cmd       		CODE           	0456	0000	26
		_Lcd_Set_Cursor		CODE           	02BE	0000	88
		_Lcd_Clear     		CODE           	0487	0000	13
		_Lcd_Port      		CODE           	04C4	0000	6

LCD8bits.c estimated size: 271

I2C.c
		_I2C_Master_Read		CODE           	03C7	0000	46
		_I2C_Master_Wait		CODE           	0494	0000	13
		_I2C_Master_Init		CODE           	035D	0000	56
		_I2C_Master_Stop		CODE           	04AB	0000	9
		_I2C_Master_Write		CODE           	04A1	0000	10
		_I2C_Master_Start		CODE           	04B4	0000	9

I2C.c estimated size: 143

E:\Microchip\XC8\pic\sources\c90\common\awdiv.c
		___awdiv       		CODE           	0191	0000	105

E:\Microchip\XC8\pic\sources\c90\common\awdiv.c estimated size: 105

shared
		__stringtab    		STRING         	041A	0000	6
		__initialization		CODE           	000F	0000	12

shared estimated size: 18

E:\Microchip\XC8\pic\sources\c90\common\Umul8.c
		___bmul        		CODE           	0470	0000	23

E:\Microchip\XC8\pic\sources\c90\common\Umul8.c estimated size: 23

E:\Microchip\XC8\pic\sources\c90\common\__lldiv.c
		___lldiv       		CODE           	01FA	0000	104

E:\Microchip\XC8\pic\sources\c90\common\__lldiv.c estimated size: 104

./my_lib.h
		_initOsc       		CODE           	0262	0000	92

./my_lib.h estimated size: 92

