Microchip MPLAB XC8 Compiler V2.32

Linker command line:

-W-3 --edf=E:\Microchip\XC8\pic\dat\en_msgs.txt -cn \
  -h+dist/default/production\Laboratorio4Master.X.production.sym \
  --cmf=dist/default/production\Laboratorio4Master.X.production.cmf -z \
  -Q16F887 -oC:\Users\diego\AppData\Local\Temp\xcAsdvk.4 \
  --defsym=__MPLAB_BUILD=1 \
  -Mdist/default/production/Laboratorio4Master.X.production.map -E1 \
  -ver=XC8 Compiler --acfsm=1493 -ASTACK=0110h-016Fh -pstack=STACK \
  -ACODE=00h-07FFhx4 -ASTRCODE=00h-01FFFh -ASTRING=00h-0FFhx32 \
  -ACONST=00h-0FFhx32 -AENTRY=00h-0FFhx32 -ACOMMON=070h-07Fh \
  -ABANK0=020h-06Fh -ABANK1=0A0h-0EFh -ABANK2=0110h-016Fh \
  -ABANK3=0190h-01EFh -ARAM=020h-06Fh,0A0h-0EFh,0110h-016Fh,0190h-01EFh \
  -AABS1=020h-07Fh,0A0h-0EFh,0110h-016Fh,0190h-01EFh -ASFR0=00h-01Fh \
  -ASFR1=080h-09Fh -ASFR2=0100h-010Fh -ASFR3=0180h-018Fh \
  -ACONFIG=02007h-02008h -DCONFIG=2 -AIDLOC=02000h-02003h -DIDLOC=2 \
  -AEEDATA=00h-0FFh/02100h -peeprom_data=EEDATA -DEEDATA=2 -DCODE=2 \
  -DSTRCODE=2 -DSTRING=2 -DCONST=2 -DENTRY=2 \
  -preset_vec=00h,intentry=04h,init,end_init -ppowerup=CODE -pcinit=CODE \
  -pfunctab=ENTRY -k C:\Users\diego\AppData\Local\Temp\xcAsdvk.o \
  dist/default/production\Laboratorio4Master.X.production.o 

Object code version is 3.11

Machine type is 16F887



                Name                               Link     Load   Length Selector   Space Scale
C:\Users\diego\AppData\Local\Temp\xcAsdvk.o
                end_init                              C        C        3        8       0
                reset_vec                             0        0        3        0       0
                config                             2007     2007        2        0       4
dist/default/production\Laboratorio4Master.X.production.o
                cinit                                 F        F        F        8       0
                intentry                              4        4        8        8       0
                config                             2007     2007        2        0       4
                text29                              9BC      9BC        7     1378       0
                text28                              9DF      9DF        D     13BE       0
                text27                              A6A      A6A       28     14D4       0
                text26                              9C3      9C3        9     1386       0
                text25                              9CC      9CC        9     1398       0
                text24                              9D5      9D5        A     13AA       0
                text23                              9B6      9B6        6     136C       0
                text22                              A0E      A0E       1A     141C       0
                text21                              9EC      9EC        D     13D8       0
                text20                              B96      B96       47     172C       0
                text19                              BDD      BDD       58     17BA       0
                text18                              A28      A28       1D     1450       0
                text17                              A92      A92       29     1524       0
                text16                              CF9      CF9       69     19F2       0
                text15                              9F9      9F9       15     13F2       0
                text14                              79C      79C       63        8       0
                text13                              C91      C91       68     1922       0
                text12                              B16      B16       3A     162C       0
                text11                              C35      C35       5C     186A       0
                text10                              AE4      AE4       32     15C8       0
                text9                               37F      37F      288        8       0
                text8                               ABB      ABB       29     1576       0
                text7                                1E       1E      361        8       0
                text6                               D62      D62       7C     1AC4       0
                text5                               F44      F44       BC     1E88       0
                text4                               E8E      E8E       B6     1D1C       0
                text3                               B50      B50       46     16A0       0
                text2                               A45      A45       25     148A       0
                text1                               DDE      DDE       B0     1BBC       0
                maintext                            607      607      195        8       0
                cstackBANK0                          20       20       49       20       1
                cstackCOMMON                         70       70        9       70       1
                bssBANK0                             69       69        6       20       1
                bssCOMMON                            79       79        3       70       1
                strings                             800      800       1F     1000       0

TOTAL           Name                               Link     Load   Length     Space
        CLASS   STACK          

        CLASS   CODE           
                end_init                              C        C        3         0
                cinit                                 F        F        F         0
                intentry                              4        4        8         0
                reset_vec                             0        0        3         0
                text29                              9BC      9BC        7         0
                text28                              9DF      9DF        D         0
                text27                              A6A      A6A       28         0
                text26                              9C3      9C3        9         0
                text25                              9CC      9CC        9         0
                text24                              9D5      9D5        A         0
                text23                              9B6      9B6        6         0
                text22                              A0E      A0E       1A         0
                text21                              9EC      9EC        D         0
                text20                              B96      B96       47         0
                text19                              BDD      BDD       58         0
                text18                              A28      A28       1D         0
                text17                              A92      A92       29         0
                text16                              CF9      CF9       69         0
                text15                              9F9      9F9       15         0
                text14                              79C      79C       63         0
                text13                              C91      C91       68         0
                text12                              B16      B16       3A         0
                text11                              C35      C35       5C         0
                text10                              AE4      AE4       32         0
                text9                               37F      37F      288         0
                text8                               ABB      ABB       29         0
                text7                                1E       1E      361         0
                text6                               D62      D62       7C         0
                text5                               F44      F44       BC         0
                text4                               E8E      E8E       B6         0
                text3                               B50      B50       46         0
                text2                               A45      A45       25         0
                text1                               DDE      DDE       B0         0
                maintext                            607      607      195         0

        CLASS   STRCODE        

        CLASS   STRING         
                strings                             800      800       1F         0

        CLASS   CONST          

        CLASS   ENTRY          

        CLASS   COMMON         
                cstackCOMMON                         70       70        9         1
                bssCOMMON                            79       79        3         1

        CLASS   BANK0          
                cstackBANK0                          20       20       49         1
                bssBANK0                             69       69        6         1

        CLASS   BANK1          

        CLASS   BANK2          

        CLASS   BANK3          

        CLASS   RAM            

        CLASS   ABS1           
                abs_s1                               7E       7E        2         1

        CLASS   SFR0           

        CLASS   SFR1           

        CLASS   SFR2           

        CLASS   SFR3           

        CLASS   CONFIG         
                config                             2007     2007        2         4

        CLASS   IDLOC          

        CLASS   EEDATA         



SEGMENTS        Name                           Load    Length   Top    Selector   Space  Class     Delta

                reset_vec                      000000  000003  000003         0       0  CODE        2
                intentry                       000004  0007FB  0007FF         8       0  CODE        2
                cstackBANK0                    000020  00004F  00006F        20       1  BANK0       1
                cstackCOMMON                   000070  00000C  00007C        70       1  COMMON      1
                strings                        000800  00001F  00081F      1000       0  STRING      2
                text23                         0009B6  000006  0009BC      136C       0  CODE        2
                text29                         0009BC  000007  0009C3      1378       0  CODE        2
                text26                         0009C3  000009  0009CC      1386       0  CODE        2
                text25                         0009CC  000009  0009D5      1398       0  CODE        2
                text24                         0009D5  00000A  0009DF      13AA       0  CODE        2
                text28                         0009DF  00000D  0009EC      13BE       0  CODE        2
                text21                         0009EC  00000D  0009F9      13D8       0  CODE        2
                text15                         0009F9  000015  000A0E      13F2       0  CODE        2
                text22                         000A0E  00001A  000A28      141C       0  CODE        2
                text18                         000A28  00001D  000A45      1450       0  CODE        2
                text2                          000A45  000025  000A6A      148A       0  CODE        2
                text27                         000A6A  000028  000A92      14D4       0  CODE        2
                text17                         000A92  000029  000ABB      1524       0  CODE        2
                text8                          000ABB  000029  000AE4      1576       0  CODE        2
                text10                         000AE4  000032  000B16      15C8       0  CODE        2
                text12                         000B16  00003A  000B50      162C       0  CODE        2
                text3                          000B50  000046  000B96      16A0       0  CODE        2
                text20                         000B96  000047  000BDD      172C       0  CODE        2
                text19                         000BDD  000058  000C35      17BA       0  CODE        2
                text11                         000C35  00005C  000C91      186A       0  CODE        2
                text13                         000C91  000068  000CF9      1922       0  CODE        2
                text16                         000CF9  000069  000D62      19F2       0  CODE        2
                text6                          000D62  00007C  000DDE      1AC4       0  CODE        2
                text1                          000DDE  0000B0  000E8E      1BBC       0  CODE        2
                text4                          000E8E  0000B6  000F44      1D1C       0  CODE        2
                text5                          000F44  0000BC  001000      1E88       0  CODE        2


UNUSED ADDRESS RANGES

        Name                Unused          Largest block    Delta
        BANK0            006F-006F              1           1
        BANK1            00A0-00EF             50           1
        BANK2            0110-016F             60           1
        BANK3            0190-01EF             60           1
        CODE             0003-0003              1           2
                         07FF-07FF              1
                         081F-09B5            197
                         1000-1FFF            800
        COMMON           007C-007D              2           1
        CONST            0003-0003              1           2
                         07FF-07FF              1
                         081F-09B5             E1
                         1000-1FFF            100
        EEDATA           2100-21FF            100           2
        ENTRY            0003-0003              1           2
                         07FF-07FF              1
                         081F-09B5             E1
                         1000-1FFF            100
        IDLOC            2000-2003              4           2
        RAM              006F-006F              1           1
                         00A0-00EF             50
                         0110-016F             60
                         0190-01EF             60
        SFR0             0000-001F             20           1
        SFR1             0080-009F             20           1
        SFR2             0100-010F             10           1
        SFR3             0180-018F             10           1
        STACK            0110-016F             60           1
        STRCODE          0003-0003              1           2
                         07FF-07FF              1
                         081F-09B5            197
                         1000-1FFF           1000
        STRING           0003-0003              1           2
                         07FF-07FF              1
                         081F-09B5             E1
                         1000-1FFF            100

                                  Symbol Table

?__Umul8_16                cstackCOMMON 0072
?___awdiv                  cstackCOMMON 0072
?___fladd                  cstackBANK0  0044
?___flmul                  cstackBANK0  002A
?___fltol                  cstackBANK0  0058
?___lldiv                  cstackBANK0  0020
?___lwdiv                  cstackCOMMON 0072
?___wmul                   cstackCOMMON 0072
?___xxtofl                 cstackCOMMON 0072
I2C_Master_Init@c          cstackBANK0  0028
I2C_Master_Read@a          cstackCOMMON 0073
I2C_Master_Read@temp       cstackCOMMON 0074
I2C_Master_Write@d         cstackCOMMON 0072
Lcd_Cmd@a                  cstackCOMMON 0075
Lcd_Port@a                 cstackCOMMON 0072
Lcd_Set_Cursor@a           cstackBANK0  0020
Lcd_Set_Cursor@b           cstackCOMMON 0076
Lcd_Set_Cursor@temp        cstackBANK0  0023
Lcd_Set_Cursor@y           cstackBANK0  0022
Lcd_Set_Cursor@z           cstackBANK0  0021
Lcd_Write_Char@a           cstackCOMMON 0074
Lcd_Write_Char@temp        cstackCOMMON 0075
Lcd_Write_Char@y           cstackCOMMON 0076
Lcd_Write_String@a         cstackBANK0  0022
Lcd_Write_String@i         cstackBANK0  0020
_ADCON0bits                (abs)        001F
_ADCON1bits                (abs)        009F
_ANSEL                     (abs)        0188
_ANSELH                    (abs)        0189
_BAUDCTLbits               (abs)        0187
_GIE                       (abs)        005F
_I2C_Master_Init           text12       0B16
_I2C_Master_Read           text27       0A6A
_I2C_Master_Start          text26       09C3
_I2C_Master_Stop           text25       09CC
_I2C_Master_Wait           text28       09DF
_I2C_Master_Write          text24       09D5
_INTCON                    (abs)        000B
_INTCONbits                (abs)        000B
_IOCB                      (abs)        0096
_Lcd_Clear                 text21       09EC
_Lcd_Cmd                   text22       0A0E
_Lcd_Init                  text20       0B96
_Lcd_Port                  text23       09B6
_Lcd_Set_Cursor            text19       0BDD
_Lcd_Write_Char            text18       0A28
_Lcd_Write_String          text17       0A92
_OPTION_REG                (abs)        0081
_OSCCONbits                (abs)        008F
_PEIE                      (abs)        005E
_PIE1                      (abs)        008C
_PIE1bits                  (abs)        008C
_PIE2                      (abs)        008D
_PIR1                      (abs)        000C
_PIR2                      (abs)        000D
_PORTA                     (abs)        0005
_PORTB                     (abs)        0006
_PORTC                     (abs)        0007
_PORTCbits                 (abs)        0007
_PORTD                     (abs)        0008
_PORTE                     (abs)        0009
_PORTEbits                 (abs)        0009
_RCSTAbits                 (abs)        0018
_SPBRG                     (abs)        0099
_SPBRGH                    (abs)        009A
_SSPADD                    (abs)        0093
_SSPBUF                    (abs)        0013
_SSPCON                    (abs)        0014
_SSPCON2                   (abs)        0091
_SSPCON2bits               (abs)        0091
_SSPIE                     (abs)        0463
_SSPIF                     (abs)        0063
_SSPSTAT                   (abs)        0094
_TRISA                     (abs)        0085
_TRISB                     (abs)        0086
_TRISC                     (abs)        0087
_TRISC3                    (abs)        043B
_TRISC4                    (abs)        043C
_TRISCbits                 (abs)        0087
_TRISD                     (abs)        0088
_TRISE                     (abs)        0089
_TXSTAbits                 (abs)        0098
_WPUB                      (abs)        0095
__Habs1                    abs1         0000
__Hbank0                   bank0        0000
__Hbank1                   bank1        0000
__Hbank2                   bank2        0000
__Hbank3                   bank3        0000
__HbssBANK0                bssBANK0     0000
__HbssCOMMON               bssCOMMON    0000
__Hcinit                   cinit        001E
__Hclrtext                 clrtext      0000
__Hcode                    code         0000
__Hcommon                  common       0000
__Hconfig                  config       2009
__HcstackBANK0             cstackBANK0  0000
__HcstackCOMMON            cstackCOMMON 0000
__Heeprom_data             eeprom_data  0000
__Hend_init                end_init     000F
__Hfunctab                 functab      0000
__Hinit                    init         000C
__Hintentry                intentry     000C
__Hmaintext                maintext     0000
__Hpowerup                 powerup      0000
__Hram                     ram          0000
__Hreset_vec               reset_vec    0003
__Hsfr0                    sfr0         0000
__Hsfr1                    sfr1         0000
__Hsfr2                    sfr2         0000
__Hsfr3                    sfr3         0000
__Hspace_0                 (abs)        1000
__Hspace_1                 (abs)        007C
__Hspace_2                 (abs)        0000
__Hspace_3                 (abs)        0000
__Hspace_4                 (abs)        4010
__Hstack                   stack        0000
__Hstrings                 strings      0000
__Htext                    text         0000
__Labs1                    abs1         0000
__Lbank0                   bank0        0000
__Lbank1                   bank1        0000
__Lbank2                   bank2        0000
__Lbank3                   bank3        0000
__LbssBANK0                bssBANK0     0000
__LbssCOMMON               bssCOMMON    0000
__Lcinit                   cinit        000F
__Lclrtext                 clrtext      0000
__Lcode                    code         0000
__Lcommon                  common       0000
__Lconfig                  config       0000
__LcstackBANK0             cstackBANK0  0000
__LcstackCOMMON            cstackCOMMON 0000
__Leeprom_data             eeprom_data  0000
__Lend_init                end_init     000C
__Lfunctab                 functab      0000
__Linit                    init         000C
__Lintentry                intentry     0004
__Lmaintext                maintext     0000
__Lpowerup                 powerup      0000
__Lram                     ram          0000
__Lreset_vec               reset_vec    0000
__Lsfr0                    sfr0         0000
__Lsfr1                    sfr1         0000
__Lsfr2                    sfr2         0000
__Lsfr3                    sfr3         0000
__Lspace_0                 (abs)        0000
__Lspace_1                 (abs)        0000
__Lspace_2                 (abs)        0000
__Lspace_3                 (abs)        0000
__Lspace_4                 (abs)        0000
__Lstack                   stack        0000
__Lstrings                 strings      0000
__Ltext                    text         0000
__S0                       (abs)        1000
__S1                       (abs)        007C
__S2                       (abs)        0000
__S3                       (abs)        0000
__Umul8_16                 text8        0ABB
__Umul8_16@multiplicand    cstackCOMMON 0072
__Umul8_16@multiplier      cstackBANK0  0024
__Umul8_16@product         cstackBANK0  0020
__Umul8_16@word_mpld       cstackBANK0  0022
___awdiv                   text16       0CF9
___awdiv@counter           cstackBANK0  0020
___awdiv@dividend          cstackCOMMON 0074
___awdiv@divisor           cstackCOMMON 0072
___awdiv@quotient          cstackBANK0  0022
___awdiv@sign              cstackBANK0  0021
___bmul                    text15       09F9
___bmul@multiplicand       cstackCOMMON 0072
___bmul@multiplier         cstackCOMMON 0075
___bmul@product            cstackCOMMON 0074
___fladd                   text9        037F
___fladd@a                 cstackBANK0  0048
___fladd@aexp              cstackBANK0  0055
___fladd@b                 cstackBANK0  0044
___fladd@bexp              cstackBANK0  0056
___fladd@grs               cstackBANK0  0057
___fladd@signs             cstackBANK0  0054
___flmul                   text7        001E
___flmul@a                 cstackBANK0  002E
___flmul@aexp              cstackBANK0  0038
___flmul@b                 cstackBANK0  002A
___flmul@bexp              cstackBANK0  003D
___flmul@grs               cstackBANK0  0039
___flmul@prod              cstackBANK0  003E
___flmul@sign              cstackBANK0  0037
___flmul@temp              cstackBANK0  0042
___fltol                   text6        0D62
___fltol@exp1              cstackCOMMON 0077
___fltol@f1                cstackBANK0  0058
___fltol@sign1             cstackCOMMON 0076
___int_sp                  stack        0000
___latbits                 (abs)        0002
___lldiv                   text13       0C91
___lldiv@counter           cstackCOMMON 0077
___lldiv@dividend          cstackBANK0  0024
___lldiv@divisor           cstackBANK0  0020
___lldiv@quotient          cstackCOMMON 0073
___lwdiv                   text3        0B50
___lwdiv@counter           cstackBANK0  0020
___lwdiv@dividend          cstackCOMMON 0074
___lwdiv@divisor           cstackCOMMON 0072
___lwdiv@quotient          cstackBANK0  0021
___sp                      stack        0000
___stackhi                 (abs)        0000
___stacklo                 (abs)        0000
___wmul                    text2        0A45
___wmul@multiplicand       cstackCOMMON 0074
___wmul@multiplier         cstackCOMMON 0072
___wmul@product            cstackCOMMON 0076
___xxtofl                  text5        0F44
___xxtofl@arg              cstackBANK0  0026
___xxtofl@exp              cstackBANK0  0025
___xxtofl@sign             cstackBANK0  0024
___xxtofl@val              cstackCOMMON 0072
__end_of_I2C_Master_Init   text12       0B50
__end_of_I2C_Master_Read   text27       0A92
__end_of_I2C_Master_Start  text26       09CC
__end_of_I2C_Master_Stop   text25       09D5
__end_of_I2C_Master_Wait   text28       09EC
__end_of_I2C_Master_Write  text24       09DF
__end_of_Lcd_Clear         text21       09F9
__end_of_Lcd_Cmd           text22       0A28
__end_of_Lcd_Init          text20       0BDD
__end_of_Lcd_Port          text23       09BC
__end_of_Lcd_Set_Cursor    text19       0C35
__end_of_Lcd_Write_Char    text18       0A45
__end_of_Lcd_Write_String  text17       0ABB
__end_of__Umul8_16         text8        0AE4
__end_of___awdiv           text16       0D62
__end_of___bmul            text15       0A0E
__end_of___fladd           text9        0607
__end_of___flmul           text7        037F
__end_of___fltol           text6        0DDE
__end_of___lldiv           text13       0CF9
__end_of___lwdiv           text3        0B96
__end_of___wmul            text2        0A6A
__end_of___xxtofl          text5        1000
__end_of__initialization   cinit        001A
__end_of__stringtab        strings      0806
__end_of_contASCII         text14       07FF
__end_of_initOsc           text11       0C91
__end_of_isr               text29       09C3
__end_of_main              maintext     079C
__end_of_setup             text10       0B16
__end_of_tempASCII         text4        0F44
__end_of_voltASCII         text1        0E8E
__initialization           cinit        000F
__pbssBANK0                bssBANK0     0069
__pbssCOMMON               bssCOMMON    0079
__pcstackBANK0             cstackBANK0  0020
__pcstackCOMMON            cstackCOMMON 0070
__pintentry                intentry     0004
__pmaintext                maintext     0607
__pstrings                 strings      0800
__ptext1                   text1        0DDE
__ptext10                  text10       0AE4
__ptext11                  text11       0C35
__ptext12                  text12       0B16
__ptext13                  text13       0C91
__ptext14                  text14       079C
__ptext15                  text15       09F9
__ptext16                  text16       0CF9
__ptext17                  text17       0A92
__ptext18                  text18       0A28
__ptext19                  text19       0BDD
__ptext2                   text2        0A45
__ptext20                  text20       0B96
__ptext21                  text21       09EC
__ptext22                  text22       0A0E
__ptext23                  text23       09B6
__ptext24                  text24       09D5
__ptext25                  text25       09CC
__ptext26                  text26       09C3
__ptext27                  text27       0A6A
__ptext28                  text28       09DF
__ptext29                  text29       09BC
__ptext3                   text3        0B50
__ptext4                   text4        0E8E
__ptext5                   text5        0F44
__ptext6                   text6        0D62
__ptext7                   text7        001E
__ptext8                   text8        0ABB
__ptext9                   text9        037F
__size_of_I2C_Master_Init  (abs)        0000
__size_of_I2C_Master_Read  (abs)        0000
__size_of_I2C_Master_Start (abs)        0000
__size_of_I2C_Master_Stop  (abs)        0000
__size_of_I2C_Master_Wait  (abs)        0000
__size_of_I2C_Master_Write (abs)        0000
__size_of_Lcd_Clear        (abs)        0000
__size_of_Lcd_Cmd          (abs)        0000
__size_of_Lcd_Init         (abs)        0000
__size_of_Lcd_Port         (abs)        0000
__size_of_Lcd_Set_Cursor   (abs)        0000
__size_of_Lcd_Write_Char   (abs)        0000
__size_of_Lcd_Write_String (abs)        0000
__size_of__Umul8_16        (abs)        0000
__size_of___awdiv          (abs)        0000
__size_of___bmul           (abs)        0000
__size_of___fladd          (abs)        0000
__size_of___flmul          (abs)        0000
__size_of___fltol          (abs)        0000
__size_of___lldiv          (abs)        0000
__size_of___lwdiv          (abs)        0000
__size_of___wmul           (abs)        0000
__size_of___xxtofl         (abs)        0000
__size_of_contASCII        (abs)        0000
__size_of_initOsc          (abs)        0000
__size_of_isr              (abs)        0000
__size_of_main             (abs)        0000
__size_of_setup            (abs)        0000
__size_of_tempASCII        (abs)        0000
__size_of_voltASCII        (abs)        0000
__stringbase               strings      0805
__stringtab                strings      0800
_centenas                  bssBANK0     0069
_cont                      bssBANK0     006C
_contASCII                 text14       079C
_decenas                   bssBANK0     006A
_initOsc                   text11       0C35
_isr                       text29       09BC
_main                      maintext     0607
_setup                     text10       0AE4
_temp                      bssBANK0     006E
_tempASCII                 text4        0E8E
_unidades                  bssBANK0     006B
_varPot0                   bssBANK0     006D
_voltASCII                 text1        0DDE
btemp                      (abs)        007E
contASCII@valor            cstackBANK0  0025
contASCII@variable         cstackBANK0  0024
end_of_initialization      cinit        001A
initOsc@frec               cstackCOMMON 0074
interrupt_function         intentry     0004
intlevel0                  functab      0000
intlevel1                  functab      0000
intlevel2                  functab      0000
intlevel3                  functab      0000
intlevel4                  functab      0000
intlevel5                  functab      0000
reset_vec                  reset_vec    0000
saved_w                    (abs)        007E
start                      init         000C
start_initialization       cinit        000F
tempASCII@valor            cstackBANK0  0065
tempASCII@variable         cstackBANK0  0064
voltASCII@valor            cstackBANK0  0064
voltASCII@variable         cstackBANK0  0063
wtemp0                     (abs)        007E


MODULE INFORMATION

Module		Function		Class		Link	Load	Size
E:\Microchip\XC8\pic\sources\c90\common\xxtofl.c
		___xxtofl      		CODE           	0F44	0000	188

E:\Microchip\XC8\pic\sources\c90\common\xxtofl.c estimated size: 188

MainL4Master.c
		_contASCII     		CODE           	079C	0000	99
		_voltASCII     		CODE           	0DDE	0000	176
		_main          		CODE           	0607	0000	405
		_isr           		CODE           	09BC	0000	7
		_tempASCII     		CODE           	0E8E	0000	182
		_setup         		CODE           	0AE4	0000	50

MainL4Master.c estimated size: 919

E:\Microchip\XC8\pic\sources\c90\common\sprcadd.c
		___fladd       		CODE           	037F	0000	648

E:\Microchip\XC8\pic\sources\c90\common\sprcadd.c estimated size: 648

LCD8bits.c
		_Lcd_Write_String		CODE           	0A92	0000	41
		_Lcd_Init      		CODE           	0B96	0000	71
		_Lcd_Write_Char		CODE           	0A28	0000	29
		_Lcd_Cmd       		CODE           	0A0E	0000	26
		_Lcd_Set_Cursor		CODE           	0BDD	0000	88
		_Lcd_Clear     		CODE           	09EC	0000	13
		_Lcd_Port      		CODE           	09B6	0000	6

LCD8bits.c estimated size: 274

I2C.c
		_I2C_Master_Read		CODE           	0A6A	0000	40
		_I2C_Master_Wait		CODE           	09DF	0000	13
		_I2C_Master_Init		CODE           	0B16	0000	58
		_I2C_Master_Stop		CODE           	09CC	0000	9
		_I2C_Master_Write		CODE           	09D5	0000	10
		_I2C_Master_Start		CODE           	09C3	0000	9

I2C.c estimated size: 139

E:\Microchip\XC8\pic\sources\c90\common\Umul16.c
		___wmul        		CODE           	0A45	0000	37

E:\Microchip\XC8\pic\sources\c90\common\Umul16.c estimated size: 37

E:\Microchip\XC8\pic\sources\c90\common\lwdiv.c
		___lwdiv       		CODE           	0B50	0000	70

E:\Microchip\XC8\pic\sources\c90\common\lwdiv.c estimated size: 70

E:\Microchip\XC8\pic\sources\c90\common\awdiv.c
		___awdiv       		CODE           	0CF9	0000	105

E:\Microchip\XC8\pic\sources\c90\common\awdiv.c estimated size: 105

E:\Microchip\XC8\pic\sources\c90\common\Umul8_16.c
		__Umul8_16     		CODE           	0ABB	0000	41

E:\Microchip\XC8\pic\sources\c90\common\Umul8_16.c estimated size: 41

E:\Microchip\XC8\pic\sources\c90\common\fltol.c
		___fltol       		CODE           	0D62	0000	124

E:\Microchip\XC8\pic\sources\c90\common\fltol.c estimated size: 124

shared
		__stringtab    		STRING         	0800	0000	6
		__initialization		CODE           	000F	0000	11

shared estimated size: 17

E:\Microchip\XC8\pic\sources\c90\common\Umul8.c
		___bmul        		CODE           	09F9	0000	21

E:\Microchip\XC8\pic\sources\c90\common\Umul8.c estimated size: 21

E:\Microchip\XC8\pic\sources\c90\common\sprcmul.c
		___flmul       		CODE           	001E	0000	865

E:\Microchip\XC8\pic\sources\c90\common\sprcmul.c estimated size: 865

E:\Microchip\XC8\pic\sources\c90\common\__lldiv.c
		___lldiv       		CODE           	0C91	0000	104

E:\Microchip\XC8\pic\sources\c90\common\__lldiv.c estimated size: 104

./my_lib.h
		_initOsc       		CODE           	0C35	0000	92

./my_lib.h estimated size: 92

